<?xml version="1.0" encoding="utf-8"?>
<TestRun id="d6c2cbe8-8ced-4410-b185-91e5d5d36c40" name="Administrator@YOKIIRONETBOOK 2026-09-13 18:32:26" runUser="YOKIIRONETBOOK\Administrator" xmlns="http://microsoft.com/schemas/VisualStudio/TeamTest/2010">
  <Times creation="2026-09-13T18:32:26.5529217+08:00" queuing="2026-09-13T18:32:26.5529218+08:00" start="2026-09-13T18:32:26.0099570+08:00" finish="2026-09-13T18:32:31.2333157+08:00" />
  <TestSettings name="default" id="cc7e9e27-f407-49d7-8560-e239716d675c">
    <Deployment runDeploymentRoot="Administrator_YOKIIRONETBOOK_2026-09-13_18_32_26" />
  </TestSettings>
  <Results>
    <UnitTestResult executionId="a17ae41c-6303-4254-b214-fd951d760c91" testId="16e42500-d57c-8267-b4f6-e90d84d3de2d" testName="StateSecretsAndConfiguredSourcesCannotCrossBoundaries" computerName="YOKIIRONETBOOK" duration="00:00:00.0353489" startTime="2026-09-13T18:32:26.6760772+08:00" endTime="2026-09-13T18:32:26.7114930+08:00" testType="13cdc9d9-ddb5-4fa4-a97d-d965ccfc6d4b" outcome="Passed" testListId="8c84fa94-04c1-424b-9868-57a2d4851a1d" relativeResultsDirectory="a17ae41c-6303-4254-b214-fd951d760c91" />
    <UnitTestResult executionId="4b97d73e-9a88-453a-9969-5acda310c5e5" testId="1ee868ef-4e3a-84b7-83f0-a4933dbcabbc" testName="EcdsaTlsKeysAreRejectedBeforeDataProtectionCanFail" computerName="YOKIIRONETBOOK" duration="00:00:00.1605062" startTime="2026-09-13T18:32:26.5596987+08:00" endTime="2026-09-13T18:32:26.7202967+08:00" testType="13cdc9d9-ddb5-4fa4-a97d-d965ccfc6d4b" outcome="Passed" testListId="8c84fa94-04c1-424b-9868-57a2d4851a1d" relativeResultsDirectory="4b97d73e-9a88-453a-9969-5acda310c5e5" />
    <UnitTestResult executionId="7a06b466-975f-4d5a-85fb-89d5e8e7453e" testId="193c51cd-3f42-88f3-802c-33b7794afdd2" testName="NonRunCommandsDoNotReadDatabaseSecrets" computerName="YOKIIRONETBOOK" duration="00:00:00.0003274" startTime="2026-09-13T18:32:26.5332053+08:00" endTime="2026-09-13T18:32:26.5335782+08:00" testType="13cdc9d9-ddb5-4fa4-a97d-d965ccfc6d4b" outcome="Passed" testListId="8c84fa94-04c1-424b-9868-57a2d4851a1d" relativeResultsDirectory="7a06b466-975f-4d5a-85fb-89d5e8e7453e" />
    <UnitTestResult executionId="0e9cfe2e-7a66-4d0b-9c2e-3551b6e5baef" testId="1c2ea484-d955-8f39-92f3-4ef7c0c89020" testName="InsecureOrAmbiguousOriginsAreRejected (&quot;http://localhost:7443&quot;)" computerName="YOKIIRONETBOOK" duration="00:00:00.0356404" startTime="2026-09-13T18:32:26.6125892+08:00" endTime="2026-09-13T18:32:26.6483225+08:00" testType="13cdc9d9-ddb5-4fa4-a97d-d965ccfc6d4b" outcome="Passed" testListId="8c84fa94-04c1-424b-9868-57a2d4851a1d" relativeResultsDirectory="0e9cfe2e-7a66-4d0b-9c2e-3551b6e5baef" />
    <UnitTestResult executionId="99510095-8b36-43a8-b87d-8c6050efc02c" testId="113044ef-4514-8f45-aa04-bf4cc73f93fe" testName="CertificateHistoryHasABoundAndCannotReferenceAssetStorage" computerName="YOKIIRONETBOOK" duration="00:00:00.0805884" startTime="2026-09-13T18:32:26.5722788+08:00" endTime="2026-09-13T18:32:26.6529244+08:00" testType="13cdc9d9-ddb5-4fa4-a97d-d965ccfc6d4b" outcome="Passed" testListId="8c84fa94-04c1-424b-9868-57a2d4851a1d" relativeResultsDirectory="99510095-8b36-43a8-b87d-8c6050efc02c" />
    <UnitTestResult executionId="dd495575-5f2e-441f-b503-a863ffc843f9" testId="1181b343-6348-88ca-9291-bc892d817f8d" testName="PortMustStayInsideUnprivilegedDecimalRange (&quot;five&quot;)" computerName="YOKIIRONETBOOK" duration="00:00:00.0185172" startTime="2026-09-13T18:32:26.5279064+08:00" endTime="2026-09-13T18:32:26.5464808+08:00" testType="13cdc9d9-ddb5-4fa4-a97d-d965ccfc6d4b" outcome="Passed" testListId="8c84fa94-04c1-424b-9868-57a2d4851a1d" relativeResultsDirectory="dd495575-5f2e-441f-b503-a863ffc843f9" />
    <UnitTestResult executionId="d3b66e79-b002-4fa4-b8f7-ee3377be3d01" testId="16c0ab35-a538-8a11-a413-adbc76dda94d" testName="ConfigurationReadableByOtherUsersIsRejected" computerName="YOKIIRONETBOOK" duration="00:00:00.0087312" startTime="2026-09-13T18:32:26.7131343+08:00" endTime="2026-09-13T18:32:26.7219026+08:00" testType="13cdc9d9-ddb5-4fa4-a97d-d965ccfc6d4b" outcome="Passed" testListId="8c84fa94-04c1-424b-9868-57a2d4851a1d" relativeResultsDirectory="d3b66e79-b002-4fa4-b8f7-ee3377be3d01" />
    <UnitTestResult executionId="40045eb1-a928-420e-a335-605e770f7829" testId="150a6f4e-a817-8dc1-b758-8f5b65261dac" testName="LocalProbePreservesPublicAuthorityAndRejectsWrongIdentityOrCertificate" computerName="YOKIIRONETBOOK" duration="00:00:00.4662501" startTime="2026-09-13T18:32:26.7150183+08:00" endTime="2026-09-13T18:32:27.1813600+08:00" testType="13cdc9d9-ddb5-4fa4-a97d-d965ccfc6d4b" outcome="Passed" testListId="8c84fa94-04c1-424b-9868-57a2d4851a1d" relativeResultsDirectory="40045eb1-a928-420e-a335-605e770f7829" />
    <UnitTestResult executionId="6a5ff82f-ca26-4f34-8aa4-519a086ad7ec" testId="163c4fa0-fe40-8fc1-aada-629c645c3ba2" testName="BuildInfoContainsOnlyBoundedNonHostSpecificFacts" computerName="YOKIIRONETBOOK" duration="00:00:00.0079137" startTime="2026-09-13T18:32:26.5095283+08:00" endTime="2026-09-13T18:32:26.5174809+08:00" testType="13cdc9d9-ddb5-4fa4-a97d-d965ccfc6d4b" outcome="Passed" testListId="8c84fa94-04c1-424b-9868-57a2d4851a1d" relativeResultsDirectory="6a5ff82f-ca26-4f34-8aa4-519a086ad7ec" />
    <UnitTestResult executionId="bf095ebb-9ac9-4211-a6bb-a6570fbab9c2" testId="11fb5ffe-07eb-8783-ad6e-2e768a0a4fe2" testName="DatabaseReadinessConnectionIsEnvironmentOnlyAndRedacted" computerName="YOKIIRONETBOOK" duration="00:00:00.0294510" startTime="2026-09-13T18:32:26.5301908+08:00" endTime="2026-09-13T18:32:26.5596796+08:00" testType="13cdc9d9-ddb5-4fa4-a97d-d965ccfc6d4b" outcome="Passed" testListId="8c84fa94-04c1-424b-9868-57a2d4851a1d" relativeResultsDirectory="bf095ebb-9ac9-4211-a6bb-a6570fbab9c2" />
    <UnitTestResult executionId="db140a53-6116-4d8f-a223-5e03ec177c8d" testId="1250edb8-8ae7-8868-9c06-23e00eafbe70" testName="OperatorInputRejectsOversizeAmbiguousAndMissingFields" computerName="YOKIIRONETBOOK" duration="00:00:00.0082775" startTime="2026-09-13T18:32:26.5465021+08:00" endTime="2026-09-13T18:32:26.5548365+08:00" testType="13cdc9d9-ddb5-4fa4-a97d-d965ccfc6d4b" outcome="Passed" testListId="8c84fa94-04c1-424b-9868-57a2d4851a1d" relativeResultsDirectory="db140a53-6116-4d8f-a223-5e03ec177c8d" />
    <UnitTestResult executionId="614b2e1f-0dac-44a7-a33a-6f926615cd08" testId="13d6a3cf-5018-8105-961d-3cf75698b3d5" testName="ManifestParserRejectsInvalidSequenceAndChecksum" computerName="YOKIIRONETBOOK" duration="00:00:00.0618070" startTime="2026-09-13T18:32:26.4355823+08:00" endTime="2026-09-13T18:32:26.5156642+08:00" testType="13cdc9d9-ddb5-4fa4-a97d-d965ccfc6d4b" outcome="Passed" testListId="8c84fa94-04c1-424b-9868-57a2d4851a1d" relativeResultsDirectory="614b2e1f-0dac-44a7-a33a-6f926615cd08" />
    <UnitTestResult executionId="c47979c0-85ea-402a-8d22-863a28fd0c9d" testId="19236e60-732f-8499-a521-ea5fcaa1ad61" testName="BindAndProbeAddressesAreLiteralAndProbeRemainsLoopback" computerName="YOKIIRONETBOOK" duration="00:00:00.0201513" startTime="2026-09-13T18:32:26.5280549+08:00" endTime="2026-09-13T18:32:26.5482639+08:00" testType="13cdc9d9-ddb5-4fa4-a97d-d965ccfc6d4b" outcome="Passed" testListId="8c84fa94-04c1-424b-9868-57a2d4851a1d" relativeResultsDirectory="c47979c0-85ea-402a-8d22-863a28fd0c9d" />
    <UnitTestResult executionId="0aabebc4-8e31-456e-920a-c0262621dd51" testId="1332b792-60c5-8c27-ba0f-91bd76896da0" testName="RemoteDatabaseRequiresVerifiedTlsAndRuntimeSettingsRemainBounded" computerName="YOKIIRONETBOOK" duration="00:00:00.0015251" startTime="2026-09-13T18:32:26.7115420+08:00" endTime="2026-09-13T18:32:26.7131142+08:00" testType="13cdc9d9-ddb5-4fa4-a97d-d965ccfc6d4b" outcome="Passed" testListId="8c84fa94-04c1-424b-9868-57a2d4851a1d" relativeResultsDirectory="0aabebc4-8e31-456e-920a-c0262621dd51" />
    <UnitTestResult executionId="84f80adc-1cfd-4a4a-9ca2-5d0dbfba25e6" testId="117f4f72-fa05-86fb-b85b-4b75165fde95" testName="InvalidDatabaseReadinessConfigurationFailsClosed (&quot;Host=127.0.0.1;Username=runtime&quot;)" computerName="YOKIIRONETBOOK" duration="00:00:00.0328480" startTime="2026-09-13T18:32:26.5314922+08:00" endTime="2026-09-13T18:32:26.5644051+08:00" testType="13cdc9d9-ddb5-4fa4-a97d-d965ccfc6d4b" outcome="Passed" testListId="8c84fa94-04c1-424b-9868-57a2d4851a1d" relativeResultsDirectory="84f80adc-1cfd-4a4a-9ca2-5d0dbfba25e6" />
    <UnitTestResult executionId="2af220e6-d5f5-4713-ba6f-2019edd09dac" testId="14ebb846-8cdb-8d77-bce1-d8c0f0e0a456" testName="DependencyOutageDoesNotClearCookieOrPretendLogoutSucceeded" computerName="YOKIIRONETBOOK" duration="00:00:02.5535309" startTime="2026-09-13T18:32:26.5578832+08:00" endTime="2026-09-13T18:32:29.1114632+08:00" testType="13cdc9d9-ddb5-4fa4-a97d-d965ccfc6d4b" outcome="Passed" testListId="8c84fa94-04c1-424b-9868-57a2d4851a1d" relativeResultsDirectory="2af220e6-d5f5-4713-ba6f-2019edd09dac" />
    <UnitTestResult executionId="c12e2367-4c66-41f0-83de-1a7970b5face" testId="1e7307ba-4a9e-8f5b-a76d-2b8389f24d6c" testName="CancelledOperatorInputPropagatesCancellation" computerName="YOKIIRONETBOOK" duration="00:00:00.0114188" startTime="2026-09-13T18:32:26.5479049+08:00" endTime="2026-09-13T18:32:26.5593556+08:00" testType="13cdc9d9-ddb5-4fa4-a97d-d965ccfc6d4b" outcome="Passed" testListId="8c84fa94-04c1-424b-9868-57a2d4851a1d" relativeResultsDirectory="c12e2367-4c66-41f0-83de-1a7970b5face" />
    <UnitTestResult executionId="5499a1c1-420f-4898-8ce5-5e26996c0d25" testId="124158bd-a01c-84ef-b3c7-76747bd01b62" testName="UnknownConfigurationFieldsAreRejected" computerName="YOKIIRONETBOOK" duration="00:00:00.0097096" startTime="2026-09-13T18:32:26.7125378+08:00" endTime="2026-09-13T18:32:26.7222858+08:00" testType="13cdc9d9-ddb5-4fa4-a97d-d965ccfc6d4b" outcome="Passed" testListId="8c84fa94-04c1-424b-9868-57a2d4851a1d" relativeResultsDirectory="5499a1c1-420f-4898-8ce5-5e26996c0d25" />
    <UnitTestResult executionId="15bbfdf4-9bf1-4b5d-aa64-3109bef567c4" testId="1d745ba3-4d98-8d53-b075-09302dd8078c" testName="PortMustStayInsideUnprivilegedDecimalRange (&quot;0&quot;)" computerName="YOKIIRONETBOOK" duration="00:00:00.0189673" startTime="2026-09-13T18:32:26.5122564+08:00" endTime="2026-09-13T18:32:26.5351550+08:00" testType="13cdc9d9-ddb5-4fa4-a97d-d965ccfc6d4b" outcome="Passed" testListId="8c84fa94-04c1-424b-9868-57a2d4851a1d" relativeResultsDirectory="15bbfdf4-9bf1-4b5d-aa64-3109bef567c4" />
    <UnitTestResult executionId="6629efa9-e499-43e1-a11c-262d2229f20c" testId="1d00d32d-9674-81a1-9a55-953c3313ef72" testName="HostWrapperHasEntryPointAndCoreLibraryRemainsInert" computerName="YOKIIRONETBOOK" duration="00:00:00.0005895" startTime="2026-09-13T18:32:26.5104177+08:00" endTime="2026-09-13T18:32:26.5110509+08:00" testType="13cdc9d9-ddb5-4fa4-a97d-d965ccfc6d4b" outcome="Passed" testListId="8c84fa94-04c1-424b-9868-57a2d4851a1d" relativeResultsDirectory="6629efa9-e499-43e1-a11c-262d2229f20c" />
    <UnitTestResult executionId="d0519cb7-de18-44e8-96fe-2a4bbed69bfe" testId="1fd841bd-c7dc-86f9-919d-507968807418" testName="StateBoundaryProbeWritesAndLeavesNoFileBehind" computerName="YOKIIRONETBOOK" duration="00:00:00.0384618" startTime="2026-09-13T18:32:26.4353458+08:00" endTime="2026-09-13T18:32:26.5109824+08:00" testType="13cdc9d9-ddb5-4fa4-a97d-d965ccfc6d4b" outcome="Passed" testListId="8c84fa94-04c1-424b-9868-57a2d4851a1d" relativeResultsDirectory="d0519cb7-de18-44e8-96fe-2a4bbed69bfe" />
    <UnitTestResult executionId="86dbabe7-be3b-42c0-b1f5-f03ed8281f42" testId="15c25f04-f2e6-855e-a5db-6d2d7ef62f33" testName="InvalidDatabaseReadinessConfigurationFailsClosed (&quot;Database=assetlibrary;Username=runtime&quot;)" computerName="YOKIIRONETBOOK" duration="00:00:00.0250399" startTime="2026-09-13T18:32:26.5327423+08:00" endTime="2026-09-13T18:32:26.5578395+08:00" testType="13cdc9d9-ddb5-4fa4-a97d-d965ccfc6d4b" outcome="Passed" testListId="8c84fa94-04c1-424b-9868-57a2d4851a1d" relativeResultsDirectory="86dbabe7-be3b-42c0-b1f5-f03ed8281f42" />
    <UnitTestResult executionId="59e819eb-da9d-46c8-9ab8-c7e9291acac5" testId="1e1156b9-d5be-8cbf-b6ab-4f19ef323f02" testName="InvalidDatabaseReadinessConfigurationFailsClosed (&quot;Host=127.0.0.1;Database=assetlibrary;Username=runtime;Options=-c statement_timeout=0&quot;)" computerName="YOKIIRONETBOOK" duration="00:00:00.0250016" startTime="2026-09-13T18:32:26.5327657+08:00" endTime="2026-09-13T18:32:26.5579271+08:00" testType="13cdc9d9-ddb5-4fa4-a97d-d965ccfc6d4b" outcome="Passed" testListId="8c84fa94-04c1-424b-9868-57a2d4851a1d" relativeResultsDirectory="59e819eb-da9d-46c8-9ab8-c7e9291acac5" />
    <UnitTestResult executionId="65b28e4f-8ee0-4943-b5a4-e13632262e48" testId="11e6e7d4-b69a-86c5-9e3f-453f835bb701" testName="InsecureOrAmbiguousOriginsAreRejected (&quot;https://localhost:443&quot;)" computerName="YOKIIRONETBOOK" duration="00:00:00.0119751" startTime="2026-09-13T18:32:26.6639862+08:00" endTime="2026-09-13T18:32:26.6760232+08:00" testType="13cdc9d9-ddb5-4fa4-a97d-d965ccfc6d4b" outcome="Passed" testListId="8c84fa94-04c1-424b-9868-57a2d4851a1d" relativeResultsDirectory="65b28e4f-8ee0-4943-b5a4-e13632262e48" />
    <UnitTestResult executionId="0566249a-d266-4553-b2d8-48c724eccfdc" testId="13b804b7-0d28-855c-a9dc-151df3202cbf" testName="InsecureOrAmbiguousOriginsAreRejected (&quot;https://user@localhost:7443&quot;)" computerName="YOKIIRONETBOOK" duration="00:00:00.0164768" startTime="2026-09-13T18:32:26.6599077+08:00" endTime="2026-09-13T18:32:26.6764222+08:00" testType="13cdc9d9-ddb5-4fa4-a97d-d965ccfc6d4b" outcome="Passed" testListId="8c84fa94-04c1-424b-9868-57a2d4851a1d" relativeResultsDirectory="0566249a-d266-4553-b2d8-48c724eccfdc" />
    <UnitTestResult executionId="0daea338-3ea4-4f5c-a14f-800ce15c89a8" testId="14f3e8c2-da22-808a-87fb-7497eceebb26" testName="PrivateConfigurationLoadsWithoutChangingAssets" computerName="YOKIIRONETBOOK" duration="00:00:00.1164334" startTime="2026-09-13T18:32:26.5747172+08:00" endTime="2026-09-13T18:32:26.6912876+08:00" testType="13cdc9d9-ddb5-4fa4-a97d-d965ccfc6d4b" outcome="Passed" testListId="8c84fa94-04c1-424b-9868-57a2d4851a1d" relativeResultsDirectory="0daea338-3ea4-4f5c-a14f-800ce15c89a8" />
    <UnitTestResult executionId="554af548-816a-47b7-8fc9-8583fdcf8880" testId="115e35d9-f96d-879d-8b15-7df9c8cfda43" testName="SourceIdentityAndKeyAreDeploymentOwnedAndUnique" computerName="YOKIIRONETBOOK" duration="00:00:00.0376988" startTime="2026-09-13T18:32:26.6764532+08:00" endTime="2026-09-13T18:32:26.7141808+08:00" testType="13cdc9d9-ddb5-4fa4-a97d-d965ccfc6d4b" outcome="Passed" testListId="8c84fa94-04c1-424b-9868-57a2d4851a1d" relativeResultsDirectory="554af548-816a-47b7-8fc9-8583fdcf8880" />
    <UnitTestResult executionId="29004b15-cc60-4640-93ca-bd7ca11af724" testId="101f7f6b-e8f0-85be-8349-47a9f57bacef" testName="AcceptsOnlyMatchingBoundedHealthContract" computerName="YOKIIRONETBOOK" duration="00:00:00.0186732" startTime="2026-09-13T18:32:26.4355661+08:00" endTime="2026-09-13T18:32:26.4789502+08:00" testType="13cdc9d9-ddb5-4fa4-a97d-d965ccfc6d4b" outcome="Passed" testListId="8c84fa94-04c1-424b-9868-57a2d4851a1d" relativeResultsDirectory="29004b15-cc60-4640-93ca-bd7ca11af724" />
    <UnitTestResult executionId="71fec5dc-fba7-4e00-a045-9f9782c67319" testId="13a9fe4e-4b42-85fa-a719-0d0813e24c11" testName="CsrfAndCurrentAdministratorAreRequiredAndControlFailuresKeepAssetLinkEnvelopes" computerName="YOKIIRONETBOOK" duration="00:00:02.5609028" startTime="2026-09-13T18:32:26.5548856+08:00" endTime="2026-09-13T18:32:29.1158407+08:00" testType="13cdc9d9-ddb5-4fa4-a97d-d965ccfc6d4b" outcome="Passed" testListId="8c84fa94-04c1-424b-9868-57a2d4851a1d" relativeResultsDirectory="71fec5dc-fba7-4e00-a045-9f9782c67319" />
    <UnitTestResult executionId="124245be-ae12-4042-8677-268208c8ee7b" testId="11c1c751-4ec8-8885-9984-5e9be3faa68a" testName="PortMustStayInsideUnprivilegedDecimalRange (&quot;+5080&quot;)" computerName="YOKIIRONETBOOK" duration="00:00:00.0182693" startTime="2026-09-13T18:32:26.5266645+08:00" endTime="2026-09-13T18:32:26.5450312+08:00" testType="13cdc9d9-ddb5-4fa4-a97d-d965ccfc6d4b" outcome="Passed" testListId="8c84fa94-04c1-424b-9868-57a2d4851a1d" relativeResultsDirectory="124245be-ae12-4042-8677-268208c8ee7b" />
    <UnitTestResult executionId="7ae38701-c5f7-42f4-84d7-89019414c6e2" testId="10a88c6b-30cb-8096-9887-f6b9a3f290a0" testName="InsecureOrAmbiguousOriginsAreRejected (&quot;https://localhost:7443/path&quot;)" computerName="YOKIIRONETBOOK" duration="00:00:00.0100064" startTime="2026-09-13T18:32:26.6483788+08:00" endTime="2026-09-13T18:32:26.6584667+08:00" testType="13cdc9d9-ddb5-4fa4-a97d-d965ccfc6d4b" outcome="Passed" testListId="8c84fa94-04c1-424b-9868-57a2d4851a1d" relativeResultsDirectory="7ae38701-c5f7-42f4-84d7-89019414c6e2" />
    <UnitTestResult executionId="e2efb108-b3bc-4702-a996-124c9c6efbbc" testId="1b6c0434-0482-8a34-a732-6ad4e7eec6ec" testName="BoundAndCancellationAreEnforcedBeforeUsingConfiguration" computerName="YOKIIRONETBOOK" duration="00:00:00.0211261" startTime="2026-09-13T18:32:26.6913404+08:00" endTime="2026-09-13T18:32:26.7125175+08:00" testType="13cdc9d9-ddb5-4fa4-a97d-d965ccfc6d4b" outcome="Passed" testListId="8c84fa94-04c1-424b-9868-57a2d4851a1d" relativeResultsDirectory="e2efb108-b3bc-4702-a996-124c9c6efbbc" />
    <UnitTestResult executionId="a81b1a95-e4e9-4f05-814d-2c5fabe52c38" testId="1f274c01-f5f1-8ffc-bc01-96a4595c346b" testName="MalformedOversizedAndDuplicateLoginFieldsNeverReachCredentialLookup" computerName="YOKIIRONETBOOK" duration="00:00:02.4888716" startTime="2026-09-13T18:32:26.5593737+08:00" endTime="2026-09-13T18:32:29.0483044+08:00" testType="13cdc9d9-ddb5-4fa4-a97d-d965ccfc6d4b" outcome="Passed" testListId="8c84fa94-04c1-424b-9868-57a2d4851a1d" relativeResultsDirectory="a81b1a95-e4e9-4f05-814d-2c5fabe52c38" />
    <UnitTestResult executionId="ebb792f3-6329-405a-83f2-121f775350fb" testId="1de8b9e2-17c7-8216-a5c6-a1b7a2d7dfb4" testName="PortMustStayInsideUnprivilegedDecimalRange (&quot;80&quot;)" computerName="YOKIIRONETBOOK" duration="00:00:00.0216547" startTime="2026-09-13T18:32:26.5161681+08:00" endTime="2026-09-13T18:32:26.5378869+08:00" testType="13cdc9d9-ddb5-4fa4-a97d-d965ccfc6d4b" outcome="Passed" testListId="8c84fa94-04c1-424b-9868-57a2d4851a1d" relativeResultsDirectory="ebb792f3-6329-405a-83f2-121f775350fb" />
    <UnitTestResult executionId="569cfb7c-ef3a-4187-a9e4-61688e9b67a8" testId="11e01a7a-7779-801a-bf4d-8260693060cf" testName="StateValidatorRejectsWrongServerAndBootstrap" computerName="YOKIIRONETBOOK" duration="00:00:00.0683978" startTime="2026-09-13T18:32:26.4353143+08:00" endTime="2026-09-13T18:32:26.5222351+08:00" testType="13cdc9d9-ddb5-4fa4-a97d-d965ccfc6d4b" outcome="Passed" testListId="8c84fa94-04c1-424b-9868-57a2d4851a1d" relativeResultsDirectory="569cfb7c-ef3a-4187-a9e4-61688e9b67a8" />
    <UnitTestResult executionId="11ce9ecc-2a7f-4ebf-9ca0-1688268f3fb8" testId="1665efca-a7a1-8b9e-9e00-7db757f960c7" testName="InvalidDatabaseReadinessConfigurationFailsClosed (&quot;&quot;)" computerName="YOKIIRONETBOOK" duration="00:00:00.0185535" startTime="2026-09-13T18:32:26.5307425+08:00" endTime="2026-09-13T18:32:26.5493361+08:00" testType="13cdc9d9-ddb5-4fa4-a97d-d965ccfc6d4b" outcome="Passed" testListId="8c84fa94-04c1-424b-9868-57a2d4851a1d" relativeResultsDirectory="11ce9ecc-2a7f-4ebf-9ca0-1688268f3fb8" />
    <UnitTestResult executionId="278652e6-323b-48f4-a5c4-0795bbfe86f1" testId="195a24d5-8b6a-8a24-9c38-e408f503981e" testName="RequestTrustRejectsHostHttpAndAmbiguousOrigin" computerName="YOKIIRONETBOOK" duration="00:00:00.0394618" startTime="2026-09-13T18:32:26.5351803+08:00" endTime="2026-09-13T18:32:26.5746915+08:00" testType="13cdc9d9-ddb5-4fa4-a97d-d965ccfc6d4b" outcome="Passed" testListId="8c84fa94-04c1-424b-9868-57a2d4851a1d" relativeResultsDirectory="278652e6-323b-48f4-a5c4-0795bbfe86f1" />
    <UnitTestResult executionId="f2f798ac-1d52-4638-8233-1e00dd1e7c0d" testId="14887382-5544-8dce-bf20-9dee47ebb8bb" testName="InvalidDatabaseReadinessConfigurationFailsClosed (&quot;Host=127.0.0.1;Database=assetlibrary&quot;)" computerName="YOKIIRONETBOOK" duration="00:00:00.0265014" startTime="2026-09-13T18:32:26.5313019+08:00" endTime="2026-09-13T18:32:26.5578484+08:00" testType="13cdc9d9-ddb5-4fa4-a97d-d965ccfc6d4b" outcome="Passed" testListId="8c84fa94-04c1-424b-9868-57a2d4851a1d" relativeResultsDirectory="f2f798ac-1d52-4638-8233-1e00dd1e7c0d" />
    <UnitTestResult executionId="acb0c80f-ce2f-49be-b702-1fdfda1558f7" testId="176e6166-092c-893b-9207-b8c6267c1367" testName="GlobalWindowIsBoundedAndRejectsBeforeParsingOrPasswordWork" computerName="YOKIIRONETBOOK" duration="00:00:02.5306527" startTime="2026-09-13T18:32:26.5379270+08:00" endTime="2026-09-13T18:32:29.0686666+08:00" testType="13cdc9d9-ddb5-4fa4-a97d-d965ccfc6d4b" outcome="Passed" testListId="8c84fa94-04c1-424b-9868-57a2d4851a1d" relativeResultsDirectory="acb0c80f-ce2f-49be-b702-1fdfda1558f7" />
    <UnitTestResult executionId="e9c5b958-181f-4a83-98de-c3731ce8db03" testId="13e0e270-8968-833b-b786-2f99b4451829" testName="ConcurrencyLimitHasTwoPermitsAndNoQueue" computerName="YOKIIRONETBOOK" duration="00:00:00.0057775" startTime="2026-09-13T18:32:26.5392548+08:00" endTime="2026-09-13T18:32:26.5450791+08:00" testType="13cdc9d9-ddb5-4fa4-a97d-d965ccfc6d4b" outcome="Passed" testListId="8c84fa94-04c1-424b-9868-57a2d4851a1d" relativeResultsDirectory="e9c5b958-181f-4a83-98de-c3731ce8db03" />
    <UnitTestResult executionId="8abebbf0-9d8f-47c4-a618-85c3e0d5d6c8" testId="1c0ea979-cf76-85ea-b4cd-236ca6351042" testName="InsecureOrAmbiguousOriginsAreRejected (&quot;https://localhost:7443/#fragment&quot;)" computerName="YOKIIRONETBOOK" duration="00:00:00.0045760" startTime="2026-09-13T18:32:26.6585020+08:00" endTime="2026-09-13T18:32:26.6631186+08:00" testType="13cdc9d9-ddb5-4fa4-a97d-d965ccfc6d4b" outcome="Passed" testListId="8c84fa94-04c1-424b-9868-57a2d4851a1d" relativeResultsDirectory="8abebbf0-9d8f-47c4-a618-85c3e0d5d6c8" />
    <UnitTestResult executionId="32e3f1c5-4d41-453a-a1e1-b8b92448f75a" testId="16c8212b-358e-8ed7-a2a6-f6eb215ea147" testName="RejectsMalformedAndOversizeResponses" computerName="YOKIIRONETBOOK" duration="00:00:00.0247869" startTime="2026-09-13T18:32:26.4353417+08:00" endTime="2026-09-13T18:32:26.4784385+08:00" testType="13cdc9d9-ddb5-4fa4-a97d-d965ccfc6d4b" outcome="Passed" testListId="8c84fa94-04c1-424b-9868-57a2d4851a1d" relativeResultsDirectory="32e3f1c5-4d41-453a-a1e1-b8b92448f75a" />
    <UnitTestResult executionId="1970ff54-6a7f-4b88-8b7f-e8e1612c8f27" testId="17c29038-f825-8ad7-a643-124e8ca2ebde" testName="PortMustStayInsideUnprivilegedDecimalRange (&quot;65536&quot;)" computerName="YOKIIRONETBOOK" duration="00:00:00.0207450" startTime="2026-09-13T18:32:26.5175193+08:00" endTime="2026-09-13T18:32:26.5383069+08:00" testType="13cdc9d9-ddb5-4fa4-a97d-d965ccfc6d4b" outcome="Passed" testListId="8c84fa94-04c1-424b-9868-57a2d4851a1d" relativeResultsDirectory="1970ff54-6a7f-4b88-8b7f-e8e1612c8f27" />
    <UnitTestResult executionId="4f990634-c887-4f44-bafa-4dbfddcf1b1d" testId="1e5dcdbb-5f8e-8aec-8e46-88bd5b6c7063" testName="OriginAndFetchMetadataRejectionsHappenBeforePasswordLookup" computerName="YOKIIRONETBOOK" duration="00:00:02.5165773" startTime="2026-09-13T18:32:26.5493555+08:00" endTime="2026-09-13T18:32:29.0659846+08:00" testType="13cdc9d9-ddb5-4fa4-a97d-d965ccfc6d4b" outcome="Passed" testListId="8c84fa94-04c1-424b-9868-57a2d4851a1d" relativeResultsDirectory="4f990634-c887-4f44-bafa-4dbfddcf1b1d" />
    <UnitTestResult executionId="a84e9b68-4139-42b2-905f-ad11d9385534" testId="1061c447-f233-862a-9086-f1b3a7edba60" testName="BuildInfoCannotBeCombinedAndHealthProbeNeedsNoStatePath" computerName="YOKIIRONETBOOK" duration="00:00:00.0016602" startTime="2026-09-13T18:32:26.5284066+08:00" endTime="2026-09-13T18:32:26.5301052+08:00" testType="13cdc9d9-ddb5-4fa4-a97d-d965ccfc6d4b" outcome="Passed" testListId="8c84fa94-04c1-424b-9868-57a2d4851a1d" relativeResultsDirectory="a84e9b68-4139-42b2-905f-ad11d9385534" />
    <UnitTestResult executionId="f9fd2457-111d-49a0-905e-16699c94b682" testId="158183c2-becb-8f2b-9f85-4e2da70b19bc" testName="LogoutRevokesServerSessionAndReplayedCookieIsRejectedAndRemoved" computerName="YOKIIRONETBOOK" duration="00:00:02.5566783" startTime="2026-09-13T18:32:26.5587425+08:00" endTime="2026-09-13T18:32:29.1154628+08:00" testType="13cdc9d9-ddb5-4fa4-a97d-d965ccfc6d4b" outcome="Passed" testListId="8c84fa94-04c1-424b-9868-57a2d4851a1d" relativeResultsDirectory="f9fd2457-111d-49a0-905e-16699c94b682" />
    <UnitTestResult executionId="f26aa3d9-4d91-4fb0-9ff4-1aa2c4476c73" testId="13a2476d-60a3-860e-83a4-a3eb30d13d7f" testName="EmbeddedManifestMatchesCurrentProductionContract" computerName="YOKIIRONETBOOK" duration="00:00:00.0701436" startTime="2026-09-13T18:32:26.4353073+08:00" endTime="2026-09-13T18:32:26.5242924+08:00" testType="13cdc9d9-ddb5-4fa4-a97d-d965ccfc6d4b" outcome="Passed" testListId="8c84fa94-04c1-424b-9868-57a2d4851a1d" relativeResultsDirectory="f26aa3d9-4d91-4fb0-9ff4-1aa2c4476c73" />
    <UnitTestResult executionId="9c773547-e2cf-443b-ba9d-b20765fbf4a2" testId="177316cb-06ab-8a80-8595-d838bb12df4d" testName="CertificateRenewalCanDecryptExistingDataWithAnExplicitRetainedKey" computerName="YOKIIRONETBOOK" duration="00:00:02.4931299" startTime="2026-09-13T18:32:26.5644592+08:00" endTime="2026-09-13T18:32:29.0576739+08:00" testType="13cdc9d9-ddb5-4fa4-a97d-d965ccfc6d4b" outcome="Passed" testListId="8c84fa94-04c1-424b-9868-57a2d4851a1d" relativeResultsDirectory="9c773547-e2cf-443b-ba9d-b20765fbf4a2" />
    <UnitTestResult executionId="ea809b7d-a6e8-491e-b0f5-0abad3d9b4dc" testId="14909d3d-ac5b-8ac4-ab2d-b9e7f6384bd3" testName="StateValidatorAcceptsOnlyAnExactCompleteLedger" computerName="YOKIIRONETBOOK" duration="00:00:00.0690611" startTime="2026-09-13T18:32:26.4353297+08:00" endTime="2026-09-13T18:32:26.5219128+08:00" testType="13cdc9d9-ddb5-4fa4-a97d-d965ccfc6d4b" outcome="Passed" testListId="8c84fa94-04c1-424b-9868-57a2d4851a1d" relativeResultsDirectory="ea809b7d-a6e8-491e-b0f5-0abad3d9b4dc" />
    <UnitTestResult executionId="9d3257ef-2335-4a90-84d4-24538673de33" testId="158dfd30-e7c0-8892-9979-a0cdb1fdb68d" testName="OperatorInputKeepsExplicitRetryIdentityAndNeverStringifiesSecrets" computerName="YOKIIRONETBOOK" duration="00:00:00.0262566" startTime="2026-09-13T18:32:26.5451082+08:00" endTime="2026-09-13T18:32:26.5714755+08:00" testType="13cdc9d9-ddb5-4fa4-a97d-d965ccfc6d4b" outcome="Passed" testListId="8c84fa94-04c1-424b-9868-57a2d4851a1d" relativeResultsDirectory="9d3257ef-2335-4a90-84d4-24538673de33" />
    <UnitTestResult executionId="03c2d86b-0296-45a8-ad22-cc8d99900b88" testId="1c1ace04-727a-8c84-a86c-423ba3dbdbda" testName="InsecureOrAmbiguousOriginsAreRejected (&quot;https://localhost:7443/?query=value&quot;)" computerName="YOKIIRONETBOOK" duration="00:00:00.0068702" startTime="2026-09-13T18:32:26.6529646+08:00" endTime="2026-09-13T18:32:26.6598824+08:00" testType="13cdc9d9-ddb5-4fa4-a97d-d965ccfc6d4b" outcome="Passed" testListId="8c84fa94-04c1-424b-9868-57a2d4851a1d" relativeResultsDirectory="03c2d86b-0296-45a8-ad22-cc8d99900b88" />
    <UnitTestResult executionId="d96314f9-27de-46be-b69e-47c716b68dd4" testId="19356038-303f-8482-baa9-9b1b680033ee" testName="CancellationAndTransportFailureRemainUnhealthy" computerName="YOKIIRONETBOOK" duration="00:00:00.0185369" startTime="2026-09-13T18:32:26.4355780+08:00" endTime="2026-09-13T18:32:26.4787797+08:00" testType="13cdc9d9-ddb5-4fa4-a97d-d965ccfc6d4b" outcome="Passed" testListId="8c84fa94-04c1-424b-9868-57a2d4851a1d" relativeResultsDirectory="d96314f9-27de-46be-b69e-47c716b68dd4" />
    <UnitTestResult executionId="93b084eb-3967-45ad-b7d6-52780e47c037" testId="19a6d369-c288-868a-94d7-2c080e6c24c4" testName="RunRequiresExistingAbsoluteNonRootStatePath" computerName="YOKIIRONETBOOK" duration="00:00:00.0034002" startTime="2026-09-13T18:32:26.5122471+08:00" endTime="2026-09-13T18:32:26.5157445+08:00" testType="13cdc9d9-ddb5-4fa4-a97d-d965ccfc6d4b" outcome="Passed" testListId="8c84fa94-04c1-424b-9868-57a2d4851a1d" relativeResultsDirectory="93b084eb-3967-45ad-b7d6-52780e47c037" />
    <UnitTestResult executionId="2540b6de-b158-41e8-95ea-547a2c334dba" testId="1976d81d-7480-8b20-b0dd-85e864ed9933" testName="HttpsLoginUsesProtectedHostCookieAndReturnsOnlyTheFrozenSessionFields" computerName="YOKIIRONETBOOK" duration="00:00:02.5582408" startTime="2026-09-13T18:32:26.5491130+08:00" endTime="2026-09-13T18:32:29.1074477+08:00" testType="13cdc9d9-ddb5-4fa4-a97d-d965ccfc6d4b" outcome="Passed" testListId="8c84fa94-04c1-424b-9868-57a2d4851a1d" relativeResultsDirectory="2540b6de-b158-41e8-95ea-547a2c334dba" />
    <UnitTestResult executionId="8f6de4a7-3d31-4d09-b5d5-7bf16db42302" testId="156a4bbc-2015-8868-a06a-256c50eb9005" testName="CookieRoundTripsOpaqueTokensAndRejectsTamperingOtherKeyAndExpiry" computerName="YOKIIRONETBOOK" duration="00:00:00.0788241" startTime="2026-09-13T18:32:26.5336004+08:00" endTime="2026-09-13T18:32:26.6125321+08:00" testType="13cdc9d9-ddb5-4fa4-a97d-d965ccfc6d4b" outcome="Passed" testListId="8c84fa94-04c1-424b-9868-57a2d4851a1d" relativeResultsDirectory="8f6de4a7-3d31-4d09-b5d5-7bf16db42302" />
    <UnitTestResult executionId="fd09f019-93c6-4722-b5c7-e58f1a413e2f" testId="18aab115-7f59-88eb-809d-0ce5e6e6e612" testName="ReadyPayloadMakesItsNarrowScopeExplicit" computerName="YOKIIRONETBOOK" duration="00:00:00.0006857" startTime="2026-09-13T18:32:26.5089412+08:00" endTime="2026-09-13T18:32:26.5097009+08:00" testType="13cdc9d9-ddb5-4fa4-a97d-d965ccfc6d4b" outcome="Passed" testListId="8c84fa94-04c1-424b-9868-57a2d4851a1d" relativeResultsDirectory="fd09f019-93c6-4722-b5c7-e58f1a413e2f" />
    <UnitTestResult executionId="83f9011d-da74-42dd-8b40-909979ab8a69" testId="1d855482-4a71-8bbc-8ffc-5eff406cfced" testName="RunRequiresExplicitProductionEnvironment" computerName="YOKIIRONETBOOK" duration="00:00:00.0185684" startTime="2026-09-13T18:32:26.5298835+08:00" endTime="2026-09-13T18:32:26.5484895+08:00" testType="13cdc9d9-ddb5-4fa4-a97d-d965ccfc6d4b" outcome="Passed" testListId="8c84fa94-04c1-424b-9868-57a2d4851a1d" relativeResultsDirectory="83f9011d-da74-42dd-8b40-909979ab8a69" />
    <UnitTestResult executionId="d843d3d8-ab8a-4a98-be9b-9929405b1e8e" testId="13784cec-fa91-8495-86c3-d77337384edb" testName="WrongAndUnknownCredentialsReturnTheSameGenericFailureWithoutCookies" computerName="YOKIIRONETBOOK" duration="00:00:02.6144630" startTime="2026-09-13T18:32:26.5492126+08:00" endTime="2026-09-13T18:32:29.1637405+08:00" testType="13cdc9d9-ddb5-4fa4-a97d-d965ccfc6d4b" outcome="Passed" testListId="8c84fa94-04c1-424b-9868-57a2d4851a1d" relativeResultsDirectory="d843d3d8-ab8a-4a98-be9b-9929405b1e8e" />
    <UnitTestResult executionId="ae1961a9-0976-4337-ab83-92df9eb9bb09" testId="198acaaa-af59-855a-be92-734dcfa0110d" testName="EverySessionRequestUsesCurrentIdentityAndRejectsCrossSiteRetrieval" computerName="YOKIIRONETBOOK" duration="00:00:02.5518103" startTime="2026-09-13T18:32:26.5587614+08:00" endTime="2026-09-13T18:32:29.1106300+08:00" testType="13cdc9d9-ddb5-4fa4-a97d-d965ccfc6d4b" outcome="Passed" testListId="8c84fa94-04c1-424b-9868-57a2d4851a1d" relativeResultsDirectory="ae1961a9-0976-4337-ab83-92df9eb9bb09" />
    <UnitTestResult executionId="68aa1475-0819-4b67-9eda-bf9d1ecc4cab" testId="10f77bcf-ab7c-8177-a0ad-be73dc645471" testName="ErrorsUseStableCodesWithoutExceptionOrPathFields" computerName="YOKIIRONETBOOK" duration="00:00:00.0010778" startTime="2026-09-13T18:32:26.5280717+08:00" endTime="2026-09-13T18:32:26.5291934+08:00" testType="13cdc9d9-ddb5-4fa4-a97d-d965ccfc6d4b" outcome="Passed" testListId="8c84fa94-04c1-424b-9868-57a2d4851a1d" relativeResultsDirectory="68aa1475-0819-4b67-9eda-bf9d1ecc4cab" />
    <UnitTestResult executionId="1407fab3-3f7b-45ed-9572-7a10e77233f1" testId="15f1b5f8-dc9d-88a6-b171-ef10f1801fee" testName="DatabaseReadinessPayloadNeverClaimsBusinessOrWriteReadiness" computerName="YOKIIRONETBOOK" duration="00:00:00.0457362" startTime="2026-09-13T18:32:26.4357032+08:00" endTime="2026-09-13T18:32:26.4995626+08:00" testType="13cdc9d9-ddb5-4fa4-a97d-d965ccfc6d4b" outcome="Passed" testListId="8c84fa94-04c1-424b-9868-57a2d4851a1d" relativeResultsDirectory="1407fab3-3f7b-45ed-9572-7a10e77233f1" />
    <UnitTestResult executionId="c2653563-8b01-4cd7-9517-5c6b3c13e248" testId="170e5392-5417-8797-af14-d6d59590dce7" testName="ThirdConcurrentLoginIsRejectedBeforeCredentialOrPasswordWork" computerName="YOKIIRONETBOOK" duration="00:00:04.6379897" startTime="2026-09-13T18:32:26.5451088+08:00" endTime="2026-09-13T18:32:31.1837518+08:00" testType="13cdc9d9-ddb5-4fa4-a97d-d965ccfc6d4b" outcome="Passed" testListId="8c84fa94-04c1-424b-9868-57a2d4851a1d" relativeResultsDirectory="c2653563-8b01-4cd7-9517-5c6b3c13e248" />
    <UnitTestResult executionId="5dba2836-531e-4983-8168-19b9652200fb" testId="19c5ee25-d963-8d84-b863-f6b55b25f2c5" testName="CommandLineOverridesEnvironmentWithoutAcceptingUnknownOrDuplicateValues" computerName="YOKIIRONETBOOK" duration="00:00:00.0302208" startTime="2026-09-13T18:32:26.5176075+08:00" endTime="2026-09-13T18:32:26.5478862+08:00" testType="13cdc9d9-ddb5-4fa4-a97d-d965ccfc6d4b" outcome="Passed" testListId="8c84fa94-04c1-424b-9868-57a2d4851a1d" relativeResultsDirectory="5dba2836-531e-4983-8168-19b9652200fb" />
  </Results>
  <TestDefinitions>
    <UnitTest name="BuildInfoCannotBeCombinedAndHealthProbeNeedsNoStatePath" storage="c:\yoki\codex\assetlibrary-worktrees\v03-026\tests\dotnet\assetlibrary.packaging.tests\bin\release\net10.0\assetlibrary.packaging.tests.dll" id="1061c447-f233-862a-9086-f1b3a7edba60">
      <Execution id="a84e9b68-4139-42b2-905f-ad11d9385534" />
      <TestMethod codeBase="C:\YOKI\Codex\AssetLibrary-worktrees\V03-026\tests\dotnet\AssetLibrary.Packaging.Tests\bin\Release\net10.0\AssetLibrary.Packaging.Tests.dll" adapterTypeName="executor://mstestadapter/v4" className="AssetLibrary.Packaging.Tests.HostOptionsTests" name="BuildInfoCannotBeCombinedAndHealthProbeNeedsNoStatePath" />
    </UnitTest>
    <UnitTest name="BindAndProbeAddressesAreLiteralAndProbeRemainsLoopback" storage="c:\yoki\codex\assetlibrary-worktrees\v03-026\tests\dotnet\assetlibrary.packaging.tests\bin\release\net10.0\assetlibrary.packaging.tests.dll" id="19236e60-732f-8499-a521-ea5fcaa1ad61">
      <Execution id="c47979c0-85ea-402a-8d22-863a28fd0c9d" />
      <TestMethod codeBase="C:\YOKI\Codex\AssetLibrary-worktrees\V03-026\tests\dotnet\AssetLibrary.Packaging.Tests\bin\Release\net10.0\AssetLibrary.Packaging.Tests.dll" adapterTypeName="executor://mstestadapter/v4" className="AssetLibrary.Packaging.Tests.HostOptionsTests" name="BindAndProbeAddressesAreLiteralAndProbeRemainsLoopback" />
    </UnitTest>
    <UnitTest name="InsecureOrAmbiguousOriginsAreRejected (&quot;https://localhost:7443/?query=value&quot;)" storage="c:\yoki\codex\assetlibrary-worktrees\v03-026\tests\dotnet\assetlibrary.packaging.tests\bin\release\net10.0\assetlibrary.packaging.tests.dll" id="1c1ace04-727a-8c84-a86c-423ba3dbdbda">
      <Execution id="03c2d86b-0296-45a8-ad22-cc8d99900b88" />
      <TestMethod codeBase="C:\YOKI\Codex\AssetLibrary-worktrees\V03-026\tests\dotnet\AssetLibrary.Packaging.Tests\bin\Release\net10.0\AssetLibrary.Packaging.Tests.dll" adapterTypeName="executor://mstestadapter/v4" className="AssetLibrary.Packaging.Tests.TrialConfigurationTests" name="InsecureOrAmbiguousOriginsAreRejected" />
    </UnitTest>
    <UnitTest name="EmbeddedManifestMatchesCurrentProductionContract" storage="c:\yoki\codex\assetlibrary-worktrees\v03-026\tests\dotnet\assetlibrary.packaging.tests\bin\release\net10.0\assetlibrary.packaging.tests.dll" id="13a2476d-60a3-860e-83a4-a3eb30d13d7f">
      <Execution id="f26aa3d9-4d91-4fb0-9ff4-1aa2c4476c73" />
      <TestMethod codeBase="C:\YOKI\Codex\AssetLibrary-worktrees\V03-026\tests\dotnet\AssetLibrary.Packaging.Tests\bin\Release\net10.0\AssetLibrary.Packaging.Tests.dll" adapterTypeName="executor://mstestadapter/v4" className="AssetLibrary.Packaging.Tests.DatabaseReadinessTests" name="EmbeddedManifestMatchesCurrentProductionContract" />
    </UnitTest>
    <UnitTest name="EverySessionRequestUsesCurrentIdentityAndRejectsCrossSiteRetrieval" storage="c:\yoki\codex\assetlibrary-worktrees\v03-026\tests\dotnet\assetlibrary.packaging.tests\bin\release\net10.0\assetlibrary.packaging.tests.dll" id="198acaaa-af59-855a-be92-734dcfa0110d">
      <Execution id="ae1961a9-0976-4337-ab83-92df9eb9bb09" />
      <TestMethod codeBase="C:\YOKI\Codex\AssetLibrary-worktrees\V03-026\tests\dotnet\AssetLibrary.Packaging.Tests\bin\Release\net10.0\AssetLibrary.Packaging.Tests.dll" adapterTypeName="executor://mstestadapter/v4" className="AssetLibrary.Packaging.Tests.TrialAuthenticationWireTests" name="EverySessionRequestUsesCurrentIdentityAndRejectsCrossSiteRetrieval" />
    </UnitTest>
    <UnitTest name="PrivateConfigurationLoadsWithoutChangingAssets" storage="c:\yoki\codex\assetlibrary-worktrees\v03-026\tests\dotnet\assetlibrary.packaging.tests\bin\release\net10.0\assetlibrary.packaging.tests.dll" id="14f3e8c2-da22-808a-87fb-7497eceebb26">
      <Execution id="0daea338-3ea4-4f5c-a14f-800ce15c89a8" />
      <TestMethod codeBase="C:\YOKI\Codex\AssetLibrary-worktrees\V03-026\tests\dotnet\AssetLibrary.Packaging.Tests\bin\Release\net10.0\AssetLibrary.Packaging.Tests.dll" adapterTypeName="executor://mstestadapter/v4" className="AssetLibrary.Packaging.Tests.TrialConfigurationTests" name="PrivateConfigurationLoadsWithoutChangingAssets" />
    </UnitTest>
    <UnitTest name="GlobalWindowIsBoundedAndRejectsBeforeParsingOrPasswordWork" storage="c:\yoki\codex\assetlibrary-worktrees\v03-026\tests\dotnet\assetlibrary.packaging.tests\bin\release\net10.0\assetlibrary.packaging.tests.dll" id="176e6166-092c-893b-9207-b8c6267c1367">
      <Execution id="acb0c80f-ce2f-49be-b702-1fdfda1558f7" />
      <TestMethod codeBase="C:\YOKI\Codex\AssetLibrary-worktrees\V03-026\tests\dotnet\AssetLibrary.Packaging.Tests\bin\Release\net10.0\AssetLibrary.Packaging.Tests.dll" adapterTypeName="executor://mstestadapter/v4" className="AssetLibrary.Packaging.Tests.TrialAuthenticationLimitTests" name="GlobalWindowIsBoundedAndRejectsBeforeParsingOrPasswordWork" />
    </UnitTest>
    <UnitTest name="PortMustStayInsideUnprivilegedDecimalRange (&quot;five&quot;)" storage="c:\yoki\codex\assetlibrary-worktrees\v03-026\tests\dotnet\assetlibrary.packaging.tests\bin\release\net10.0\assetlibrary.packaging.tests.dll" id="1181b343-6348-88ca-9291-bc892d817f8d">
      <Execution id="dd495575-5f2e-441f-b503-a863ffc843f9" />
      <TestMethod codeBase="C:\YOKI\Codex\AssetLibrary-worktrees\V03-026\tests\dotnet\AssetLibrary.Packaging.Tests\bin\Release\net10.0\AssetLibrary.Packaging.Tests.dll" adapterTypeName="executor://mstestadapter/v4" className="AssetLibrary.Packaging.Tests.HostOptionsTests" name="PortMustStayInsideUnprivilegedDecimalRange" />
    </UnitTest>
    <UnitTest name="HostWrapperHasEntryPointAndCoreLibraryRemainsInert" storage="c:\yoki\codex\assetlibrary-worktrees\v03-026\tests\dotnet\assetlibrary.packaging.tests\bin\release\net10.0\assetlibrary.packaging.tests.dll" id="1d00d32d-9674-81a1-9a55-953c3313ef72">
      <Execution id="6629efa9-e499-43e1-a11c-262d2229f20c" />
      <TestMethod codeBase="C:\YOKI\Codex\AssetLibrary-worktrees\V03-026\tests\dotnet\AssetLibrary.Packaging.Tests\bin\Release\net10.0\AssetLibrary.Packaging.Tests.dll" adapterTypeName="executor://mstestadapter/v4" className="AssetLibrary.Packaging.Tests.HostContractTests" name="HostWrapperHasEntryPointAndCoreLibraryRemainsInert" />
    </UnitTest>
    <UnitTest name="StateValidatorAcceptsOnlyAnExactCompleteLedger" storage="c:\yoki\codex\assetlibrary-worktrees\v03-026\tests\dotnet\assetlibrary.packaging.tests\bin\release\net10.0\assetlibrary.packaging.tests.dll" id="14909d3d-ac5b-8ac4-ab2d-b9e7f6384bd3">
      <Execution id="ea809b7d-a6e8-491e-b0f5-0abad3d9b4dc" />
      <TestMethod codeBase="C:\YOKI\Codex\AssetLibrary-worktrees\V03-026\tests\dotnet\AssetLibrary.Packaging.Tests\bin\Release\net10.0\AssetLibrary.Packaging.Tests.dll" adapterTypeName="executor://mstestadapter/v4" className="AssetLibrary.Packaging.Tests.DatabaseReadinessTests" name="StateValidatorAcceptsOnlyAnExactCompleteLedger" />
    </UnitTest>
    <UnitTest name="ConcurrencyLimitHasTwoPermitsAndNoQueue" storage="c:\yoki\codex\assetlibrary-worktrees\v03-026\tests\dotnet\assetlibrary.packaging.tests\bin\release\net10.0\assetlibrary.packaging.tests.dll" id="13e0e270-8968-833b-b786-2f99b4451829">
      <Execution id="e9c5b958-181f-4a83-98de-c3731ce8db03" />
      <TestMethod codeBase="C:\YOKI\Codex\AssetLibrary-worktrees\V03-026\tests\dotnet\AssetLibrary.Packaging.Tests\bin\Release\net10.0\AssetLibrary.Packaging.Tests.dll" adapterTypeName="executor://mstestadapter/v4" className="AssetLibrary.Packaging.Tests.TrialAuthenticationLimitTests" name="ConcurrencyLimitHasTwoPermitsAndNoQueue" />
    </UnitTest>
    <UnitTest name="StateValidatorRejectsWrongServerAndBootstrap" storage="c:\yoki\codex\assetlibrary-worktrees\v03-026\tests\dotnet\assetlibrary.packaging.tests\bin\release\net10.0\assetlibrary.packaging.tests.dll" id="11e01a7a-7779-801a-bf4d-8260693060cf">
      <Execution id="569cfb7c-ef3a-4187-a9e4-61688e9b67a8" />
      <TestMethod codeBase="C:\YOKI\Codex\AssetLibrary-worktrees\V03-026\tests\dotnet\AssetLibrary.Packaging.Tests\bin\Release\net10.0\AssetLibrary.Packaging.Tests.dll" adapterTypeName="executor://mstestadapter/v4" className="AssetLibrary.Packaging.Tests.DatabaseReadinessTests" name="StateValidatorRejectsWrongServerAndBootstrap" />
    </UnitTest>
    <UnitTest name="ManifestParserRejectsInvalidSequenceAndChecksum" storage="c:\yoki\codex\assetlibrary-worktrees\v03-026\tests\dotnet\assetlibrary.packaging.tests\bin\release\net10.0\assetlibrary.packaging.tests.dll" id="13d6a3cf-5018-8105-961d-3cf75698b3d5">
      <Execution id="614b2e1f-0dac-44a7-a33a-6f926615cd08" />
      <TestMethod codeBase="C:\YOKI\Codex\AssetLibrary-worktrees\V03-026\tests\dotnet\AssetLibrary.Packaging.Tests\bin\Release\net10.0\AssetLibrary.Packaging.Tests.dll" adapterTypeName="executor://mstestadapter/v4" className="AssetLibrary.Packaging.Tests.DatabaseReadinessTests" name="ManifestParserRejectsInvalidSequenceAndChecksum" />
    </UnitTest>
    <UnitTest name="ConfigurationReadableByOtherUsersIsRejected" storage="c:\yoki\codex\assetlibrary-worktrees\v03-026\tests\dotnet\assetlibrary.packaging.tests\bin\release\net10.0\assetlibrary.packaging.tests.dll" id="16c0ab35-a538-8a11-a413-adbc76dda94d">
      <Execution id="d3b66e79-b002-4fa4-b8f7-ee3377be3d01" />
      <TestMethod codeBase="C:\YOKI\Codex\AssetLibrary-worktrees\V03-026\tests\dotnet\AssetLibrary.Packaging.Tests\bin\Release\net10.0\AssetLibrary.Packaging.Tests.dll" adapterTypeName="executor://mstestadapter/v4" className="AssetLibrary.Packaging.Tests.TrialConfigurationTests" name="ConfigurationReadableByOtherUsersIsRejected" />
    </UnitTest>
    <UnitTest name="OperatorInputKeepsExplicitRetryIdentityAndNeverStringifiesSecrets" storage="c:\yoki\codex\assetlibrary-worktrees\v03-026\tests\dotnet\assetlibrary.packaging.tests\bin\release\net10.0\assetlibrary.packaging.tests.dll" id="158dfd30-e7c0-8892-9979-a0cdb1fdb68d">
      <Execution id="9d3257ef-2335-4a90-84d4-24538673de33" />
      <TestMethod codeBase="C:\YOKI\Codex\AssetLibrary-worktrees\V03-026\tests\dotnet\AssetLibrary.Packaging.Tests\bin\Release\net10.0\AssetLibrary.Packaging.Tests.dll" adapterTypeName="executor://mstestadapter/v4" className="AssetLibrary.Packaging.Tests.TrialAuthenticationOperatorTests" name="OperatorInputKeepsExplicitRetryIdentityAndNeverStringifiesSecrets" />
    </UnitTest>
    <UnitTest name="CsrfAndCurrentAdministratorAreRequiredAndControlFailuresKeepAssetLinkEnvelopes" storage="c:\yoki\codex\assetlibrary-worktrees\v03-026\tests\dotnet\assetlibrary.packaging.tests\bin\release\net10.0\assetlibrary.packaging.tests.dll" id="13a9fe4e-4b42-85fa-a719-0d0813e24c11">
      <Execution id="71fec5dc-fba7-4e00-a045-9f9782c67319" />
      <TestMethod codeBase="C:\YOKI\Codex\AssetLibrary-worktrees\V03-026\tests\dotnet\AssetLibrary.Packaging.Tests\bin\Release\net10.0\AssetLibrary.Packaging.Tests.dll" adapterTypeName="executor://mstestadapter/v4" className="AssetLibrary.Packaging.Tests.TrialAuthenticationWireTests" name="CsrfAndCurrentAdministratorAreRequiredAndControlFailuresKeepAssetLinkEnvelopes" />
    </UnitTest>
    <UnitTest name="CancelledOperatorInputPropagatesCancellation" storage="c:\yoki\codex\assetlibrary-worktrees\v03-026\tests\dotnet\assetlibrary.packaging.tests\bin\release\net10.0\assetlibrary.packaging.tests.dll" id="1e7307ba-4a9e-8f5b-a76d-2b8389f24d6c">
      <Execution id="c12e2367-4c66-41f0-83de-1a7970b5face" />
      <TestMethod codeBase="C:\YOKI\Codex\AssetLibrary-worktrees\V03-026\tests\dotnet\AssetLibrary.Packaging.Tests\bin\Release\net10.0\AssetLibrary.Packaging.Tests.dll" adapterTypeName="executor://mstestadapter/v4" className="AssetLibrary.Packaging.Tests.TrialAuthenticationOperatorTests" name="CancelledOperatorInputPropagatesCancellation" />
    </UnitTest>
    <UnitTest name="DependencyOutageDoesNotClearCookieOrPretendLogoutSucceeded" storage="c:\yoki\codex\assetlibrary-worktrees\v03-026\tests\dotnet\assetlibrary.packaging.tests\bin\release\net10.0\assetlibrary.packaging.tests.dll" id="14ebb846-8cdb-8d77-bce1-d8c0f0e0a456">
      <Execution id="2af220e6-d5f5-4713-ba6f-2019edd09dac" />
      <TestMethod codeBase="C:\YOKI\Codex\AssetLibrary-worktrees\V03-026\tests\dotnet\AssetLibrary.Packaging.Tests\bin\Release\net10.0\AssetLibrary.Packaging.Tests.dll" adapterTypeName="executor://mstestadapter/v4" className="AssetLibrary.Packaging.Tests.TrialAuthenticationWireTests" name="DependencyOutageDoesNotClearCookieOrPretendLogoutSucceeded" />
    </UnitTest>
    <UnitTest name="LogoutRevokesServerSessionAndReplayedCookieIsRejectedAndRemoved" storage="c:\yoki\codex\assetlibrary-worktrees\v03-026\tests\dotnet\assetlibrary.packaging.tests\bin\release\net10.0\assetlibrary.packaging.tests.dll" id="158183c2-becb-8f2b-9f85-4e2da70b19bc">
      <Execution id="f9fd2457-111d-49a0-905e-16699c94b682" />
      <TestMethod codeBase="C:\YOKI\Codex\AssetLibrary-worktrees\V03-026\tests\dotnet\AssetLibrary.Packaging.Tests\bin\Release\net10.0\AssetLibrary.Packaging.Tests.dll" adapterTypeName="executor://mstestadapter/v4" className="AssetLibrary.Packaging.Tests.TrialAuthenticationWireTests" name="LogoutRevokesServerSessionAndReplayedCookieIsRejectedAndRemoved" />
    </UnitTest>
    <UnitTest name="NonRunCommandsDoNotReadDatabaseSecrets" storage="c:\yoki\codex\assetlibrary-worktrees\v03-026\tests\dotnet\assetlibrary.packaging.tests\bin\release\net10.0\assetlibrary.packaging.tests.dll" id="193c51cd-3f42-88f3-802c-33b7794afdd2">
      <Execution id="7a06b466-975f-4d5a-85fb-89d5e8e7453e" />
      <TestMethod codeBase="C:\YOKI\Codex\AssetLibrary-worktrees\V03-026\tests\dotnet\AssetLibrary.Packaging.Tests\bin\Release\net10.0\AssetLibrary.Packaging.Tests.dll" adapterTypeName="executor://mstestadapter/v4" className="AssetLibrary.Packaging.Tests.HostOptionsTests" name="NonRunCommandsDoNotReadDatabaseSecrets" />
    </UnitTest>
    <UnitTest name="ReadyPayloadMakesItsNarrowScopeExplicit" storage="c:\yoki\codex\assetlibrary-worktrees\v03-026\tests\dotnet\assetlibrary.packaging.tests\bin\release\net10.0\assetlibrary.packaging.tests.dll" id="18aab115-7f59-88eb-809d-0ce5e6e6e612">
      <Execution id="fd09f019-93c6-4722-b5c7-e58f1a413e2f" />
      <TestMethod codeBase="C:\YOKI\Codex\AssetLibrary-worktrees\V03-026\tests\dotnet\AssetLibrary.Packaging.Tests\bin\Release\net10.0\AssetLibrary.Packaging.Tests.dll" adapterTypeName="executor://mstestadapter/v4" className="AssetLibrary.Packaging.Tests.HostContractTests" name="ReadyPayloadMakesItsNarrowScopeExplicit" />
    </UnitTest>
    <UnitTest name="PortMustStayInsideUnprivilegedDecimalRange (&quot;+5080&quot;)" storage="c:\yoki\codex\assetlibrary-worktrees\v03-026\tests\dotnet\assetlibrary.packaging.tests\bin\release\net10.0\assetlibrary.packaging.tests.dll" id="11c1c751-4ec8-8885-9984-5e9be3faa68a">
      <Execution id="124245be-ae12-4042-8677-268208c8ee7b" />
      <TestMethod codeBase="C:\YOKI\Codex\AssetLibrary-worktrees\V03-026\tests\dotnet\AssetLibrary.Packaging.Tests\bin\Release\net10.0\AssetLibrary.Packaging.Tests.dll" adapterTypeName="executor://mstestadapter/v4" className="AssetLibrary.Packaging.Tests.HostOptionsTests" name="PortMustStayInsideUnprivilegedDecimalRange" />
    </UnitTest>
    <UnitTest name="InsecureOrAmbiguousOriginsAreRejected (&quot;http://localhost:7443&quot;)" storage="c:\yoki\codex\assetlibrary-worktrees\v03-026\tests\dotnet\assetlibrary.packaging.tests\bin\release\net10.0\assetlibrary.packaging.tests.dll" id="1c2ea484-d955-8f39-92f3-4ef7c0c89020">
      <Execution id="0e9cfe2e-7a66-4d0b-9c2e-3551b6e5baef" />
      <TestMethod codeBase="C:\YOKI\Codex\AssetLibrary-worktrees\V03-026\tests\dotnet\AssetLibrary.Packaging.Tests\bin\Release\net10.0\AssetLibrary.Packaging.Tests.dll" adapterTypeName="executor://mstestadapter/v4" className="AssetLibrary.Packaging.Tests.TrialConfigurationTests" name="InsecureOrAmbiguousOriginsAreRejected" />
    </UnitTest>
    <UnitTest name="SourceIdentityAndKeyAreDeploymentOwnedAndUnique" storage="c:\yoki\codex\assetlibrary-worktrees\v03-026\tests\dotnet\assetlibrary.packaging.tests\bin\release\net10.0\assetlibrary.packaging.tests.dll" id="115e35d9-f96d-879d-8b15-7df9c8cfda43">
      <Execution id="554af548-816a-47b7-8fc9-8583fdcf8880" />
      <TestMethod codeBase="C:\YOKI\Codex\AssetLibrary-worktrees\V03-026\tests\dotnet\AssetLibrary.Packaging.Tests\bin\Release\net10.0\AssetLibrary.Packaging.Tests.dll" adapterTypeName="executor://mstestadapter/v4" className="AssetLibrary.Packaging.Tests.TrialConfigurationTests" name="SourceIdentityAndKeyAreDeploymentOwnedAndUnique" />
    </UnitTest>
    <UnitTest name="InsecureOrAmbiguousOriginsAreRejected (&quot;https://localhost:443&quot;)" storage="c:\yoki\codex\assetlibrary-worktrees\v03-026\tests\dotnet\assetlibrary.packaging.tests\bin\release\net10.0\assetlibrary.packaging.tests.dll" id="11e6e7d4-b69a-86c5-9e3f-453f835bb701">
      <Execution id="65b28e4f-8ee0-4943-b5a4-e13632262e48" />
      <TestMethod codeBase="C:\YOKI\Codex\AssetLibrary-worktrees\V03-026\tests\dotnet\AssetLibrary.Packaging.Tests\bin\Release\net10.0\AssetLibrary.Packaging.Tests.dll" adapterTypeName="executor://mstestadapter/v4" className="AssetLibrary.Packaging.Tests.TrialConfigurationTests" name="InsecureOrAmbiguousOriginsAreRejected" />
    </UnitTest>
    <UnitTest name="RunRequiresExistingAbsoluteNonRootStatePath" storage="c:\yoki\codex\assetlibrary-worktrees\v03-026\tests\dotnet\assetlibrary.packaging.tests\bin\release\net10.0\assetlibrary.packaging.tests.dll" id="19a6d369-c288-868a-94d7-2c080e6c24c4">
      <Execution id="93b084eb-3967-45ad-b7d6-52780e47c037" />
      <TestMethod codeBase="C:\YOKI\Codex\AssetLibrary-worktrees\V03-026\tests\dotnet\AssetLibrary.Packaging.Tests\bin\Release\net10.0\AssetLibrary.Packaging.Tests.dll" adapterTypeName="executor://mstestadapter/v4" className="AssetLibrary.Packaging.Tests.HostOptionsTests" name="RunRequiresExistingAbsoluteNonRootStatePath" />
    </UnitTest>
    <UnitTest name="MalformedOversizedAndDuplicateLoginFieldsNeverReachCredentialLookup" storage="c:\yoki\codex\assetlibrary-worktrees\v03-026\tests\dotnet\assetlibrary.packaging.tests\bin\release\net10.0\assetlibrary.packaging.tests.dll" id="1f274c01-f5f1-8ffc-bc01-96a4595c346b">
      <Execution id="a81b1a95-e4e9-4f05-814d-2c5fabe52c38" />
      <TestMethod codeBase="C:\YOKI\Codex\AssetLibrary-worktrees\V03-026\tests\dotnet\AssetLibrary.Packaging.Tests\bin\Release\net10.0\AssetLibrary.Packaging.Tests.dll" adapterTypeName="executor://mstestadapter/v4" className="AssetLibrary.Packaging.Tests.TrialAuthenticationWireTests" name="MalformedOversizedAndDuplicateLoginFieldsNeverReachCredentialLookup" />
    </UnitTest>
    <UnitTest name="RequestTrustRejectsHostHttpAndAmbiguousOrigin" storage="c:\yoki\codex\assetlibrary-worktrees\v03-026\tests\dotnet\assetlibrary.packaging.tests\bin\release\net10.0\assetlibrary.packaging.tests.dll" id="195a24d5-8b6a-8a24-9c38-e408f503981e">
      <Execution id="278652e6-323b-48f4-a5c4-0795bbfe86f1" />
      <TestMethod codeBase="C:\YOKI\Codex\AssetLibrary-worktrees\V03-026\tests\dotnet\AssetLibrary.Packaging.Tests\bin\Release\net10.0\AssetLibrary.Packaging.Tests.dll" adapterTypeName="executor://mstestadapter/v4" className="AssetLibrary.Packaging.Tests.TrialAuthenticationCookieTests" name="RequestTrustRejectsHostHttpAndAmbiguousOrigin" />
    </UnitTest>
    <UnitTest name="PortMustStayInsideUnprivilegedDecimalRange (&quot;80&quot;)" storage="c:\yoki\codex\assetlibrary-worktrees\v03-026\tests\dotnet\assetlibrary.packaging.tests\bin\release\net10.0\assetlibrary.packaging.tests.dll" id="1de8b9e2-17c7-8216-a5c6-a1b7a2d7dfb4">
      <Execution id="ebb792f3-6329-405a-83f2-121f775350fb" />
      <TestMethod codeBase="C:\YOKI\Codex\AssetLibrary-worktrees\V03-026\tests\dotnet\AssetLibrary.Packaging.Tests\bin\Release\net10.0\AssetLibrary.Packaging.Tests.dll" adapterTypeName="executor://mstestadapter/v4" className="AssetLibrary.Packaging.Tests.HostOptionsTests" name="PortMustStayInsideUnprivilegedDecimalRange" />
    </UnitTest>
    <UnitTest name="LocalProbePreservesPublicAuthorityAndRejectsWrongIdentityOrCertificate" storage="c:\yoki\codex\assetlibrary-worktrees\v03-026\tests\dotnet\assetlibrary.packaging.tests\bin\release\net10.0\assetlibrary.packaging.tests.dll" id="150a6f4e-a817-8dc1-b758-8f5b65261dac">
      <Execution id="40045eb1-a928-420e-a335-605e770f7829" />
      <TestMethod codeBase="C:\YOKI\Codex\AssetLibrary-worktrees\V03-026\tests\dotnet\AssetLibrary.Packaging.Tests\bin\Release\net10.0\AssetLibrary.Packaging.Tests.dll" adapterTypeName="executor://mstestadapter/v4" className="AssetLibrary.Packaging.Tests.TrialHealthProbeTests" name="LocalProbePreservesPublicAuthorityAndRejectsWrongIdentityOrCertificate" />
    </UnitTest>
    <UnitTest name="InvalidDatabaseReadinessConfigurationFailsClosed (&quot;Host=127.0.0.1;Database=assetlibrary&quot;)" storage="c:\yoki\codex\assetlibrary-worktrees\v03-026\tests\dotnet\assetlibrary.packaging.tests\bin\release\net10.0\assetlibrary.packaging.tests.dll" id="14887382-5544-8dce-bf20-9dee47ebb8bb">
      <Execution id="f2f798ac-1d52-4638-8233-1e00dd1e7c0d" />
      <TestMethod codeBase="C:\YOKI\Codex\AssetLibrary-worktrees\V03-026\tests\dotnet\AssetLibrary.Packaging.Tests\bin\Release\net10.0\AssetLibrary.Packaging.Tests.dll" adapterTypeName="executor://mstestadapter/v4" className="AssetLibrary.Packaging.Tests.HostOptionsTests" name="InvalidDatabaseReadinessConfigurationFailsClosed" />
    </UnitTest>
    <UnitTest name="AcceptsOnlyMatchingBoundedHealthContract" storage="c:\yoki\codex\assetlibrary-worktrees\v03-026\tests\dotnet\assetlibrary.packaging.tests\bin\release\net10.0\assetlibrary.packaging.tests.dll" id="101f7f6b-e8f0-85be-8349-47a9f57bacef">
      <Execution id="29004b15-cc60-4640-93ca-bd7ca11af724" />
      <TestMethod codeBase="C:\YOKI\Codex\AssetLibrary-worktrees\V03-026\tests\dotnet\AssetLibrary.Packaging.Tests\bin\Release\net10.0\AssetLibrary.Packaging.Tests.dll" adapterTypeName="executor://mstestadapter/v4" className="AssetLibrary.Packaging.Tests.HealthProbeTests" name="AcceptsOnlyMatchingBoundedHealthContract" />
    </UnitTest>
    <UnitTest name="BuildInfoContainsOnlyBoundedNonHostSpecificFacts" storage="c:\yoki\codex\assetlibrary-worktrees\v03-026\tests\dotnet\assetlibrary.packaging.tests\bin\release\net10.0\assetlibrary.packaging.tests.dll" id="163c4fa0-fe40-8fc1-aada-629c645c3ba2">
      <Execution id="6a5ff82f-ca26-4f34-8aa4-519a086ad7ec" />
      <TestMethod codeBase="C:\YOKI\Codex\AssetLibrary-worktrees\V03-026\tests\dotnet\AssetLibrary.Packaging.Tests\bin\Release\net10.0\AssetLibrary.Packaging.Tests.dll" adapterTypeName="executor://mstestadapter/v4" className="AssetLibrary.Packaging.Tests.HostContractTests" name="BuildInfoContainsOnlyBoundedNonHostSpecificFacts" />
    </UnitTest>
    <UnitTest name="CommandLineOverridesEnvironmentWithoutAcceptingUnknownOrDuplicateValues" storage="c:\yoki\codex\assetlibrary-worktrees\v03-026\tests\dotnet\assetlibrary.packaging.tests\bin\release\net10.0\assetlibrary.packaging.tests.dll" id="19c5ee25-d963-8d84-b863-f6b55b25f2c5">
      <Execution id="5dba2836-531e-4983-8168-19b9652200fb" />
      <TestMethod codeBase="C:\YOKI\Codex\AssetLibrary-worktrees\V03-026\tests\dotnet\AssetLibrary.Packaging.Tests\bin\Release\net10.0\AssetLibrary.Packaging.Tests.dll" adapterTypeName="executor://mstestadapter/v4" className="AssetLibrary.Packaging.Tests.HostOptionsTests" name="CommandLineOverridesEnvironmentWithoutAcceptingUnknownOrDuplicateValues" />
    </UnitTest>
    <UnitTest name="RejectsMalformedAndOversizeResponses" storage="c:\yoki\codex\assetlibrary-worktrees\v03-026\tests\dotnet\assetlibrary.packaging.tests\bin\release\net10.0\assetlibrary.packaging.tests.dll" id="16c8212b-358e-8ed7-a2a6-f6eb215ea147">
      <Execution id="32e3f1c5-4d41-453a-a1e1-b8b92448f75a" />
      <TestMethod codeBase="C:\YOKI\Codex\AssetLibrary-worktrees\V03-026\tests\dotnet\AssetLibrary.Packaging.Tests\bin\Release\net10.0\AssetLibrary.Packaging.Tests.dll" adapterTypeName="executor://mstestadapter/v4" className="AssetLibrary.Packaging.Tests.HealthProbeTests" name="RejectsMalformedAndOversizeResponses" />
    </UnitTest>
    <UnitTest name="InsecureOrAmbiguousOriginsAreRejected (&quot;https://user@localhost:7443&quot;)" storage="c:\yoki\codex\assetlibrary-worktrees\v03-026\tests\dotnet\assetlibrary.packaging.tests\bin\release\net10.0\assetlibrary.packaging.tests.dll" id="13b804b7-0d28-855c-a9dc-151df3202cbf">
      <Execution id="0566249a-d266-4553-b2d8-48c724eccfdc" />
      <TestMethod codeBase="C:\YOKI\Codex\AssetLibrary-worktrees\V03-026\tests\dotnet\AssetLibrary.Packaging.Tests\bin\Release\net10.0\AssetLibrary.Packaging.Tests.dll" adapterTypeName="executor://mstestadapter/v4" className="AssetLibrary.Packaging.Tests.TrialConfigurationTests" name="InsecureOrAmbiguousOriginsAreRejected" />
    </UnitTest>
    <UnitTest name="OperatorInputRejectsOversizeAmbiguousAndMissingFields" storage="c:\yoki\codex\assetlibrary-worktrees\v03-026\tests\dotnet\assetlibrary.packaging.tests\bin\release\net10.0\assetlibrary.packaging.tests.dll" id="1250edb8-8ae7-8868-9c06-23e00eafbe70">
      <Execution id="db140a53-6116-4d8f-a223-5e03ec177c8d" />
      <TestMethod codeBase="C:\YOKI\Codex\AssetLibrary-worktrees\V03-026\tests\dotnet\AssetLibrary.Packaging.Tests\bin\Release\net10.0\AssetLibrary.Packaging.Tests.dll" adapterTypeName="executor://mstestadapter/v4" className="AssetLibrary.Packaging.Tests.TrialAuthenticationOperatorTests" name="OperatorInputRejectsOversizeAmbiguousAndMissingFields" />
    </UnitTest>
    <UnitTest name="HttpsLoginUsesProtectedHostCookieAndReturnsOnlyTheFrozenSessionFields" storage="c:\yoki\codex\assetlibrary-worktrees\v03-026\tests\dotnet\assetlibrary.packaging.tests\bin\release\net10.0\assetlibrary.packaging.tests.dll" id="1976d81d-7480-8b20-b0dd-85e864ed9933">
      <Execution id="2540b6de-b158-41e8-95ea-547a2c334dba" />
      <TestMethod codeBase="C:\YOKI\Codex\AssetLibrary-worktrees\V03-026\tests\dotnet\AssetLibrary.Packaging.Tests\bin\Release\net10.0\AssetLibrary.Packaging.Tests.dll" adapterTypeName="executor://mstestadapter/v4" className="AssetLibrary.Packaging.Tests.TrialAuthenticationWireTests" name="HttpsLoginUsesProtectedHostCookieAndReturnsOnlyTheFrozenSessionFields" />
    </UnitTest>
    <UnitTest name="InsecureOrAmbiguousOriginsAreRejected (&quot;https://localhost:7443/#fragment&quot;)" storage="c:\yoki\codex\assetlibrary-worktrees\v03-026\tests\dotnet\assetlibrary.packaging.tests\bin\release\net10.0\assetlibrary.packaging.tests.dll" id="1c0ea979-cf76-85ea-b4cd-236ca6351042">
      <Execution id="8abebbf0-9d8f-47c4-a618-85c3e0d5d6c8" />
      <TestMethod codeBase="C:\YOKI\Codex\AssetLibrary-worktrees\V03-026\tests\dotnet\AssetLibrary.Packaging.Tests\bin\Release\net10.0\AssetLibrary.Packaging.Tests.dll" adapterTypeName="executor://mstestadapter/v4" className="AssetLibrary.Packaging.Tests.TrialConfigurationTests" name="InsecureOrAmbiguousOriginsAreRejected" />
    </UnitTest>
    <UnitTest name="InsecureOrAmbiguousOriginsAreRejected (&quot;https://localhost:7443/path&quot;)" storage="c:\yoki\codex\assetlibrary-worktrees\v03-026\tests\dotnet\assetlibrary.packaging.tests\bin\release\net10.0\assetlibrary.packaging.tests.dll" id="10a88c6b-30cb-8096-9887-f6b9a3f290a0">
      <Execution id="7ae38701-c5f7-42f4-84d7-89019414c6e2" />
      <TestMethod codeBase="C:\YOKI\Codex\AssetLibrary-worktrees\V03-026\tests\dotnet\AssetLibrary.Packaging.Tests\bin\Release\net10.0\AssetLibrary.Packaging.Tests.dll" adapterTypeName="executor://mstestadapter/v4" className="AssetLibrary.Packaging.Tests.TrialConfigurationTests" name="InsecureOrAmbiguousOriginsAreRejected" />
    </UnitTest>
    <UnitTest name="RemoteDatabaseRequiresVerifiedTlsAndRuntimeSettingsRemainBounded" storage="c:\yoki\codex\assetlibrary-worktrees\v03-026\tests\dotnet\assetlibrary.packaging.tests\bin\release\net10.0\assetlibrary.packaging.tests.dll" id="1332b792-60c5-8c27-ba0f-91bd76896da0">
      <Execution id="0aabebc4-8e31-456e-920a-c0262621dd51" />
      <TestMethod codeBase="C:\YOKI\Codex\AssetLibrary-worktrees\V03-026\tests\dotnet\AssetLibrary.Packaging.Tests\bin\Release\net10.0\AssetLibrary.Packaging.Tests.dll" adapterTypeName="executor://mstestadapter/v4" className="AssetLibrary.Packaging.Tests.TrialConfigurationTests" name="RemoteDatabaseRequiresVerifiedTlsAndRuntimeSettingsRemainBounded" />
    </UnitTest>
    <UnitTest name="StateSecretsAndConfiguredSourcesCannotCrossBoundaries" storage="c:\yoki\codex\assetlibrary-worktrees\v03-026\tests\dotnet\assetlibrary.packaging.tests\bin\release\net10.0\assetlibrary.packaging.tests.dll" id="16e42500-d57c-8267-b4f6-e90d84d3de2d">
      <Execution id="a17ae41c-6303-4254-b214-fd951d760c91" />
      <TestMethod codeBase="C:\YOKI\Codex\AssetLibrary-worktrees\V03-026\tests\dotnet\AssetLibrary.Packaging.Tests\bin\Release\net10.0\AssetLibrary.Packaging.Tests.dll" adapterTypeName="executor://mstestadapter/v4" className="AssetLibrary.Packaging.Tests.TrialConfigurationTests" name="StateSecretsAndConfiguredSourcesCannotCrossBoundaries" />
    </UnitTest>
    <UnitTest name="DatabaseReadinessConnectionIsEnvironmentOnlyAndRedacted" storage="c:\yoki\codex\assetlibrary-worktrees\v03-026\tests\dotnet\assetlibrary.packaging.tests\bin\release\net10.0\assetlibrary.packaging.tests.dll" id="11fb5ffe-07eb-8783-ad6e-2e768a0a4fe2">
      <Execution id="bf095ebb-9ac9-4211-a6bb-a6570fbab9c2" />
      <TestMethod codeBase="C:\YOKI\Codex\AssetLibrary-worktrees\V03-026\tests\dotnet\AssetLibrary.Packaging.Tests\bin\Release\net10.0\AssetLibrary.Packaging.Tests.dll" adapterTypeName="executor://mstestadapter/v4" className="AssetLibrary.Packaging.Tests.HostOptionsTests" name="DatabaseReadinessConnectionIsEnvironmentOnlyAndRedacted" />
    </UnitTest>
    <UnitTest name="CookieRoundTripsOpaqueTokensAndRejectsTamperingOtherKeyAndExpiry" storage="c:\yoki\codex\assetlibrary-worktrees\v03-026\tests\dotnet\assetlibrary.packaging.tests\bin\release\net10.0\assetlibrary.packaging.tests.dll" id="156a4bbc-2015-8868-a06a-256c50eb9005">
      <Execution id="8f6de4a7-3d31-4d09-b5d5-7bf16db42302" />
      <TestMethod codeBase="C:\YOKI\Codex\AssetLibrary-worktrees\V03-026\tests\dotnet\AssetLibrary.Packaging.Tests\bin\Release\net10.0\AssetLibrary.Packaging.Tests.dll" adapterTypeName="executor://mstestadapter/v4" className="AssetLibrary.Packaging.Tests.TrialAuthenticationCookieTests" name="CookieRoundTripsOpaqueTokensAndRejectsTamperingOtherKeyAndExpiry" />
    </UnitTest>
    <UnitTest name="CancellationAndTransportFailureRemainUnhealthy" storage="c:\yoki\codex\assetlibrary-worktrees\v03-026\tests\dotnet\assetlibrary.packaging.tests\bin\release\net10.0\assetlibrary.packaging.tests.dll" id="19356038-303f-8482-baa9-9b1b680033ee">
      <Execution id="d96314f9-27de-46be-b69e-47c716b68dd4" />
      <TestMethod codeBase="C:\YOKI\Codex\AssetLibrary-worktrees\V03-026\tests\dotnet\AssetLibrary.Packaging.Tests\bin\Release\net10.0\AssetLibrary.Packaging.Tests.dll" adapterTypeName="executor://mstestadapter/v4" className="AssetLibrary.Packaging.Tests.HealthProbeTests" name="CancellationAndTransportFailureRemainUnhealthy" />
    </UnitTest>
    <UnitTest name="CertificateRenewalCanDecryptExistingDataWithAnExplicitRetainedKey" storage="c:\yoki\codex\assetlibrary-worktrees\v03-026\tests\dotnet\assetlibrary.packaging.tests\bin\release\net10.0\assetlibrary.packaging.tests.dll" id="177316cb-06ab-8a80-8595-d838bb12df4d">
      <Execution id="9c773547-e2cf-443b-ba9d-b20765fbf4a2" />
      <TestMethod codeBase="C:\YOKI\Codex\AssetLibrary-worktrees\V03-026\tests\dotnet\AssetLibrary.Packaging.Tests\bin\Release\net10.0\AssetLibrary.Packaging.Tests.dll" adapterTypeName="executor://mstestadapter/v4" className="AssetLibrary.Packaging.Tests.TrialCertificatePolicyTests" name="CertificateRenewalCanDecryptExistingDataWithAnExplicitRetainedKey" />
    </UnitTest>
    <UnitTest name="UnknownConfigurationFieldsAreRejected" storage="c:\yoki\codex\assetlibrary-worktrees\v03-026\tests\dotnet\assetlibrary.packaging.tests\bin\release\net10.0\assetlibrary.packaging.tests.dll" id="124158bd-a01c-84ef-b3c7-76747bd01b62">
      <Execution id="5499a1c1-420f-4898-8ce5-5e26996c0d25" />
      <TestMethod codeBase="C:\YOKI\Codex\AssetLibrary-worktrees\V03-026\tests\dotnet\AssetLibrary.Packaging.Tests\bin\Release\net10.0\AssetLibrary.Packaging.Tests.dll" adapterTypeName="executor://mstestadapter/v4" className="AssetLibrary.Packaging.Tests.TrialConfigurationTests" name="UnknownConfigurationFieldsAreRejected" />
    </UnitTest>
    <UnitTest name="WrongAndUnknownCredentialsReturnTheSameGenericFailureWithoutCookies" storage="c:\yoki\codex\assetlibrary-worktrees\v03-026\tests\dotnet\assetlibrary.packaging.tests\bin\release\net10.0\assetlibrary.packaging.tests.dll" id="13784cec-fa91-8495-86c3-d77337384edb">
      <Execution id="d843d3d8-ab8a-4a98-be9b-9929405b1e8e" />
      <TestMethod codeBase="C:\YOKI\Codex\AssetLibrary-worktrees\V03-026\tests\dotnet\AssetLibrary.Packaging.Tests\bin\Release\net10.0\AssetLibrary.Packaging.Tests.dll" adapterTypeName="executor://mstestadapter/v4" className="AssetLibrary.Packaging.Tests.TrialAuthenticationWireTests" name="WrongAndUnknownCredentialsReturnTheSameGenericFailureWithoutCookies" />
    </UnitTest>
    <UnitTest name="ErrorsUseStableCodesWithoutExceptionOrPathFields" storage="c:\yoki\codex\assetlibrary-worktrees\v03-026\tests\dotnet\assetlibrary.packaging.tests\bin\release\net10.0\assetlibrary.packaging.tests.dll" id="10f77bcf-ab7c-8177-a0ad-be73dc645471">
      <Execution id="68aa1475-0819-4b67-9eda-bf9d1ecc4cab" />
      <TestMethod codeBase="C:\YOKI\Codex\AssetLibrary-worktrees\V03-026\tests\dotnet\AssetLibrary.Packaging.Tests\bin\Release\net10.0\AssetLibrary.Packaging.Tests.dll" adapterTypeName="executor://mstestadapter/v4" className="AssetLibrary.Packaging.Tests.HostContractTests" name="ErrorsUseStableCodesWithoutExceptionOrPathFields" />
    </UnitTest>
    <UnitTest name="OriginAndFetchMetadataRejectionsHappenBeforePasswordLookup" storage="c:\yoki\codex\assetlibrary-worktrees\v03-026\tests\dotnet\assetlibrary.packaging.tests\bin\release\net10.0\assetlibrary.packaging.tests.dll" id="1e5dcdbb-5f8e-8aec-8e46-88bd5b6c7063">
      <Execution id="4f990634-c887-4f44-bafa-4dbfddcf1b1d" />
      <TestMethod codeBase="C:\YOKI\Codex\AssetLibrary-worktrees\V03-026\tests\dotnet\AssetLibrary.Packaging.Tests\bin\Release\net10.0\AssetLibrary.Packaging.Tests.dll" adapterTypeName="executor://mstestadapter/v4" className="AssetLibrary.Packaging.Tests.TrialAuthenticationWireTests" name="OriginAndFetchMetadataRejectionsHappenBeforePasswordLookup" />
    </UnitTest>
    <UnitTest name="InvalidDatabaseReadinessConfigurationFailsClosed (&quot;Database=assetlibrary;Username=runtime&quot;)" storage="c:\yoki\codex\assetlibrary-worktrees\v03-026\tests\dotnet\assetlibrary.packaging.tests\bin\release\net10.0\assetlibrary.packaging.tests.dll" id="15c25f04-f2e6-855e-a5db-6d2d7ef62f33">
      <Execution id="86dbabe7-be3b-42c0-b1f5-f03ed8281f42" />
      <TestMethod codeBase="C:\YOKI\Codex\AssetLibrary-worktrees\V03-026\tests\dotnet\AssetLibrary.Packaging.Tests\bin\Release\net10.0\AssetLibrary.Packaging.Tests.dll" adapterTypeName="executor://mstestadapter/v4" className="AssetLibrary.Packaging.Tests.HostOptionsTests" name="InvalidDatabaseReadinessConfigurationFailsClosed" />
    </UnitTest>
    <UnitTest name="ThirdConcurrentLoginIsRejectedBeforeCredentialOrPasswordWork" storage="c:\yoki\codex\assetlibrary-worktrees\v03-026\tests\dotnet\assetlibrary.packaging.tests\bin\release\net10.0\assetlibrary.packaging.tests.dll" id="170e5392-5417-8797-af14-d6d59590dce7">
      <Execution id="c2653563-8b01-4cd7-9517-5c6b3c13e248" />
      <TestMethod codeBase="C:\YOKI\Codex\AssetLibrary-worktrees\V03-026\tests\dotnet\AssetLibrary.Packaging.Tests\bin\Release\net10.0\AssetLibrary.Packaging.Tests.dll" adapterTypeName="executor://mstestadapter/v4" className="AssetLibrary.Packaging.Tests.TrialAuthenticationLimitTests" name="ThirdConcurrentLoginIsRejectedBeforeCredentialOrPasswordWork" />
    </UnitTest>
    <UnitTest name="InvalidDatabaseReadinessConfigurationFailsClosed (&quot;&quot;)" storage="c:\yoki\codex\assetlibrary-worktrees\v03-026\tests\dotnet\assetlibrary.packaging.tests\bin\release\net10.0\assetlibrary.packaging.tests.dll" id="1665efca-a7a1-8b9e-9e00-7db757f960c7">
      <Execution id="11ce9ecc-2a7f-4ebf-9ca0-1688268f3fb8" />
      <TestMethod codeBase="C:\YOKI\Codex\AssetLibrary-worktrees\V03-026\tests\dotnet\AssetLibrary.Packaging.Tests\bin\Release\net10.0\AssetLibrary.Packaging.Tests.dll" adapterTypeName="executor://mstestadapter/v4" className="AssetLibrary.Packaging.Tests.HostOptionsTests" name="InvalidDatabaseReadinessConfigurationFailsClosed" />
    </UnitTest>
    <UnitTest name="RunRequiresExplicitProductionEnvironment" storage="c:\yoki\codex\assetlibrary-worktrees\v03-026\tests\dotnet\assetlibrary.packaging.tests\bin\release\net10.0\assetlibrary.packaging.tests.dll" id="1d855482-4a71-8bbc-8ffc-5eff406cfced">
      <Execution id="83f9011d-da74-42dd-8b40-909979ab8a69" />
      <TestMethod codeBase="C:\YOKI\Codex\AssetLibrary-worktrees\V03-026\tests\dotnet\AssetLibrary.Packaging.Tests\bin\Release\net10.0\AssetLibrary.Packaging.Tests.dll" adapterTypeName="executor://mstestadapter/v4" className="AssetLibrary.Packaging.Tests.HostOptionsTests" name="RunRequiresExplicitProductionEnvironment" />
    </UnitTest>
    <UnitTest name="EcdsaTlsKeysAreRejectedBeforeDataProtectionCanFail" storage="c:\yoki\codex\assetlibrary-worktrees\v03-026\tests\dotnet\assetlibrary.packaging.tests\bin\release\net10.0\assetlibrary.packaging.tests.dll" id="1ee868ef-4e3a-84b7-83f0-a4933dbcabbc">
      <Execution id="4b97d73e-9a88-453a-9969-5acda310c5e5" />
      <TestMethod codeBase="C:\YOKI\Codex\AssetLibrary-worktrees\V03-026\tests\dotnet\AssetLibrary.Packaging.Tests\bin\Release\net10.0\AssetLibrary.Packaging.Tests.dll" adapterTypeName="executor://mstestadapter/v4" className="AssetLibrary.Packaging.Tests.TrialCertificatePolicyTests" name="EcdsaTlsKeysAreRejectedBeforeDataProtectionCanFail" />
    </UnitTest>
    <UnitTest name="DatabaseReadinessPayloadNeverClaimsBusinessOrWriteReadiness" storage="c:\yoki\codex\assetlibrary-worktrees\v03-026\tests\dotnet\assetlibrary.packaging.tests\bin\release\net10.0\assetlibrary.packaging.tests.dll" id="15f1b5f8-dc9d-88a6-b171-ef10f1801fee">
      <Execution id="1407fab3-3f7b-45ed-9572-7a10e77233f1" />
      <TestMethod codeBase="C:\YOKI\Codex\AssetLibrary-worktrees\V03-026\tests\dotnet\AssetLibrary.Packaging.Tests\bin\Release\net10.0\AssetLibrary.Packaging.Tests.dll" adapterTypeName="executor://mstestadapter/v4" className="AssetLibrary.Packaging.Tests.DatabaseReadinessTests" name="DatabaseReadinessPayloadNeverClaimsBusinessOrWriteReadiness" />
    </UnitTest>
    <UnitTest name="InvalidDatabaseReadinessConfigurationFailsClosed (&quot;Host=127.0.0.1;Username=runtime&quot;)" storage="c:\yoki\codex\assetlibrary-worktrees\v03-026\tests\dotnet\assetlibrary.packaging.tests\bin\release\net10.0\assetlibrary.packaging.tests.dll" id="117f4f72-fa05-86fb-b85b-4b75165fde95">
      <Execution id="84f80adc-1cfd-4a4a-9ca2-5d0dbfba25e6" />
      <TestMethod codeBase="C:\YOKI\Codex\AssetLibrary-worktrees\V03-026\tests\dotnet\AssetLibrary.Packaging.Tests\bin\Release\net10.0\AssetLibrary.Packaging.Tests.dll" adapterTypeName="executor://mstestadapter/v4" className="AssetLibrary.Packaging.Tests.HostOptionsTests" name="InvalidDatabaseReadinessConfigurationFailsClosed" />
    </UnitTest>
    <UnitTest name="PortMustStayInsideUnprivilegedDecimalRange (&quot;65536&quot;)" storage="c:\yoki\codex\assetlibrary-worktrees\v03-026\tests\dotnet\assetlibrary.packaging.tests\bin\release\net10.0\assetlibrary.packaging.tests.dll" id="17c29038-f825-8ad7-a643-124e8ca2ebde">
      <Execution id="1970ff54-6a7f-4b88-8b7f-e8e1612c8f27" />
      <TestMethod codeBase="C:\YOKI\Codex\AssetLibrary-worktrees\V03-026\tests\dotnet\AssetLibrary.Packaging.Tests\bin\Release\net10.0\AssetLibrary.Packaging.Tests.dll" adapterTypeName="executor://mstestadapter/v4" className="AssetLibrary.Packaging.Tests.HostOptionsTests" name="PortMustStayInsideUnprivilegedDecimalRange" />
    </UnitTest>
    <UnitTest name="BoundAndCancellationAreEnforcedBeforeUsingConfiguration" storage="c:\yoki\codex\assetlibrary-worktrees\v03-026\tests\dotnet\assetlibrary.packaging.tests\bin\release\net10.0\assetlibrary.packaging.tests.dll" id="1b6c0434-0482-8a34-a732-6ad4e7eec6ec">
      <Execution id="e2efb108-b3bc-4702-a996-124c9c6efbbc" />
      <TestMethod codeBase="C:\YOKI\Codex\AssetLibrary-worktrees\V03-026\tests\dotnet\AssetLibrary.Packaging.Tests\bin\Release\net10.0\AssetLibrary.Packaging.Tests.dll" adapterTypeName="executor://mstestadapter/v4" className="AssetLibrary.Packaging.Tests.TrialConfigurationTests" name="BoundAndCancellationAreEnforcedBeforeUsingConfiguration" />
    </UnitTest>
    <UnitTest name="PortMustStayInsideUnprivilegedDecimalRange (&quot;0&quot;)" storage="c:\yoki\codex\assetlibrary-worktrees\v03-026\tests\dotnet\assetlibrary.packaging.tests\bin\release\net10.0\assetlibrary.packaging.tests.dll" id="1d745ba3-4d98-8d53-b075-09302dd8078c">
      <Execution id="15bbfdf4-9bf1-4b5d-aa64-3109bef567c4" />
      <TestMethod codeBase="C:\YOKI\Codex\AssetLibrary-worktrees\V03-026\tests\dotnet\AssetLibrary.Packaging.Tests\bin\Release\net10.0\AssetLibrary.Packaging.Tests.dll" adapterTypeName="executor://mstestadapter/v4" className="AssetLibrary.Packaging.Tests.HostOptionsTests" name="PortMustStayInsideUnprivilegedDecimalRange" />
    </UnitTest>
    <UnitTest name="CertificateHistoryHasABoundAndCannotReferenceAssetStorage" storage="c:\yoki\codex\assetlibrary-worktrees\v03-026\tests\dotnet\assetlibrary.packaging.tests\bin\release\net10.0\assetlibrary.packaging.tests.dll" id="113044ef-4514-8f45-aa04-bf4cc73f93fe">
      <Execution id="99510095-8b36-43a8-b87d-8c6050efc02c" />
      <TestMethod codeBase="C:\YOKI\Codex\AssetLibrary-worktrees\V03-026\tests\dotnet\AssetLibrary.Packaging.Tests\bin\Release\net10.0\AssetLibrary.Packaging.Tests.dll" adapterTypeName="executor://mstestadapter/v4" className="AssetLibrary.Packaging.Tests.TrialCertificatePolicyTests" name="CertificateHistoryHasABoundAndCannotReferenceAssetStorage" />
    </UnitTest>
    <UnitTest name="InvalidDatabaseReadinessConfigurationFailsClosed (&quot;Host=127.0.0.1;Database=assetlibrary;Username=runtime;Options=-c statement_timeout=0&quot;)" storage="c:\yoki\codex\assetlibrary-worktrees\v03-026\tests\dotnet\assetlibrary.packaging.tests\bin\release\net10.0\assetlibrary.packaging.tests.dll" id="1e1156b9-d5be-8cbf-b6ab-4f19ef323f02">
      <Execution id="59e819eb-da9d-46c8-9ab8-c7e9291acac5" />
      <TestMethod codeBase="C:\YOKI\Codex\AssetLibrary-worktrees\V03-026\tests\dotnet\AssetLibrary.Packaging.Tests\bin\Release\net10.0\AssetLibrary.Packaging.Tests.dll" adapterTypeName="executor://mstestadapter/v4" className="AssetLibrary.Packaging.Tests.HostOptionsTests" name="InvalidDatabaseReadinessConfigurationFailsClosed" />
    </UnitTest>
    <UnitTest name="StateBoundaryProbeWritesAndLeavesNoFileBehind" storage="c:\yoki\codex\assetlibrary-worktrees\v03-026\tests\dotnet\assetlibrary.packaging.tests\bin\release\net10.0\assetlibrary.packaging.tests.dll" id="1fd841bd-c7dc-86f9-919d-507968807418">
      <Execution id="d0519cb7-de18-44e8-96fe-2a4bbed69bfe" />
      <TestMethod codeBase="C:\YOKI\Codex\AssetLibrary-worktrees\V03-026\tests\dotnet\AssetLibrary.Packaging.Tests\bin\Release\net10.0\AssetLibrary.Packaging.Tests.dll" adapterTypeName="executor://mstestadapter/v4" className="AssetLibrary.Packaging.Tests.HostContractTests" name="StateBoundaryProbeWritesAndLeavesNoFileBehind" />
    </UnitTest>
  </TestDefinitions>
  <TestEntries>
    <TestEntry testId="16e42500-d57c-8267-b4f6-e90d84d3de2d" executionId="a17ae41c-6303-4254-b214-fd951d760c91" testListId="8c84fa94-04c1-424b-9868-57a2d4851a1d" />
    <TestEntry testId="1ee868ef-4e3a-84b7-83f0-a4933dbcabbc" executionId="4b97d73e-9a88-453a-9969-5acda310c5e5" testListId="8c84fa94-04c1-424b-9868-57a2d4851a1d" />
    <TestEntry testId="193c51cd-3f42-88f3-802c-33b7794afdd2" executionId="7a06b466-975f-4d5a-85fb-89d5e8e7453e" testListId="8c84fa94-04c1-424b-9868-57a2d4851a1d" />
    <TestEntry testId="1c2ea484-d955-8f39-92f3-4ef7c0c89020" executionId="0e9cfe2e-7a66-4d0b-9c2e-3551b6e5baef" testListId="8c84fa94-04c1-424b-9868-57a2d4851a1d" />
    <TestEntry testId="113044ef-4514-8f45-aa04-bf4cc73f93fe" executionId="99510095-8b36-43a8-b87d-8c6050efc02c" testListId="8c84fa94-04c1-424b-9868-57a2d4851a1d" />
    <TestEntry testId="1181b343-6348-88ca-9291-bc892d817f8d" executionId="dd495575-5f2e-441f-b503-a863ffc843f9" testListId="8c84fa94-04c1-424b-9868-57a2d4851a1d" />
    <TestEntry testId="16c0ab35-a538-8a11-a413-adbc76dda94d" executionId="d3b66e79-b002-4fa4-b8f7-ee3377be3d01" testListId="8c84fa94-04c1-424b-9868-57a2d4851a1d" />
    <TestEntry testId="150a6f4e-a817-8dc1-b758-8f5b65261dac" executionId="40045eb1-a928-420e-a335-605e770f7829" testListId="8c84fa94-04c1-424b-9868-57a2d4851a1d" />
    <TestEntry testId="163c4fa0-fe40-8fc1-aada-629c645c3ba2" executionId="6a5ff82f-ca26-4f34-8aa4-519a086ad7ec" testListId="8c84fa94-04c1-424b-9868-57a2d4851a1d" />
    <TestEntry testId="11fb5ffe-07eb-8783-ad6e-2e768a0a4fe2" executionId="bf095ebb-9ac9-4211-a6bb-a6570fbab9c2" testListId="8c84fa94-04c1-424b-9868-57a2d4851a1d" />
    <TestEntry testId="1250edb8-8ae7-8868-9c06-23e00eafbe70" executionId="db140a53-6116-4d8f-a223-5e03ec177c8d" testListId="8c84fa94-04c1-424b-9868-57a2d4851a1d" />
    <TestEntry testId="13d6a3cf-5018-8105-961d-3cf75698b3d5" executionId="614b2e1f-0dac-44a7-a33a-6f926615cd08" testListId="8c84fa94-04c1-424b-9868-57a2d4851a1d" />
    <TestEntry testId="19236e60-732f-8499-a521-ea5fcaa1ad61" executionId="c47979c0-85ea-402a-8d22-863a28fd0c9d" testListId="8c84fa94-04c1-424b-9868-57a2d4851a1d" />
    <TestEntry testId="1332b792-60c5-8c27-ba0f-91bd76896da0" executionId="0aabebc4-8e31-456e-920a-c0262621dd51" testListId="8c84fa94-04c1-424b-9868-57a2d4851a1d" />
    <TestEntry testId="117f4f72-fa05-86fb-b85b-4b75165fde95" executionId="84f80adc-1cfd-4a4a-9ca2-5d0dbfba25e6" testListId="8c84fa94-04c1-424b-9868-57a2d4851a1d" />
    <TestEntry testId="14ebb846-8cdb-8d77-bce1-d8c0f0e0a456" executionId="2af220e6-d5f5-4713-ba6f-2019edd09dac" testListId="8c84fa94-04c1-424b-9868-57a2d4851a1d" />
    <TestEntry testId="1e7307ba-4a9e-8f5b-a76d-2b8389f24d6c" executionId="c12e2367-4c66-41f0-83de-1a7970b5face" testListId="8c84fa94-04c1-424b-9868-57a2d4851a1d" />
    <TestEntry testId="124158bd-a01c-84ef-b3c7-76747bd01b62" executionId="5499a1c1-420f-4898-8ce5-5e26996c0d25" testListId="8c84fa94-04c1-424b-9868-57a2d4851a1d" />
    <TestEntry testId="1d745ba3-4d98-8d53-b075-09302dd8078c" executionId="15bbfdf4-9bf1-4b5d-aa64-3109bef567c4" testListId="8c84fa94-04c1-424b-9868-57a2d4851a1d" />
    <TestEntry testId="1d00d32d-9674-81a1-9a55-953c3313ef72" executionId="6629efa9-e499-43e1-a11c-262d2229f20c" testListId="8c84fa94-04c1-424b-9868-57a2d4851a1d" />
    <TestEntry testId="1fd841bd-c7dc-86f9-919d-507968807418" executionId="d0519cb7-de18-44e8-96fe-2a4bbed69bfe" testListId="8c84fa94-04c1-424b-9868-57a2d4851a1d" />
    <TestEntry testId="15c25f04-f2e6-855e-a5db-6d2d7ef62f33" executionId="86dbabe7-be3b-42c0-b1f5-f03ed8281f42" testListId="8c84fa94-04c1-424b-9868-57a2d4851a1d" />
    <TestEntry testId="1e1156b9-d5be-8cbf-b6ab-4f19ef323f02" executionId="59e819eb-da9d-46c8-9ab8-c7e9291acac5" testListId="8c84fa94-04c1-424b-9868-57a2d4851a1d" />
    <TestEntry testId="11e6e7d4-b69a-86c5-9e3f-453f835bb701" executionId="65b28e4f-8ee0-4943-b5a4-e13632262e48" testListId="8c84fa94-04c1-424b-9868-57a2d4851a1d" />
    <TestEntry testId="13b804b7-0d28-855c-a9dc-151df3202cbf" executionId="0566249a-d266-4553-b2d8-48c724eccfdc" testListId="8c84fa94-04c1-424b-9868-57a2d4851a1d" />
    <TestEntry testId="14f3e8c2-da22-808a-87fb-7497eceebb26" executionId="0daea338-3ea4-4f5c-a14f-800ce15c89a8" testListId="8c84fa94-04c1-424b-9868-57a2d4851a1d" />
    <TestEntry testId="115e35d9-f96d-879d-8b15-7df9c8cfda43" executionId="554af548-816a-47b7-8fc9-8583fdcf8880" testListId="8c84fa94-04c1-424b-9868-57a2d4851a1d" />
    <TestEntry testId="101f7f6b-e8f0-85be-8349-47a9f57bacef" executionId="29004b15-cc60-4640-93ca-bd7ca11af724" testListId="8c84fa94-04c1-424b-9868-57a2d4851a1d" />
    <TestEntry testId="13a9fe4e-4b42-85fa-a719-0d0813e24c11" executionId="71fec5dc-fba7-4e00-a045-9f9782c67319" testListId="8c84fa94-04c1-424b-9868-57a2d4851a1d" />
    <TestEntry testId="11c1c751-4ec8-8885-9984-5e9be3faa68a" executionId="124245be-ae12-4042-8677-268208c8ee7b" testListId="8c84fa94-04c1-424b-9868-57a2d4851a1d" />
    <TestEntry testId="10a88c6b-30cb-8096-9887-f6b9a3f290a0" executionId="7ae38701-c5f7-42f4-84d7-89019414c6e2" testListId="8c84fa94-04c1-424b-9868-57a2d4851a1d" />
    <TestEntry testId="1b6c0434-0482-8a34-a732-6ad4e7eec6ec" executionId="e2efb108-b3bc-4702-a996-124c9c6efbbc" testListId="8c84fa94-04c1-424b-9868-57a2d4851a1d" />
    <TestEntry testId="1f274c01-f5f1-8ffc-bc01-96a4595c346b" executionId="a81b1a95-e4e9-4f05-814d-2c5fabe52c38" testListId="8c84fa94-04c1-424b-9868-57a2d4851a1d" />
    <TestEntry testId="1de8b9e2-17c7-8216-a5c6-a1b7a2d7dfb4" executionId="ebb792f3-6329-405a-83f2-121f775350fb" testListId="8c84fa94-04c1-424b-9868-57a2d4851a1d" />
    <TestEntry testId="11e01a7a-7779-801a-bf4d-8260693060cf" executionId="569cfb7c-ef3a-4187-a9e4-61688e9b67a8" testListId="8c84fa94-04c1-424b-9868-57a2d4851a1d" />
    <TestEntry testId="1665efca-a7a1-8b9e-9e00-7db757f960c7" executionId="11ce9ecc-2a7f-4ebf-9ca0-1688268f3fb8" testListId="8c84fa94-04c1-424b-9868-57a2d4851a1d" />
    <TestEntry testId="195a24d5-8b6a-8a24-9c38-e408f503981e" executionId="278652e6-323b-48f4-a5c4-0795bbfe86f1" testListId="8c84fa94-04c1-424b-9868-57a2d4851a1d" />
    <TestEntry testId="14887382-5544-8dce-bf20-9dee47ebb8bb" executionId="f2f798ac-1d52-4638-8233-1e00dd1e7c0d" testListId="8c84fa94-04c1-424b-9868-57a2d4851a1d" />
    <TestEntry testId="176e6166-092c-893b-9207-b8c6267c1367" executionId="acb0c80f-ce2f-49be-b702-1fdfda1558f7" testListId="8c84fa94-04c1-424b-9868-57a2d4851a1d" />
    <TestEntry testId="13e0e270-8968-833b-b786-2f99b4451829" executionId="e9c5b958-181f-4a83-98de-c3731ce8db03" testListId="8c84fa94-04c1-424b-9868-57a2d4851a1d" />
    <TestEntry testId="1c0ea979-cf76-85ea-b4cd-236ca6351042" executionId="8abebbf0-9d8f-47c4-a618-85c3e0d5d6c8" testListId="8c84fa94-04c1-424b-9868-57a2d4851a1d" />
    <TestEntry testId="16c8212b-358e-8ed7-a2a6-f6eb215ea147" executionId="32e3f1c5-4d41-453a-a1e1-b8b92448f75a" testListId="8c84fa94-04c1-424b-9868-57a2d4851a1d" />
    <TestEntry testId="17c29038-f825-8ad7-a643-124e8ca2ebde" executionId="1970ff54-6a7f-4b88-8b7f-e8e1612c8f27" testListId="8c84fa94-04c1-424b-9868-57a2d4851a1d" />
    <TestEntry testId="1e5dcdbb-5f8e-8aec-8e46-88bd5b6c7063" executionId="4f990634-c887-4f44-bafa-4dbfddcf1b1d" testListId="8c84fa94-04c1-424b-9868-57a2d4851a1d" />
    <TestEntry testId="1061c447-f233-862a-9086-f1b3a7edba60" executionId="a84e9b68-4139-42b2-905f-ad11d9385534" testListId="8c84fa94-04c1-424b-9868-57a2d4851a1d" />
    <TestEntry testId="158183c2-becb-8f2b-9f85-4e2da70b19bc" executionId="f9fd2457-111d-49a0-905e-16699c94b682" testListId="8c84fa94-04c1-424b-9868-57a2d4851a1d" />
    <TestEntry testId="13a2476d-60a3-860e-83a4-a3eb30d13d7f" executionId="f26aa3d9-4d91-4fb0-9ff4-1aa2c4476c73" testListId="8c84fa94-04c1-424b-9868-57a2d4851a1d" />
    <TestEntry testId="177316cb-06ab-8a80-8595-d838bb12df4d" executionId="9c773547-e2cf-443b-ba9d-b20765fbf4a2" testListId="8c84fa94-04c1-424b-9868-57a2d4851a1d" />
    <TestEntry testId="14909d3d-ac5b-8ac4-ab2d-b9e7f6384bd3" executionId="ea809b7d-a6e8-491e-b0f5-0abad3d9b4dc" testListId="8c84fa94-04c1-424b-9868-57a2d4851a1d" />
    <TestEntry testId="158dfd30-e7c0-8892-9979-a0cdb1fdb68d" executionId="9d3257ef-2335-4a90-84d4-24538673de33" testListId="8c84fa94-04c1-424b-9868-57a2d4851a1d" />
    <TestEntry testId="1c1ace04-727a-8c84-a86c-423ba3dbdbda" executionId="03c2d86b-0296-45a8-ad22-cc8d99900b88" testListId="8c84fa94-04c1-424b-9868-57a2d4851a1d" />
    <TestEntry testId="19356038-303f-8482-baa9-9b1b680033ee" executionId="d96314f9-27de-46be-b69e-47c716b68dd4" testListId="8c84fa94-04c1-424b-9868-57a2d4851a1d" />
    <TestEntry testId="19a6d369-c288-868a-94d7-2c080e6c24c4" executionId="93b084eb-3967-45ad-b7d6-52780e47c037" testListId="8c84fa94-04c1-424b-9868-57a2d4851a1d" />
    <TestEntry testId="1976d81d-7480-8b20-b0dd-85e864ed9933" executionId="2540b6de-b158-41e8-95ea-547a2c334dba" testListId="8c84fa94-04c1-424b-9868-57a2d4851a1d" />
    <TestEntry testId="156a4bbc-2015-8868-a06a-256c50eb9005" executionId="8f6de4a7-3d31-4d09-b5d5-7bf16db42302" testListId="8c84fa94-04c1-424b-9868-57a2d4851a1d" />
    <TestEntry testId="18aab115-7f59-88eb-809d-0ce5e6e6e612" executionId="fd09f019-93c6-4722-b5c7-e58f1a413e2f" testListId="8c84fa94-04c1-424b-9868-57a2d4851a1d" />
    <TestEntry testId="1d855482-4a71-8bbc-8ffc-5eff406cfced" executionId="83f9011d-da74-42dd-8b40-909979ab8a69" testListId="8c84fa94-04c1-424b-9868-57a2d4851a1d" />
    <TestEntry testId="13784cec-fa91-8495-86c3-d77337384edb" executionId="d843d3d8-ab8a-4a98-be9b-9929405b1e8e" testListId="8c84fa94-04c1-424b-9868-57a2d4851a1d" />
    <TestEntry testId="198acaaa-af59-855a-be92-734dcfa0110d" executionId="ae1961a9-0976-4337-ab83-92df9eb9bb09" testListId="8c84fa94-04c1-424b-9868-57a2d4851a1d" />
    <TestEntry testId="10f77bcf-ab7c-8177-a0ad-be73dc645471" executionId="68aa1475-0819-4b67-9eda-bf9d1ecc4cab" testListId="8c84fa94-04c1-424b-9868-57a2d4851a1d" />
    <TestEntry testId="15f1b5f8-dc9d-88a6-b171-ef10f1801fee" executionId="1407fab3-3f7b-45ed-9572-7a10e77233f1" testListId="8c84fa94-04c1-424b-9868-57a2d4851a1d" />
    <TestEntry testId="170e5392-5417-8797-af14-d6d59590dce7" executionId="c2653563-8b01-4cd7-9517-5c6b3c13e248" testListId="8c84fa94-04c1-424b-9868-57a2d4851a1d" />
    <TestEntry testId="19c5ee25-d963-8d84-b863-f6b55b25f2c5" executionId="5dba2836-531e-4983-8168-19b9652200fb" testListId="8c84fa94-04c1-424b-9868-57a2d4851a1d" />
  </TestEntries>
  <TestLists>
    <TestList name="列表中未列出的结果" id="8c84fa94-04c1-424b-9868-57a2d4851a1d" />
    <TestList name="所有已加载的结果" id="19431567-8539-422a-85d7-44ee4e166bda" />
  </TestLists>
  <ResultSummary outcome="Completed">
    <Counters total="63" executed="63" passed="63" failed="0" error="0" timeout="0" aborted="0" inconclusive="0" passedButRunAborted="0" notRunnable="0" notExecuted="0" disconnected="0" warning="0" completed="0" inProgress="0" pending="0" />
    <Output>
      <StdOut>已为 C:\YOKI\Codex\AssetLibrary-worktrees\V03-026\tests\dotnet\AssetLibrary.Packaging.Tests\bin\Release\net10.0\AssetLibrary.Packaging.Tests.dll 启用测试并行化(Workers: 16，Scope: MethodLevel)&#xD;
</StdOut>
    </Output>
  </ResultSummary>
</TestRun>