<?xml version="1.0" encoding="utf-8"?>
<TestRun id="e92f9ac0-c9ef-4d2d-83a2-28c86bd796a3" name="Administrator@YOKIIRONETBOOK 2026-09-13 18:32:26" runUser="YOKIIRONETBOOK\Administrator" xmlns="http://microsoft.com/schemas/VisualStudio/TeamTest/2010">
  <Times creation="2026-09-13T18:32:26.4831940+08:00" queuing="2026-09-13T18:32:26.4831941+08:00" start="2026-09-13T18:32:25.9972341+08:00" finish="2026-09-13T18:32:26.9466344+08:00" />
  <TestSettings name="default" id="78de40f9-7ffc-4302-a699-2e94dae8b2ae">
    <Deployment runDeploymentRoot="Administrator_YOKIIRONETBOOK_2026-09-13_18_32_26" />
  </TestSettings>
  <Results>
    <UnitTestResult executionId="d8b26d7f-ef21-4cce-a382-634d0d78f8e5" testId="1b8c364f-6b32-8a6c-ae6a-72865a276e93" testName="ChangedPhysicalFactsProduceDifferentConfirmation" computerName="YOKIIRONETBOOK" duration="00:00:00.0039733" startTime="2026-09-13T18:32:26.4666212+08:00" endTime="2026-09-13T18:32:26.4706332+08:00" testType="13cdc9d9-ddb5-4fa4-a97d-d965ccfc6d4b" outcome="Passed" testListId="8c84fa94-04c1-424b-9868-57a2d4851a1d" relativeResultsDirectory="d8b26d7f-ef21-4cce-a382-634d0d78f8e5" />
    <UnitTestResult executionId="37013a84-066f-4ce5-a809-dd00a4f9af5c" testId="1eec063c-efae-8ff9-a6a7-0369f478cd05" testName="MoveRecoveryUsesPhysicalFactsAndIsIdempotent (3)" computerName="YOKIIRONETBOOK" duration="00:00:00.2483070" startTime="2026-09-13T18:32:26.4773436+08:00" endTime="2026-09-13T18:32:26.7257241+08:00" testType="13cdc9d9-ddb5-4fa4-a97d-d965ccfc6d4b" outcome="Passed" testListId="8c84fa94-04c1-424b-9868-57a2d4851a1d" relativeResultsDirectory="37013a84-066f-4ce5-a809-dd00a4f9af5c" />
    <UnitTestResult executionId="cfdee846-7c13-4dc2-884a-baff6c1c0e4e" testId="1878ba08-5174-80d2-a461-36b0651d16ed" testName="MoveRecoveryUsesPhysicalFactsAndIsIdempotent (4)" computerName="YOKIIRONETBOOK" duration="00:00:00.2241419" startTime="2026-09-13T18:32:26.4879421+08:00" endTime="2026-09-13T18:32:26.7125962+08:00" testType="13cdc9d9-ddb5-4fa4-a97d-d965ccfc6d4b" outcome="Passed" testListId="8c84fa94-04c1-424b-9868-57a2d4851a1d" relativeResultsDirectory="cfdee846-7c13-4dc2-884a-baff6c1c0e4e" />
    <UnitTestResult executionId="e558bc54-9b88-41b1-b2a2-11340bdb6381" testId="15fd9b24-0f5d-8f6a-a01e-590dd7d29255" testName="TrashForbidsTargetAndCopyRequiresTarget" computerName="YOKIIRONETBOOK" duration="00:00:00.0134448" startTime="2026-09-13T18:32:26.4131557+08:00" endTime="2026-09-13T18:32:26.4551924+08:00" testType="13cdc9d9-ddb5-4fa4-a97d-d965ccfc6d4b" outcome="Passed" testListId="8c84fa94-04c1-424b-9868-57a2d4851a1d" relativeResultsDirectory="e558bc54-9b88-41b1-b2a2-11340bdb6381" />
    <UnitTestResult executionId="065cef95-ef8f-4576-acbd-3922150fd8ca" testId="174bda51-d33b-85aa-a733-3999ea164f16" testName="CallerCancellationMarksUnattemptedItems" computerName="YOKIIRONETBOOK" duration="00:00:00.0181179" startTime="2026-09-13T18:32:26.4541088+08:00" endTime="2026-09-13T18:32:26.4723474+08:00" testType="13cdc9d9-ddb5-4fa4-a97d-d965ccfc6d4b" outcome="Passed" testListId="8c84fa94-04c1-424b-9868-57a2d4851a1d" relativeResultsDirectory="065cef95-ef8f-4576-acbd-3922150fd8ca" />
    <UnitTestResult executionId="b43420f2-213b-45dc-87ba-af5fe5db8745" testId="10e244bd-a730-84d3-b741-796399533bed" testName="MoveRecoveryUsesPhysicalFactsAndIsIdempotent (2)" computerName="YOKIIRONETBOOK" duration="00:00:00.2681064" startTime="2026-09-13T18:32:26.4744858+08:00" endTime="2026-09-13T18:32:26.7426468+08:00" testType="13cdc9d9-ddb5-4fa4-a97d-d965ccfc6d4b" outcome="Passed" testListId="8c84fa94-04c1-424b-9868-57a2d4851a1d" relativeResultsDirectory="b43420f2-213b-45dc-87ba-af5fe5db8745" />
    <UnitTestResult executionId="927abf16-379e-4070-bc5c-5769f5bb193a" testId="1f5f9803-e5ec-87ef-8770-19c7126d385b" testName="ReparseComponentIsRejected" computerName="YOKIIRONETBOOK" duration="00:00:00.2109164" startTime="2026-09-13T18:32:26.4713657+08:00" endTime="2026-09-13T18:32:26.6823430+08:00" testType="13cdc9d9-ddb5-4fa4-a97d-d965ccfc6d4b" outcome="Passed" testListId="8c84fa94-04c1-424b-9868-57a2d4851a1d" relativeResultsDirectory="927abf16-379e-4070-bc5c-5769f5bb193a" />
    <UnitTestResult executionId="528d5d16-dae4-405b-bee3-62b64073cb75" testId="18800219-5ac3-8dd6-b3ff-31fb92e984f4" testName="ExistingStoreResultWithDifferentIntentIsRejected" computerName="YOKIIRONETBOOK" duration="00:00:00.0013109" startTime="2026-09-13T18:32:26.5665568+08:00" endTime="2026-09-13T18:32:26.5679547+08:00" testType="13cdc9d9-ddb5-4fa4-a97d-d965ccfc6d4b" outcome="Passed" testListId="8c84fa94-04c1-424b-9868-57a2d4851a1d" relativeResultsDirectory="528d5d16-dae4-405b-bee3-62b64073cb75" />
    <UnitTestResult executionId="da41af62-71d1-4a6e-bd38-b02f0c3b7a6f" testId="162a3926-d2bc-8538-8286-31589e9f2107" testName="ExpiredPreflightCannotInvokeExecutor" computerName="YOKIIRONETBOOK" duration="00:00:00.0022233" startTime="2026-09-13T18:32:26.4699113+08:00" endTime="2026-09-13T18:32:26.4721728+08:00" testType="13cdc9d9-ddb5-4fa4-a97d-d965ccfc6d4b" outcome="Passed" testListId="8c84fa94-04c1-424b-9868-57a2d4851a1d" relativeResultsDirectory="da41af62-71d1-4a6e-bd38-b02f0c3b7a6f" />
    <UnitTestResult executionId="5e2a7ffa-8300-42df-9cb0-1e6ce3ee14a9" testId="1e3bc864-1e86-8c0a-9b30-12b6cbfcab1d" testName="TerminalStatesCannotMoveBackward" computerName="YOKIIRONETBOOK" duration="00:00:00.0062736" startTime="2026-09-13T18:32:26.4131366+08:00" endTime="2026-09-13T18:32:26.4544034+08:00" testType="13cdc9d9-ddb5-4fa4-a97d-d965ccfc6d4b" outcome="Passed" testListId="8c84fa94-04c1-424b-9868-57a2d4851a1d" relativeResultsDirectory="5e2a7ffa-8300-42df-9cb0-1e6ce3ee14a9" />
    <UnitTestResult executionId="c000729f-caee-49d3-b45c-6f002e06a0f8" testId="14233dee-f79e-88b2-b728-af7ba6ea1b2d" testName="RestoreCollisionPreservesTrashAndExistingTarget" computerName="YOKIIRONETBOOK" duration="00:00:00.0249557" startTime="2026-09-13T18:32:26.5394213+08:00" endTime="2026-09-13T18:32:26.5644782+08:00" testType="13cdc9d9-ddb5-4fa4-a97d-d965ccfc6d4b" outcome="Passed" testListId="8c84fa94-04c1-424b-9868-57a2d4851a1d" relativeResultsDirectory="c000729f-caee-49d3-b45c-6f002e06a0f8" />
    <UnitTestResult executionId="b2062051-c2c3-4b9f-acf9-75c6343239b6" testId="128be247-9aeb-8298-8802-14901b86a580" testName="ServiceTimeoutIsDistinctFromCallerCancellation" computerName="YOKIIRONETBOOK" duration="00:00:00.0659580" startTime="2026-09-13T18:32:26.4374891+08:00" endTime="2026-09-13T18:32:26.5062178+08:00" testType="13cdc9d9-ddb5-4fa4-a97d-d965ccfc6d4b" outcome="Passed" testListId="8c84fa94-04c1-424b-9868-57a2d4851a1d" relativeResultsDirectory="b2062051-c2c3-4b9f-acf9-75c6343239b6" />
    <UnitTestResult executionId="17f2d12d-68de-4755-be95-603ab4e6b172" testId="18854104-2d13-872f-ae8e-2dd6a526d3a0" testName="LocationTokensRejectPathSyntax (&quot;source/token&quot;)" computerName="YOKIIRONETBOOK" duration="00:00:00.0070532" startTime="2026-09-13T18:32:26.4131459+08:00" endTime="2026-09-13T18:32:26.4545187+08:00" testType="13cdc9d9-ddb5-4fa4-a97d-d965ccfc6d4b" outcome="Passed" testListId="8c84fa94-04c1-424b-9868-57a2d4851a1d" relativeResultsDirectory="17f2d12d-68de-4755-be95-603ab4e6b172" />
    <UnitTestResult executionId="de03e9f5-c3e8-4d54-bf0d-a562c8b8de29" testId="1a592a3a-9e8a-874f-8456-85bff433dc02" testName="NestedDefaultDigestIsRejected" computerName="YOKIIRONETBOOK" duration="00:00:00.0064976" startTime="2026-09-13T18:32:26.4131871+08:00" endTime="2026-09-13T18:32:26.4543808+08:00" testType="13cdc9d9-ddb5-4fa4-a97d-d965ccfc6d4b" outcome="Passed" testListId="8c84fa94-04c1-424b-9868-57a2d4851a1d" relativeResultsDirectory="de03e9f5-c3e8-4d54-bf0d-a562c8b8de29" />
    <UnitTestResult executionId="14f52d18-9678-4d7b-bb5f-fb489661197f" testId="1bc113fe-92ac-8c32-b06c-ae7e8fd79d33" testName="CompletedPlanStillRequiresItsExactConfirmation" computerName="YOKIIRONETBOOK" duration="00:00:00.0096892" startTime="2026-09-13T18:32:26.4632295+08:00" endTime="2026-09-13T18:32:26.4729722+08:00" testType="13cdc9d9-ddb5-4fa4-a97d-d965ccfc6d4b" outcome="Passed" testListId="8c84fa94-04c1-424b-9868-57a2d4851a1d" relativeResultsDirectory="14f52d18-9678-4d7b-bb5f-fb489661197f" />
    <UnitTestResult executionId="63bf4ef6-d005-4349-b888-5e9be0eff649" testId="1088155f-cbe7-8a6f-882b-b0c2e1be6e41" testName="CopyRecoveryReportsConflictWhenCommittedTargetLostItsSource" computerName="YOKIIRONETBOOK" duration="00:00:00.2421367" startTime="2026-09-13T18:32:26.4884658+08:00" endTime="2026-09-13T18:32:26.7306552+08:00" testType="13cdc9d9-ddb5-4fa4-a97d-d965ccfc6d4b" outcome="Passed" testListId="8c84fa94-04c1-424b-9868-57a2d4851a1d" relativeResultsDirectory="63bf4ef6-d005-4349-b888-5e9be0eff649" />
    <UnitTestResult executionId="0f060339-cd13-4b24-9fb1-e0197cd33302" testId="1663ceae-df5f-821b-ab1e-10cc3fac7ff4" testName="RejectedPreflightCannotExecute" computerName="YOKIIRONETBOOK" duration="00:00:00.0029785" startTime="2026-09-13T18:32:26.4643259+08:00" endTime="2026-09-13T18:32:26.4673781+08:00" testType="13cdc9d9-ddb5-4fa4-a97d-d965ccfc6d4b" outcome="Passed" testListId="8c84fa94-04c1-424b-9868-57a2d4851a1d" relativeResultsDirectory="0f060339-cd13-4b24-9fb1-e0197cd33302" />
    <UnitTestResult executionId="2fcae4fe-3b62-4bdd-af7b-bf5599f0ce24" testId="1ec0ae8e-78a7-81c1-be16-a324f941a2b8" testName="ConcurrentCopiesToSameTargetHaveExactlyOneWinner" computerName="YOKIIRONETBOOK" duration="00:00:00.2365349" startTime="2026-09-13T18:32:26.4714131+08:00" endTime="2026-09-13T18:32:26.7080151+08:00" testType="13cdc9d9-ddb5-4fa4-a97d-d965ccfc6d4b" outcome="Passed" testListId="8c84fa94-04c1-424b-9868-57a2d4851a1d" relativeResultsDirectory="2fcae4fe-3b62-4bdd-af7b-bf5599f0ce24" />
    <UnitTestResult executionId="0720dda0-dc44-4b0b-938d-a43d82ece8b1" testId="1b60dc31-cb54-8e5b-9bc5-3d74751b07e9" testName="MoveCommitsTargetBeforeSourceEntersTrash" computerName="YOKIIRONETBOOK" duration="00:00:00.2097119" startTime="2026-09-13T18:32:26.4728771+08:00" endTime="2026-09-13T18:32:26.6826270+08:00" testType="13cdc9d9-ddb5-4fa4-a97d-d965ccfc6d4b" outcome="Passed" testListId="8c84fa94-04c1-424b-9868-57a2d4851a1d" relativeResultsDirectory="0720dda0-dc44-4b0b-938d-a43d82ece8b1" />
    <UnitTestResult executionId="d6618084-6eef-4b4f-8dd9-153dedd35f5c" testId="1f2a253a-5e56-8e9c-8ce9-4359a76ed336" testName="StructurallyEqualRehydratedCompletionIsAccepted" computerName="YOKIIRONETBOOK" duration="00:00:00.0015264" startTime="2026-09-13T18:32:26.4699730+08:00" endTime="2026-09-13T18:32:26.4715631+08:00" testType="13cdc9d9-ddb5-4fa4-a97d-d965ccfc6d4b" outcome="Passed" testListId="8c84fa94-04c1-424b-9868-57a2d4851a1d" relativeResultsDirectory="d6618084-6eef-4b4f-8dd9-153dedd35f5c" />
    <UnitTestResult executionId="cbd92c55-64aa-4a93-b860-98fee19c4e0c" testId="1cfc3459-07a2-84f1-8576-496952af1cf2" testName="WrongConfirmationCannotExecute" computerName="YOKIIRONETBOOK" duration="00:00:00.0085403" startTime="2026-09-13T18:32:26.4556672+08:00" endTime="2026-09-13T18:32:26.4642958+08:00" testType="13cdc9d9-ddb5-4fa4-a97d-d965ccfc6d4b" outcome="Passed" testListId="8c84fa94-04c1-424b-9868-57a2d4851a1d" relativeResultsDirectory="cbd92c55-64aa-4a93-b860-98fee19c4e0c" />
    <UnitTestResult executionId="55faef2a-1acd-4850-8f39-4d3bffa5bcbd" testId="19890176-61c6-8aaa-bdc8-beb340f92fdf" testName="ExecutionRightsRejectNestedDefaultValues" computerName="YOKIIRONETBOOK" duration="00:00:00.0082776" startTime="2026-09-13T18:32:26.4132066+08:00" endTime="2026-09-13T18:32:26.4551020+08:00" testType="13cdc9d9-ddb5-4fa4-a97d-d965ccfc6d4b" outcome="Passed" testListId="8c84fa94-04c1-424b-9868-57a2d4851a1d" relativeResultsDirectory="55faef2a-1acd-4850-8f39-4d3bffa5bcbd" />
    <UnitTestResult executionId="d437db71-bff2-4d55-9951-f3f5885accc0" testId="18de1825-12fb-85d7-a21e-e859c63fc852" testName="RequestDeadlineProducesDistinctFailure" computerName="YOKIIRONETBOOK" duration="00:00:00.0009034" startTime="2026-09-13T18:32:26.5688893+08:00" endTime="2026-09-13T18:32:26.5698697+08:00" testType="13cdc9d9-ddb5-4fa4-a97d-d965ccfc6d4b" outcome="Passed" testListId="8c84fa94-04c1-424b-9868-57a2d4851a1d" relativeResultsDirectory="d437db71-bff2-4d55-9951-f3f5885accc0" />
    <UnitTestResult executionId="52d47eae-18c6-4213-8819-3bdb4fb75054" testId="16971de0-413b-8dff-9919-d33fa7725f8a" testName="PrepareIsReadOnlyAndBindsExactPreflightToConfirmation" computerName="YOKIIRONETBOOK" duration="00:00:00.0017314" startTime="2026-09-13T18:32:26.4665057+08:00" endTime="2026-09-13T18:32:26.4682998+08:00" testType="13cdc9d9-ddb5-4fa4-a97d-d965ccfc6d4b" outcome="Passed" testListId="8c84fa94-04c1-424b-9868-57a2d4851a1d" relativeResultsDirectory="52d47eae-18c6-4213-8819-3bdb4fb75054" />
    <UnitTestResult executionId="a4e01f3a-1b70-495f-be48-438bbab7f9c6" testId="116972b2-871d-8808-a6d0-21293fb338f8" testName="TimeSpentInspectingCannotExtendRequestDeadline" computerName="YOKIIRONETBOOK" duration="00:00:00.0182351" startTime="2026-09-13T18:32:26.4701569+08:00" endTime="2026-09-13T18:32:26.4884480+08:00" testType="13cdc9d9-ddb5-4fa4-a97d-d965ccfc6d4b" outcome="Passed" testListId="8c84fa94-04c1-424b-9868-57a2d4851a1d" relativeResultsDirectory="a4e01f3a-1b70-495f-be48-438bbab7f9c6" />
    <UnitTestResult executionId="a2be7891-3c6f-4906-a65d-e178ba9ce4d7" testId="1705e1c4-4c53-8045-89ae-f584fe24f998" testName="MoveRecoveryUsesPhysicalFactsAndIsIdempotent (1)" computerName="YOKIIRONETBOOK" duration="00:00:00.2421307" startTime="2026-09-13T18:32:26.4732420+08:00" endTime="2026-09-13T18:32:26.7154594+08:00" testType="13cdc9d9-ddb5-4fa4-a97d-d965ccfc6d4b" outcome="Passed" testListId="8c84fa94-04c1-424b-9868-57a2d4851a1d" relativeResultsDirectory="a2be7891-3c6f-4906-a65d-e178ba9ce4d7" />
    <UnitTestResult executionId="7b533e1d-a642-42a6-9923-e9740e866c60" testId="129cbbfb-8b7e-8b73-b03a-61c6f6507ce9" testName="OperationPlanRejectsDefaultIdentifiersAndTokens" computerName="YOKIIRONETBOOK" duration="00:00:00.0044303" startTime="2026-09-13T18:32:26.4379819+08:00" endTime="2026-09-13T18:32:26.4544263+08:00" testType="13cdc9d9-ddb5-4fa4-a97d-d965ccfc6d4b" outcome="Passed" testListId="8c84fa94-04c1-424b-9868-57a2d4851a1d" relativeResultsDirectory="7b533e1d-a642-42a6-9923-e9740e866c60" />
    <UnitTestResult executionId="3db7a3fc-1480-432d-b3c4-d97ce4b78e33" testId="16fae3f6-fc06-808a-9f6a-0dafdc5539c0" testName="TrashNeverDeletesAndCanBeRestoredWithoutOverwrite" computerName="YOKIIRONETBOOK" duration="00:00:00.1886633" startTime="2026-09-13T18:32:26.5157796+08:00" endTime="2026-09-13T18:32:26.7045656+08:00" testType="13cdc9d9-ddb5-4fa4-a97d-d965ccfc6d4b" outcome="Passed" testListId="8c84fa94-04c1-424b-9868-57a2d4851a1d" relativeResultsDirectory="3db7a3fc-1480-432d-b3c4-d97ce4b78e33" />
    <UnitTestResult executionId="843e0147-ff4b-4945-999f-ff7f0fa21ffb" testId="1cf5971d-cc92-81aa-a027-4f5a4b5b3e90" testName="ProtectionAddedAfterPreflightStillFailsClosed" computerName="YOKIIRONETBOOK" duration="00:00:00.0400591" startTime="2026-09-13T18:32:26.4717237+08:00" endTime="2026-09-13T18:32:26.5118949+08:00" testType="13cdc9d9-ddb5-4fa4-a97d-d965ccfc6d4b" outcome="Passed" testListId="8c84fa94-04c1-424b-9868-57a2d4851a1d" relativeResultsDirectory="843e0147-ff4b-4945-999f-ff7f0fa21ffb" />
    <UnitTestResult executionId="1efc2945-d9a2-4de5-8285-4eb41169532a" testId="1dcce786-902a-835d-a37e-284f74ca4c08" testName="UnknownItemFailureIsRejected" computerName="YOKIIRONETBOOK" duration="00:00:00.0008092" startTime="2026-09-13T18:32:26.5524621+08:00" endTime="2026-09-13T18:32:26.5533455+08:00" testType="13cdc9d9-ddb5-4fa4-a97d-d965ccfc6d4b" outcome="Passed" testListId="8c84fa94-04c1-424b-9868-57a2d4851a1d" relativeResultsDirectory="1efc2945-d9a2-4de5-8285-4eb41169532a" />
    <UnitTestResult executionId="d8e0029a-39e4-4916-8c56-6be7373d387f" testId="11a5f330-a6f6-81ca-9668-0fa548539799" testName="RelativeTraversalIsRejectedBeforeUse" computerName="YOKIIRONETBOOK" duration="00:00:00.0175052" startTime="2026-09-13T18:32:26.4703448+08:00" endTime="2026-09-13T18:32:26.4878938+08:00" testType="13cdc9d9-ddb5-4fa4-a97d-d965ccfc6d4b" outcome="Passed" testListId="8c84fa94-04c1-424b-9868-57a2d4851a1d" relativeResultsDirectory="d8e0029a-39e4-4916-8c56-6be7373d387f" />
    <UnitTestResult executionId="4ad38633-b8d6-4c2d-b834-918ed2fbeb92" testId="11b175be-4018-8f4f-8158-aa2b15e7467a" testName="RecoveryCollisionPreservesSourceStageAndUnexpectedTarget" computerName="YOKIIRONETBOOK" duration="00:00:00.2002463" startTime="2026-09-13T18:32:26.4879424+08:00" endTime="2026-09-13T18:32:26.6882834+08:00" testType="13cdc9d9-ddb5-4fa4-a97d-d965ccfc6d4b" outcome="Passed" testListId="8c84fa94-04c1-424b-9868-57a2d4851a1d" relativeResultsDirectory="4ad38633-b8d6-4c2d-b834-918ed2fbeb92" />
    <UnitTestResult executionId="2289ed0a-5ff3-478e-afa5-6d8c82cc9e24" testId="1876a2be-18a0-8759-956e-18a63040e07e" testName="ExecuteCompletesOnlyWithExactReopenedFacts" computerName="YOKIIRONETBOOK" duration="00:00:00.0020868" startTime="2026-09-13T18:32:26.5541768+08:00" endTime="2026-09-13T18:32:26.5563517+08:00" testType="13cdc9d9-ddb5-4fa4-a97d-d965ccfc6d4b" outcome="Passed" testListId="8c84fa94-04c1-424b-9868-57a2d4851a1d" relativeResultsDirectory="2289ed0a-5ff3-478e-afa5-6d8c82cc9e24" />
    <UnitTestResult executionId="0b965993-6169-411a-8a8d-fe7b37ca70cb" testId="1e8cc185-ab50-84b5-a9b6-4f1afa026696" testName="MultiChunkCopyReopensAndStrongHashesTarget" computerName="YOKIIRONETBOOK" duration="00:00:00.3687718" startTime="2026-09-13T18:32:26.5065255+08:00" endTime="2026-09-13T18:32:26.8762220+08:00" testType="13cdc9d9-ddb5-4fa4-a97d-d965ccfc6d4b" outcome="Passed" testListId="8c84fa94-04c1-424b-9868-57a2d4851a1d" relativeResultsDirectory="0b965993-6169-411a-8a8d-fe7b37ca70cb" />
    <UnitTestResult executionId="e915f68a-9fdc-45b0-835d-acc3687790ac" testId="1debe2e2-aa06-830f-9772-7aac8cd787c4" testName="ServiceTimeoutReturnsDistinctDeadlineFailure" computerName="YOKIIRONETBOOK" duration="00:00:00.0316252" startTime="2026-09-13T18:32:26.5593750+08:00" endTime="2026-09-13T18:32:26.5910668+08:00" testType="13cdc9d9-ddb5-4fa4-a97d-d965ccfc6d4b" outcome="Passed" testListId="8c84fa94-04c1-424b-9868-57a2d4851a1d" relativeResultsDirectory="e915f68a-9fdc-45b0-835d-acc3687790ac" />
    <UnitTestResult executionId="f470615c-9d18-4377-b059-d6d2aad44662" testId="1779e902-53d8-8b09-bfa0-5ccefa14b8d2" testName="ExistingTargetAndInsufficientSpaceFailClosed" computerName="YOKIIRONETBOOK" duration="00:00:00.0374600" startTime="2026-09-13T18:32:26.5137791+08:00" endTime="2026-09-13T18:32:26.5513126+08:00" testType="13cdc9d9-ddb5-4fa4-a97d-d965ccfc6d4b" outcome="Passed" testListId="8c84fa94-04c1-424b-9868-57a2d4851a1d" relativeResultsDirectory="f470615c-9d18-4377-b059-d6d2aad44662" />
    <UnitTestResult executionId="dc6a897b-a758-4485-b04e-aa5755899fc5" testId="17d011cb-f1a0-8652-a275-042a95e9734f" testName="SameIntentReturnsOriginalPreparedPlan" computerName="YOKIIRONETBOOK" duration="00:00:00.0075499" startTime="2026-09-13T18:32:26.4637478+08:00" endTime="2026-09-13T18:32:26.4713951+08:00" testType="13cdc9d9-ddb5-4fa4-a97d-d965ccfc6d4b" outcome="Passed" testListId="8c84fa94-04c1-424b-9868-57a2d4851a1d" relativeResultsDirectory="dc6a897b-a758-4485-b04e-aa5755899fc5" />
    <UnitTestResult executionId="5286bea2-8a66-43b5-b5ee-46bd9ccd3133" testId="1ee171cd-0338-8337-84e4-90622db13936" testName="TargetAppearingAfterPreflightIsNeverOverwritten" computerName="YOKIIRONETBOOK" duration="00:00:00.0675715" startTime="2026-09-13T18:32:26.4717159+08:00" endTime="2026-09-13T18:32:26.5393666+08:00" testType="13cdc9d9-ddb5-4fa4-a97d-d965ccfc6d4b" outcome="Passed" testListId="8c84fa94-04c1-424b-9868-57a2d4851a1d" relativeResultsDirectory="5286bea2-8a66-43b5-b5ee-46bd9ccd3133" />
    <UnitTestResult executionId="cd9c3255-ae88-4ee3-b373-4c4224c47f1b" testId="1d24a1a6-5f54-8227-a417-0a8ab0980818" testName="FailureMustMatchItsState" computerName="YOKIIRONETBOOK" duration="00:00:00.0009684" startTime="2026-09-13T18:32:26.5513660+08:00" endTime="2026-09-13T18:32:26.5524354+08:00" testType="13cdc9d9-ddb5-4fa4-a97d-d965ccfc6d4b" outcome="Passed" testListId="8c84fa94-04c1-424b-9868-57a2d4851a1d" relativeResultsDirectory="cd9c3255-ae88-4ee3-b373-4c4224c47f1b" />
    <UnitTestResult executionId="c044dc4d-13ae-46d4-ab61-af8d769fdba0" testId="1853fb3b-f240-8423-8b5e-c6533057ecba" testName="LocationTokensRejectPathSyntax (&quot;source:token&quot;)" computerName="YOKIIRONETBOOK" duration="00:00:00.0083244" startTime="2026-09-13T18:32:26.4131671+08:00" endTime="2026-09-13T18:32:26.4544824+08:00" testType="13cdc9d9-ddb5-4fa4-a97d-d965ccfc6d4b" outcome="Passed" testListId="8c84fa94-04c1-424b-9868-57a2d4851a1d" relativeResultsDirectory="c044dc4d-13ae-46d4-ab61-af8d769fdba0" />
    <UnitTestResult executionId="961447c9-4e72-449a-8d8c-7372303bfb0e" testId="17a8c05b-4223-848f-83c9-987cb73d2637" testName="TimeSpentStartingCannotExtendRequestDeadline" computerName="YOKIIRONETBOOK" duration="00:00:00.0007553" startTime="2026-09-13T18:32:26.5698878+08:00" endTime="2026-09-13T18:32:26.5706708+08:00" testType="13cdc9d9-ddb5-4fa4-a97d-d965ccfc6d4b" outcome="Passed" testListId="8c84fa94-04c1-424b-9868-57a2d4851a1d" relativeResultsDirectory="961447c9-4e72-449a-8d8c-7372303bfb0e" />
    <UnitTestResult executionId="aa5fd4f1-37dd-4656-bf02-87c8bbfab6f1" testId="1af8cce5-fba6-815e-84f0-2cd21b3cc767" testName="ReadyPreflightCannotUnderstateRequiredCapacity" computerName="YOKIIRONETBOOK" duration="00:00:00.0063745" startTime="2026-09-13T18:32:26.4664200+08:00" endTime="2026-09-13T18:32:26.4728545+08:00" testType="13cdc9d9-ddb5-4fa4-a97d-d965ccfc6d4b" outcome="Passed" testListId="8c84fa94-04c1-424b-9868-57a2d4851a1d" relativeResultsDirectory="aa5fd4f1-37dd-4656-bf02-87c8bbfab6f1" />
    <UnitTestResult executionId="433d21a1-7d39-4581-83a4-935df1d9bc52" testId="159e884b-cd9c-8316-a847-f4631a000404" testName="ReusedIdempotencyKeyWithDifferentTargetConflicts" computerName="YOKIIRONETBOOK" duration="00:00:00.0007939" startTime="2026-09-13T18:32:26.5579033+08:00" endTime="2026-09-13T18:32:26.5587287+08:00" testType="13cdc9d9-ddb5-4fa4-a97d-d965ccfc6d4b" outcome="Passed" testListId="8c84fa94-04c1-424b-9868-57a2d4851a1d" relativeResultsDirectory="433d21a1-7d39-4581-83a4-935df1d9bc52" />
    <UnitTestResult executionId="52dabd2d-5b18-413e-b9ce-025d5fa11f00" testId="10a2e497-131d-88b6-9108-ea0075fa095c" testName="RenameUsesNoReplaceAndLeavesNoTrashCopy" computerName="YOKIIRONETBOOK" duration="00:00:00.1714302" startTime="2026-09-13T18:32:26.4730116+08:00" endTime="2026-09-13T18:32:26.6445215+08:00" testType="13cdc9d9-ddb5-4fa4-a97d-d965ccfc6d4b" outcome="Passed" testListId="8c84fa94-04c1-424b-9868-57a2d4851a1d" relativeResultsDirectory="52dabd2d-5b18-413e-b9ce-025d5fa11f00" />
    <UnitTestResult executionId="f05dc889-aa0b-4bd5-a703-1211c1a9efc3" testId="13c683ac-88d3-8998-9649-ec5b452c9e80" testName="LocationTokensRejectPathSyntax (&quot;../escape&quot;)" computerName="YOKIIRONETBOOK" duration="00:00:00.0066825" startTime="2026-09-13T18:32:26.4131825+08:00" endTime="2026-09-13T18:32:26.4541672+08:00" testType="13cdc9d9-ddb5-4fa4-a97d-d965ccfc6d4b" outcome="Passed" testListId="8c84fa94-04c1-424b-9868-57a2d4851a1d" relativeResultsDirectory="f05dc889-aa0b-4bd5-a703-1211c1a9efc3" />
    <UnitTestResult executionId="d60104a1-2e1a-4ac9-9a8d-323662f36bce" testId="1dfa743e-334c-897c-945c-826d386b988c" testName="StaleCompletionCannotClaimSuccess" computerName="YOKIIRONETBOOK" duration="00:00:00.0005738" startTime="2026-09-13T18:32:26.5659155+08:00" endTime="2026-09-13T18:32:26.5665291+08:00" testType="13cdc9d9-ddb5-4fa4-a97d-d965ccfc6d4b" outcome="Passed" testListId="8c84fa94-04c1-424b-9868-57a2d4851a1d" relativeResultsDirectory="d60104a1-2e1a-4ac9-9a8d-323662f36bce" />
    <UnitTestResult executionId="86f8c8f0-faa0-44f8-b4f7-912abc2b316a" testId="16c7d472-c970-8ff7-b4cc-f2d517b15809" testName="UntrustedPreflightCannotOmitAnItem" computerName="YOKIIRONETBOOK" duration="00:00:00.0052370" startTime="2026-09-13T18:32:26.4663967+08:00" endTime="2026-09-13T18:32:26.4717021+08:00" testType="13cdc9d9-ddb5-4fa4-a97d-d965ccfc6d4b" outcome="Passed" testListId="8c84fa94-04c1-424b-9868-57a2d4851a1d" relativeResultsDirectory="86f8c8f0-faa0-44f8-b4f7-912abc2b316a" />
    <UnitTestResult executionId="414f52e0-cef2-4df8-b278-a9245a0009f1" testId="11eb4057-594f-83aa-aed7-1640aca437fa" testName="CopyPreservesSourceAndVerifiesTarget" computerName="YOKIIRONETBOOK" duration="00:00:00.1906067" startTime="2026-09-13T18:32:26.4728234+08:00" endTime="2026-09-13T18:32:26.6635158+08:00" testType="13cdc9d9-ddb5-4fa4-a97d-d965ccfc6d4b" outcome="Passed" testListId="8c84fa94-04c1-424b-9868-57a2d4851a1d" relativeResultsDirectory="414f52e0-cef2-4df8-b278-a9245a0009f1" />
    <UnitTestResult executionId="f3ceae2d-2a91-4b70-8eef-5ca049fff2bb" testId="15ad40fb-b98e-86cd-a2a6-8f74645fdbf5" testName="SandboxBaseItselfIsNotAnAllowedFixture" computerName="YOKIIRONETBOOK" duration="00:00:00.0175095" startTime="2026-09-13T18:32:26.4702866+08:00" endTime="2026-09-13T18:32:26.4878837+08:00" testType="13cdc9d9-ddb5-4fa4-a97d-d965ccfc6d4b" outcome="Passed" testListId="8c84fa94-04c1-424b-9868-57a2d4851a1d" relativeResultsDirectory="f3ceae2d-2a91-4b70-8eef-5ca049fff2bb" />
    <UnitTestResult executionId="260acf91-c396-42a9-8aff-bbd147e21a46" testId="192109ea-1ef7-8409-9d39-48956b33913e" testName="TransferServiceRejectsDefaultLocationBeforeCallingPort" computerName="YOKIIRONETBOOK" duration="00:00:00.0167149" startTime="2026-09-13T18:32:26.4131266+08:00" endTime="2026-09-13T18:32:26.4490711+08:00" testType="13cdc9d9-ddb5-4fa4-a97d-d965ccfc6d4b" outcome="Passed" testListId="8c84fa94-04c1-424b-9868-57a2d4851a1d" relativeResultsDirectory="260acf91-c396-42a9-8aff-bbd147e21a46" />
    <UnitTestResult executionId="159f978f-7c6f-434b-8566-67792d6e7d1f" testId="1eea9831-a26f-832e-b411-d751bc86fd6e" testName="ReusedKeyWithDifferentIntentIsRejected" computerName="YOKIIRONETBOOK" duration="00:00:00.0043519" startTime="2026-09-13T18:32:26.4641161+08:00" endTime="2026-09-13T18:32:26.4685160+08:00" testType="13cdc9d9-ddb5-4fa4-a97d-d965ccfc6d4b" outcome="Passed" testListId="8c84fa94-04c1-424b-9868-57a2d4851a1d" relativeResultsDirectory="159f978f-7c6f-434b-8566-67792d6e7d1f" />
    <UnitTestResult executionId="27be074b-fb8d-4967-9a78-3aa54eb1f0d7" testId="1bca1a6d-99fe-8546-bfe4-4830b4d1c19e" testName="Sha256RequiresCanonicalLowercaseHex" computerName="YOKIIRONETBOOK" duration="00:00:00.0067747" startTime="2026-09-13T18:32:26.4131743+08:00" endTime="2026-09-13T18:32:26.4544383+08:00" testType="13cdc9d9-ddb5-4fa4-a97d-d965ccfc6d4b" outcome="Passed" testListId="8c84fa94-04c1-424b-9868-57a2d4851a1d" relativeResultsDirectory="27be074b-fb8d-4967-9a78-3aa54eb1f0d7" />
    <UnitTestResult executionId="65ca0162-de12-4118-b470-f3290894ebcd" testId="11cd3632-2ead-82bc-ac71-b0228da61a85" testName="LocationTokensRejectPathSyntax (&quot;C:\drive&quot;)" computerName="YOKIIRONETBOOK" duration="00:00:00.0000184" startTime="2026-09-13T18:32:26.4374559+08:00" endTime="2026-09-13T18:32:26.4544355+08:00" testType="13cdc9d9-ddb5-4fa4-a97d-d965ccfc6d4b" outcome="Passed" testListId="8c84fa94-04c1-424b-9868-57a2d4851a1d" relativeResultsDirectory="65ca0162-de12-4118-b470-f3290894ebcd" />
    <UnitTestResult executionId="2e31317f-0ae8-4457-85a1-501fa02a3d22" testId="17dd1ca8-99d0-82b6-9d8c-492efeb01789" testName="RequestDeadlineMarksEveryRemainderDistinctly" computerName="YOKIIRONETBOOK" duration="00:00:00.0070583" startTime="2026-09-13T18:32:26.4666593+08:00" endTime="2026-09-13T18:32:26.4737796+08:00" testType="13cdc9d9-ddb5-4fa4-a97d-d965ccfc6d4b" outcome="Passed" testListId="8c84fa94-04c1-424b-9868-57a2d4851a1d" relativeResultsDirectory="2e31317f-0ae8-4457-85a1-501fa02a3d22" />
    <UnitTestResult executionId="96f69c2e-6866-41fd-bc1c-6206f1be1751" testId="1499431e-1a4f-8d86-8726-e2b2eed3d56a" testName="CancellationLeavesNoFormalTarget" computerName="YOKIIRONETBOOK" duration="00:00:00.0999091" startTime="2026-09-13T18:32:26.5127615+08:00" endTime="2026-09-13T18:32:26.6127617+08:00" testType="13cdc9d9-ddb5-4fa4-a97d-d965ccfc6d4b" outcome="Passed" testListId="8c84fa94-04c1-424b-9868-57a2d4851a1d" relativeResultsDirectory="96f69c2e-6866-41fd-bc1c-6206f1be1751" />
    <UnitTestResult executionId="627e3048-5545-43b4-9865-8fa57d9c5f98" testId="12d9af63-5085-8369-9bae-805188002eb5" testName="ExpiredExecutionRightFailsBeforePort" computerName="YOKIIRONETBOOK" duration="00:00:00.0005730" startTime="2026-09-13T18:32:26.5587493+08:00" endTime="2026-09-13T18:32:26.5593587+08:00" testType="13cdc9d9-ddb5-4fa4-a97d-d965ccfc6d4b" outcome="Passed" testListId="8c84fa94-04c1-424b-9868-57a2d4851a1d" relativeResultsDirectory="627e3048-5545-43b4-9865-8fa57d9c5f98" />
    <UnitTestResult executionId="97cc10ce-81ef-4fdb-8096-26a78fa8136c" testId="10da0651-d714-86be-bb08-9f25600bd856" testName="FailedTransferCannotClaimVerifiedTarget" computerName="YOKIIRONETBOOK" duration="00:00:00.0040832" startTime="2026-09-13T18:32:26.4376976+08:00" endTime="2026-09-13T18:32:26.4491499+08:00" testType="13cdc9d9-ddb5-4fa4-a97d-d965ccfc6d4b" outcome="Passed" testListId="8c84fa94-04c1-424b-9868-57a2d4851a1d" relativeResultsDirectory="97cc10ce-81ef-4fdb-8096-26a78fa8136c" />
    <UnitTestResult executionId="a15e3b71-2cbd-440e-8e75-9754d34ed389" testId="12f18589-4e89-850a-a9d4-34f29654de5f" testName="UntrustedCompletedReceiptWithWrongFactsIsRejected" computerName="YOKIIRONETBOOK" duration="00:00:00.0012720" startTime="2026-09-13T18:32:26.5645317+08:00" endTime="2026-09-13T18:32:26.5658863+08:00" testType="13cdc9d9-ddb5-4fa4-a97d-d965ccfc6d4b" outcome="Passed" testListId="8c84fa94-04c1-424b-9868-57a2d4851a1d" relativeResultsDirectory="a15e3b71-2cbd-440e-8e75-9754d34ed389" />
    <UnitTestResult executionId="849acb4f-8711-44b6-86f2-9bf196324b55" testId="180ea10b-8ed6-84e3-900a-8e894e117ee9" testName="StaleExecutionRightCannotInvokeExecutor" computerName="YOKIIRONETBOOK" duration="00:00:00.0088946" startTime="2026-09-13T18:32:26.4621142+08:00" endTime="2026-09-13T18:32:26.4710780+08:00" testType="13cdc9d9-ddb5-4fa4-a97d-d965ccfc6d4b" outcome="Passed" testListId="8c84fa94-04c1-424b-9868-57a2d4851a1d" relativeResultsDirectory="849acb4f-8711-44b6-86f2-9bf196324b55" />
    <UnitTestResult executionId="ab071597-8e11-43d1-9a17-a3dad1aa6e41" testId="11b78080-8462-87bb-88bb-d3c79d98fb3a" testName="ExistingIdempotentResultDoesNotExecutePayloadTwice" computerName="YOKIIRONETBOOK" duration="00:00:00.0014368" startTime="2026-09-13T18:32:26.5563882+08:00" endTime="2026-09-13T18:32:26.5578784+08:00" testType="13cdc9d9-ddb5-4fa4-a97d-d965ccfc6d4b" outcome="Passed" testListId="8c84fa94-04c1-424b-9868-57a2d4851a1d" relativeResultsDirectory="ab071597-8e11-43d1-9a17-a3dad1aa6e41" />
    <UnitTestResult executionId="45d38d9c-6e6c-4b3d-8ad5-ad7ac5a3c98c" testId="1e1115ae-ad2a-892e-889a-ee55b42fdb04" testName="BatchMayCompletePartiallyWithoutHidingFailure" computerName="YOKIIRONETBOOK" duration="00:00:00.0341201" startTime="2026-09-13T18:32:26.4374773+08:00" endTime="2026-09-13T18:32:26.4716908+08:00" testType="13cdc9d9-ddb5-4fa4-a97d-d965ccfc6d4b" outcome="Passed" testListId="8c84fa94-04c1-424b-9868-57a2d4851a1d" relativeResultsDirectory="45d38d9c-6e6c-4b3d-8ad5-ad7ac5a3c98c" />
    <UnitTestResult executionId="9ed407a9-c371-4fc1-a642-cc8db30c3703" testId="1121f934-7dd7-80ad-803b-b41347593415" testName="PlanItemLimitIsEnforced" computerName="YOKIIRONETBOOK" duration="00:00:00.0036345" startTime="2026-09-13T18:32:26.4381106+08:00" endTime="2026-09-13T18:32:26.4490710+08:00" testType="13cdc9d9-ddb5-4fa4-a97d-d965ccfc6d4b" outcome="Passed" testListId="8c84fa94-04c1-424b-9868-57a2d4851a1d" relativeResultsDirectory="9ed407a9-c371-4fc1-a642-cc8db30c3703" />
    <UnitTestResult executionId="cb727724-2c9b-47e1-92ae-510d65ff183a" testId="137128a5-249c-8a99-a960-8d397f629a3d" testName="SourceMutationAfterPreflightPreservesSourceAndTarget" computerName="YOKIIRONETBOOK" duration="00:00:00.0441034" startTime="2026-09-13T18:32:26.4715902+08:00" endTime="2026-09-13T18:32:26.5157536+08:00" testType="13cdc9d9-ddb5-4fa4-a97d-d965ccfc6d4b" outcome="Passed" testListId="8c84fa94-04c1-424b-9868-57a2d4851a1d" relativeResultsDirectory="cb727724-2c9b-47e1-92ae-510d65ff183a" />
    <UnitTestResult executionId="5a4b12e9-5757-482a-bafc-9d203844e97e" testId="13e4348b-7a4d-8cfa-9f98-32a62dd68935" testName="CapacityLossAfterPreflightStillFailsClosed" computerName="YOKIIRONETBOOK" duration="00:00:00.0410999" startTime="2026-09-13T18:32:26.4725926+08:00" endTime="2026-09-13T18:32:26.5137433+08:00" testType="13cdc9d9-ddb5-4fa4-a97d-d965ccfc6d4b" outcome="Passed" testListId="8c84fa94-04c1-424b-9868-57a2d4851a1d" relativeResultsDirectory="5a4b12e9-5757-482a-bafc-9d203844e97e" />
  </Results>
  <TestDefinitions>
    <UnitTest name="CallerCancellationMarksUnattemptedItems" storage="c:\yoki\codex\assetlibrary-worktrees\v03-026\tests\dotnet\assetlibrary.transferoperation.tests\bin\release\net10.0\assetlibrary.transferoperation.tests.dll" id="174bda51-d33b-85aa-a733-3999ea164f16">
      <Execution id="065cef95-ef8f-4576-acbd-3922150fd8ca" />
      <TestMethod codeBase="C:\YOKI\Codex\AssetLibrary-worktrees\V03-026\tests\dotnet\AssetLibrary.TransferOperation.Tests\bin\Release\net10.0\AssetLibrary.TransferOperation.Tests.dll" adapterTypeName="executor://mstestadapter/v4" className="AssetLibrary.TransferOperation.Tests.OperationPlanCancelledExecutionTests" name="CallerCancellationMarksUnattemptedItems" />
    </UnitTest>
    <UnitTest name="RenameUsesNoReplaceAndLeavesNoTrashCopy" storage="c:\yoki\codex\assetlibrary-worktrees\v03-026\tests\dotnet\assetlibrary.transferoperation.tests\bin\release\net10.0\assetlibrary.transferoperation.tests.dll" id="10a2e497-131d-88b6-9108-ea0075fa095c">
      <Execution id="52dabd2d-5b18-413e-b9ce-025d5fa11f00" />
      <TestMethod codeBase="C:\YOKI\Codex\AssetLibrary-worktrees\V03-026\tests\dotnet\AssetLibrary.TransferOperation.Tests\bin\Release\net10.0\AssetLibrary.TransferOperation.Tests.dll" adapterTypeName="executor://mstestadapter/v4" className="AssetLibrary.TransferOperation.Tests.SandboxOperationHappyPathTests" name="RenameUsesNoReplaceAndLeavesNoTrashCopy" />
    </UnitTest>
    <UnitTest name="CopyRecoveryReportsConflictWhenCommittedTargetLostItsSource" storage="c:\yoki\codex\assetlibrary-worktrees\v03-026\tests\dotnet\assetlibrary.transferoperation.tests\bin\release\net10.0\assetlibrary.transferoperation.tests.dll" id="1088155f-cbe7-8a6f-882b-b0c2e1be6e41">
      <Execution id="63bf4ef6-d005-4349-b888-5e9be0eff649" />
      <TestMethod codeBase="C:\YOKI\Codex\AssetLibrary-worktrees\V03-026\tests\dotnet\AssetLibrary.TransferOperation.Tests\bin\Release\net10.0\AssetLibrary.TransferOperation.Tests.dll" adapterTypeName="executor://mstestadapter/v4" className="AssetLibrary.TransferOperation.Tests.SandboxRecoveryCollisionTests" name="CopyRecoveryReportsConflictWhenCommittedTargetLostItsSource" />
    </UnitTest>
    <UnitTest name="BatchMayCompletePartiallyWithoutHidingFailure" storage="c:\yoki\codex\assetlibrary-worktrees\v03-026\tests\dotnet\assetlibrary.transferoperation.tests\bin\release\net10.0\assetlibrary.transferoperation.tests.dll" id="1e1115ae-ad2a-892e-889a-ee55b42fdb04">
      <Execution id="45d38d9c-6e6c-4b3d-8ad5-ad7ac5a3c98c" />
      <TestMethod codeBase="C:\YOKI\Codex\AssetLibrary-worktrees\V03-026\tests\dotnet\AssetLibrary.TransferOperation.Tests\bin\Release\net10.0\AssetLibrary.TransferOperation.Tests.dll" adapterTypeName="executor://mstestadapter/v4" className="AssetLibrary.TransferOperation.Tests.OperationPlanPartialExecutionTests" name="BatchMayCompletePartiallyWithoutHidingFailure" />
    </UnitTest>
    <UnitTest name="ReusedKeyWithDifferentIntentIsRejected" storage="c:\yoki\codex\assetlibrary-worktrees\v03-026\tests\dotnet\assetlibrary.transferoperation.tests\bin\release\net10.0\assetlibrary.transferoperation.tests.dll" id="1eea9831-a26f-832e-b411-d751bc86fd6e">
      <Execution id="159f978f-7c6f-434b-8566-67792d6e7d1f" />
      <TestMethod codeBase="C:\YOKI\Codex\AssetLibrary-worktrees\V03-026\tests\dotnet\AssetLibrary.TransferOperation.Tests\bin\Release\net10.0\AssetLibrary.TransferOperation.Tests.dll" adapterTypeName="executor://mstestadapter/v4" className="AssetLibrary.TransferOperation.Tests.OperationPlanIdempotencyTests" name="ReusedKeyWithDifferentIntentIsRejected" />
    </UnitTest>
    <UnitTest name="UntrustedCompletedReceiptWithWrongFactsIsRejected" storage="c:\yoki\codex\assetlibrary-worktrees\v03-026\tests\dotnet\assetlibrary.transferoperation.tests\bin\release\net10.0\assetlibrary.transferoperation.tests.dll" id="12f18589-4e89-850a-a9d4-34f29654de5f">
      <Execution id="a15e3b71-2cbd-440e-8e75-9754d34ed389" />
      <TestMethod codeBase="C:\YOKI\Codex\AssetLibrary-worktrees\V03-026\tests\dotnet\AssetLibrary.TransferOperation.Tests\bin\Release\net10.0\AssetLibrary.TransferOperation.Tests.dll" adapterTypeName="executor://mstestadapter/v4" className="AssetLibrary.TransferOperation.Tests.TransferServiceTests" name="UntrustedCompletedReceiptWithWrongFactsIsRejected" />
    </UnitTest>
    <UnitTest name="ExistingIdempotentResultDoesNotExecutePayloadTwice" storage="c:\yoki\codex\assetlibrary-worktrees\v03-026\tests\dotnet\assetlibrary.transferoperation.tests\bin\release\net10.0\assetlibrary.transferoperation.tests.dll" id="11b78080-8462-87bb-88bb-d3c79d98fb3a">
      <Execution id="ab071597-8e11-43d1-9a17-a3dad1aa6e41" />
      <TestMethod codeBase="C:\YOKI\Codex\AssetLibrary-worktrees\V03-026\tests\dotnet\AssetLibrary.TransferOperation.Tests\bin\Release\net10.0\AssetLibrary.TransferOperation.Tests.dll" adapterTypeName="executor://mstestadapter/v4" className="AssetLibrary.TransferOperation.Tests.TransferServiceTests" name="ExistingIdempotentResultDoesNotExecutePayloadTwice" />
    </UnitTest>
    <UnitTest name="OperationPlanRejectsDefaultIdentifiersAndTokens" storage="c:\yoki\codex\assetlibrary-worktrees\v03-026\tests\dotnet\assetlibrary.transferoperation.tests\bin\release\net10.0\assetlibrary.transferoperation.tests.dll" id="129cbbfb-8b7e-8b73-b03a-61c6f6507ce9">
      <Execution id="7b533e1d-a642-42a6-9923-e9740e866c60" />
      <TestMethod codeBase="C:\YOKI\Codex\AssetLibrary-worktrees\V03-026\tests\dotnet\AssetLibrary.TransferOperation.Tests\bin\Release\net10.0\AssetLibrary.TransferOperation.Tests.dll" adapterTypeName="executor://mstestadapter/v4" className="AssetLibrary.TransferOperation.Tests.DefaultValueObjectTests" name="OperationPlanRejectsDefaultIdentifiersAndTokens" />
    </UnitTest>
    <UnitTest name="ServiceTimeoutReturnsDistinctDeadlineFailure" storage="c:\yoki\codex\assetlibrary-worktrees\v03-026\tests\dotnet\assetlibrary.transferoperation.tests\bin\release\net10.0\assetlibrary.transferoperation.tests.dll" id="1debe2e2-aa06-830f-9772-7aac8cd787c4">
      <Execution id="e915f68a-9fdc-45b0-835d-acc3687790ac" />
      <TestMethod codeBase="C:\YOKI\Codex\AssetLibrary-worktrees\V03-026\tests\dotnet\AssetLibrary.TransferOperation.Tests\bin\Release\net10.0\AssetLibrary.TransferOperation.Tests.dll" adapterTypeName="executor://mstestadapter/v4" className="AssetLibrary.TransferOperation.Tests.TransferServiceTests" name="ServiceTimeoutReturnsDistinctDeadlineFailure" />
    </UnitTest>
    <UnitTest name="TransferServiceRejectsDefaultLocationBeforeCallingPort" storage="c:\yoki\codex\assetlibrary-worktrees\v03-026\tests\dotnet\assetlibrary.transferoperation.tests\bin\release\net10.0\assetlibrary.transferoperation.tests.dll" id="192109ea-1ef7-8409-9d39-48956b33913e">
      <Execution id="260acf91-c396-42a9-8aff-bbd147e21a46" />
      <TestMethod codeBase="C:\YOKI\Codex\AssetLibrary-worktrees\V03-026\tests\dotnet\AssetLibrary.TransferOperation.Tests\bin\Release\net10.0\AssetLibrary.TransferOperation.Tests.dll" adapterTypeName="executor://mstestadapter/v4" className="AssetLibrary.TransferOperation.Tests.DefaultValueObjectTests" name="TransferServiceRejectsDefaultLocationBeforeCallingPort" />
    </UnitTest>
    <UnitTest name="ExecuteCompletesOnlyWithExactReopenedFacts" storage="c:\yoki\codex\assetlibrary-worktrees\v03-026\tests\dotnet\assetlibrary.transferoperation.tests\bin\release\net10.0\assetlibrary.transferoperation.tests.dll" id="1876a2be-18a0-8759-956e-18a63040e07e">
      <Execution id="2289ed0a-5ff3-478e-afa5-6d8c82cc9e24" />
      <TestMethod codeBase="C:\YOKI\Codex\AssetLibrary-worktrees\V03-026\tests\dotnet\AssetLibrary.TransferOperation.Tests\bin\Release\net10.0\AssetLibrary.TransferOperation.Tests.dll" adapterTypeName="executor://mstestadapter/v4" className="AssetLibrary.TransferOperation.Tests.TransferServiceTests" name="ExecuteCompletesOnlyWithExactReopenedFacts" />
    </UnitTest>
    <UnitTest name="TerminalStatesCannotMoveBackward" storage="c:\yoki\codex\assetlibrary-worktrees\v03-026\tests\dotnet\assetlibrary.transferoperation.tests\bin\release\net10.0\assetlibrary.transferoperation.tests.dll" id="1e3bc864-1e86-8c0a-9b30-12b6cbfcab1d">
      <Execution id="5e2a7ffa-8300-42df-9cb0-1e6ce3ee14a9" />
      <TestMethod codeBase="C:\YOKI\Codex\AssetLibrary-worktrees\V03-026\tests\dotnet\AssetLibrary.TransferOperation.Tests\bin\Release\net10.0\AssetLibrary.TransferOperation.Tests.dll" adapterTypeName="executor://mstestadapter/v4" className="AssetLibrary.TransferOperation.Tests.ContractPolicyTests" name="TerminalStatesCannotMoveBackward" />
    </UnitTest>
    <UnitTest name="FailedTransferCannotClaimVerifiedTarget" storage="c:\yoki\codex\assetlibrary-worktrees\v03-026\tests\dotnet\assetlibrary.transferoperation.tests\bin\release\net10.0\assetlibrary.transferoperation.tests.dll" id="10da0651-d714-86be-bb08-9f25600bd856">
      <Execution id="97cc10ce-81ef-4fdb-8096-26a78fa8136c" />
      <TestMethod codeBase="C:\YOKI\Codex\AssetLibrary-worktrees\V03-026\tests\dotnet\AssetLibrary.TransferOperation.Tests\bin\Release\net10.0\AssetLibrary.TransferOperation.Tests.dll" adapterTypeName="executor://mstestadapter/v4" className="AssetLibrary.TransferOperation.Tests.ContractPolicyTests" name="FailedTransferCannotClaimVerifiedTarget" />
    </UnitTest>
    <UnitTest name="Sha256RequiresCanonicalLowercaseHex" storage="c:\yoki\codex\assetlibrary-worktrees\v03-026\tests\dotnet\assetlibrary.transferoperation.tests\bin\release\net10.0\assetlibrary.transferoperation.tests.dll" id="1bca1a6d-99fe-8546-bfe4-4830b4d1c19e">
      <Execution id="27be074b-fb8d-4967-9a78-3aa54eb1f0d7" />
      <TestMethod codeBase="C:\YOKI\Codex\AssetLibrary-worktrees\V03-026\tests\dotnet\AssetLibrary.TransferOperation.Tests\bin\Release\net10.0\AssetLibrary.TransferOperation.Tests.dll" adapterTypeName="executor://mstestadapter/v4" className="AssetLibrary.TransferOperation.Tests.ContractPolicyTests" name="Sha256RequiresCanonicalLowercaseHex" />
    </UnitTest>
    <UnitTest name="ExpiredPreflightCannotInvokeExecutor" storage="c:\yoki\codex\assetlibrary-worktrees\v03-026\tests\dotnet\assetlibrary.transferoperation.tests\bin\release\net10.0\assetlibrary.transferoperation.tests.dll" id="162a3926-d2bc-8538-8286-31589e9f2107">
      <Execution id="da41af62-71d1-4a6e-bd38-b02f0c3b7a6f" />
      <TestMethod codeBase="C:\YOKI\Codex\AssetLibrary-worktrees\V03-026\tests\dotnet\AssetLibrary.TransferOperation.Tests\bin\Release\net10.0\AssetLibrary.TransferOperation.Tests.dll" adapterTypeName="executor://mstestadapter/v4" className="AssetLibrary.TransferOperation.Tests.OperationPlanTimingTests" name="ExpiredPreflightCannotInvokeExecutor" />
    </UnitTest>
    <UnitTest name="CancellationLeavesNoFormalTarget" storage="c:\yoki\codex\assetlibrary-worktrees\v03-026\tests\dotnet\assetlibrary.transferoperation.tests\bin\release\net10.0\assetlibrary.transferoperation.tests.dll" id="1499431e-1a4f-8d86-8726-e2b2eed3d56a">
      <Execution id="96f69c2e-6866-41fd-bc1c-6206f1be1751" />
      <TestMethod codeBase="C:\YOKI\Codex\AssetLibrary-worktrees\V03-026\tests\dotnet\AssetLibrary.TransferOperation.Tests\bin\Release\net10.0\AssetLibrary.TransferOperation.Tests.dll" adapterTypeName="executor://mstestadapter/v4" className="AssetLibrary.TransferOperation.Tests.SandboxTransferIntegrationTests" name="CancellationLeavesNoFormalTarget" />
    </UnitTest>
    <UnitTest name="RequestDeadlineProducesDistinctFailure" storage="c:\yoki\codex\assetlibrary-worktrees\v03-026\tests\dotnet\assetlibrary.transferoperation.tests\bin\release\net10.0\assetlibrary.transferoperation.tests.dll" id="18de1825-12fb-85d7-a21e-e859c63fc852">
      <Execution id="d437db71-bff2-4d55-9951-f3f5885accc0" />
      <TestMethod codeBase="C:\YOKI\Codex\AssetLibrary-worktrees\V03-026\tests\dotnet\AssetLibrary.TransferOperation.Tests\bin\Release\net10.0\AssetLibrary.TransferOperation.Tests.dll" adapterTypeName="executor://mstestadapter/v4" className="AssetLibrary.TransferOperation.Tests.TransferServiceDeadlineTests" name="RequestDeadlineProducesDistinctFailure" />
    </UnitTest>
    <UnitTest name="RelativeTraversalIsRejectedBeforeUse" storage="c:\yoki\codex\assetlibrary-worktrees\v03-026\tests\dotnet\assetlibrary.transferoperation.tests\bin\release\net10.0\assetlibrary.transferoperation.tests.dll" id="11a5f330-a6f6-81ca-9668-0fa548539799">
      <Execution id="d8e0029a-39e4-4916-8c56-6be7373d387f" />
      <TestMethod codeBase="C:\YOKI\Codex\AssetLibrary-worktrees\V03-026\tests\dotnet\AssetLibrary.TransferOperation.Tests\bin\Release\net10.0\AssetLibrary.TransferOperation.Tests.dll" adapterTypeName="executor://mstestadapter/v4" className="AssetLibrary.TransferOperation.Tests.SandboxBoundaryTests" name="RelativeTraversalIsRejectedBeforeUse" />
    </UnitTest>
    <UnitTest name="LocationTokensRejectPathSyntax (&quot;source/token&quot;)" storage="c:\yoki\codex\assetlibrary-worktrees\v03-026\tests\dotnet\assetlibrary.transferoperation.tests\bin\release\net10.0\assetlibrary.transferoperation.tests.dll" id="18854104-2d13-872f-ae8e-2dd6a526d3a0">
      <Execution id="17f2d12d-68de-4755-be95-603ab4e6b172" />
      <TestMethod codeBase="C:\YOKI\Codex\AssetLibrary-worktrees\V03-026\tests\dotnet\AssetLibrary.TransferOperation.Tests\bin\Release\net10.0\AssetLibrary.TransferOperation.Tests.dll" adapterTypeName="executor://mstestadapter/v4" className="AssetLibrary.TransferOperation.Tests.ContractPolicyTests" name="LocationTokensRejectPathSyntax" />
    </UnitTest>
    <UnitTest name="StaleExecutionRightCannotInvokeExecutor" storage="c:\yoki\codex\assetlibrary-worktrees\v03-026\tests\dotnet\assetlibrary.transferoperation.tests\bin\release\net10.0\assetlibrary.transferoperation.tests.dll" id="180ea10b-8ed6-84e3-900a-8e894e117ee9">
      <Execution id="849acb4f-8711-44b6-86f2-9bf196324b55" />
      <TestMethod codeBase="C:\YOKI\Codex\AssetLibrary-worktrees\V03-026\tests\dotnet\AssetLibrary.TransferOperation.Tests\bin\Release\net10.0\AssetLibrary.TransferOperation.Tests.dll" adapterTypeName="executor://mstestadapter/v4" className="AssetLibrary.TransferOperation.Tests.OperationPlanExecutionGuardTests" name="StaleExecutionRightCannotInvokeExecutor" />
    </UnitTest>
    <UnitTest name="RestoreCollisionPreservesTrashAndExistingTarget" storage="c:\yoki\codex\assetlibrary-worktrees\v03-026\tests\dotnet\assetlibrary.transferoperation.tests\bin\release\net10.0\assetlibrary.transferoperation.tests.dll" id="14233dee-f79e-88b2-b728-af7ba6ea1b2d">
      <Execution id="c000729f-caee-49d3-b45c-6f002e06a0f8" />
      <TestMethod codeBase="C:\YOKI\Codex\AssetLibrary-worktrees\V03-026\tests\dotnet\AssetLibrary.TransferOperation.Tests\bin\Release\net10.0\AssetLibrary.TransferOperation.Tests.dll" adapterTypeName="executor://mstestadapter/v4" className="AssetLibrary.TransferOperation.Tests.SandboxTrashRestoreTests" name="RestoreCollisionPreservesTrashAndExistingTarget" />
    </UnitTest>
    <UnitTest name="SandboxBaseItselfIsNotAnAllowedFixture" storage="c:\yoki\codex\assetlibrary-worktrees\v03-026\tests\dotnet\assetlibrary.transferoperation.tests\bin\release\net10.0\assetlibrary.transferoperation.tests.dll" id="15ad40fb-b98e-86cd-a2a6-8f74645fdbf5">
      <Execution id="f3ceae2d-2a91-4b70-8eef-5ca049fff2bb" />
      <TestMethod codeBase="C:\YOKI\Codex\AssetLibrary-worktrees\V03-026\tests\dotnet\AssetLibrary.TransferOperation.Tests\bin\Release\net10.0\AssetLibrary.TransferOperation.Tests.dll" adapterTypeName="executor://mstestadapter/v4" className="AssetLibrary.TransferOperation.Tests.SandboxBoundaryTests" name="SandboxBaseItselfIsNotAnAllowedFixture" />
    </UnitTest>
    <UnitTest name="TimeSpentStartingCannotExtendRequestDeadline" storage="c:\yoki\codex\assetlibrary-worktrees\v03-026\tests\dotnet\assetlibrary.transferoperation.tests\bin\release\net10.0\assetlibrary.transferoperation.tests.dll" id="17a8c05b-4223-848f-83c9-987cb73d2637">
      <Execution id="961447c9-4e72-449a-8d8c-7372303bfb0e" />
      <TestMethod codeBase="C:\YOKI\Codex\AssetLibrary-worktrees\V03-026\tests\dotnet\AssetLibrary.TransferOperation.Tests\bin\Release\net10.0\AssetLibrary.TransferOperation.Tests.dll" adapterTypeName="executor://mstestadapter/v4" className="AssetLibrary.TransferOperation.Tests.TransferServiceDeadlineTests" name="TimeSpentStartingCannotExtendRequestDeadline" />
    </UnitTest>
    <UnitTest name="TargetAppearingAfterPreflightIsNeverOverwritten" storage="c:\yoki\codex\assetlibrary-worktrees\v03-026\tests\dotnet\assetlibrary.transferoperation.tests\bin\release\net10.0\assetlibrary.transferoperation.tests.dll" id="1ee171cd-0338-8337-84e4-90622db13936">
      <Execution id="5286bea2-8a66-43b5-b5ee-46bd9ccd3133" />
      <TestMethod codeBase="C:\YOKI\Codex\AssetLibrary-worktrees\V03-026\tests\dotnet\AssetLibrary.TransferOperation.Tests\bin\Release\net10.0\AssetLibrary.TransferOperation.Tests.dll" adapterTypeName="executor://mstestadapter/v4" className="AssetLibrary.TransferOperation.Tests.SandboxOperationCollisionTests" name="TargetAppearingAfterPreflightIsNeverOverwritten" />
    </UnitTest>
    <UnitTest name="ProtectionAddedAfterPreflightStillFailsClosed" storage="c:\yoki\codex\assetlibrary-worktrees\v03-026\tests\dotnet\assetlibrary.transferoperation.tests\bin\release\net10.0\assetlibrary.transferoperation.tests.dll" id="1cf5971d-cc92-81aa-a027-4f5a4b5b3e90">
      <Execution id="843e0147-ff4b-4945-999f-ff7f0fa21ffb" />
      <TestMethod codeBase="C:\YOKI\Codex\AssetLibrary-worktrees\V03-026\tests\dotnet\AssetLibrary.TransferOperation.Tests\bin\Release\net10.0\AssetLibrary.TransferOperation.Tests.dll" adapterTypeName="executor://mstestadapter/v4" className="AssetLibrary.TransferOperation.Tests.SandboxOperationPolicyChangeTests" name="ProtectionAddedAfterPreflightStillFailsClosed" />
    </UnitTest>
    <UnitTest name="ExistingTargetAndInsufficientSpaceFailClosed" storage="c:\yoki\codex\assetlibrary-worktrees\v03-026\tests\dotnet\assetlibrary.transferoperation.tests\bin\release\net10.0\assetlibrary.transferoperation.tests.dll" id="1779e902-53d8-8b09-bfa0-5ccefa14b8d2">
      <Execution id="f470615c-9d18-4377-b059-d6d2aad44662" />
      <TestMethod codeBase="C:\YOKI\Codex\AssetLibrary-worktrees\V03-026\tests\dotnet\AssetLibrary.TransferOperation.Tests\bin\Release\net10.0\AssetLibrary.TransferOperation.Tests.dll" adapterTypeName="executor://mstestadapter/v4" className="AssetLibrary.TransferOperation.Tests.SandboxTransferIntegrationTests" name="ExistingTargetAndInsufficientSpaceFailClosed" />
    </UnitTest>
    <UnitTest name="ReadyPreflightCannotUnderstateRequiredCapacity" storage="c:\yoki\codex\assetlibrary-worktrees\v03-026\tests\dotnet\assetlibrary.transferoperation.tests\bin\release\net10.0\assetlibrary.transferoperation.tests.dll" id="1af8cce5-fba6-815e-84f0-2cd21b3cc767">
      <Execution id="aa5fd4f1-37dd-4656-bf02-87c8bbfab6f1" />
      <TestMethod codeBase="C:\YOKI\Codex\AssetLibrary-worktrees\V03-026\tests\dotnet\AssetLibrary.TransferOperation.Tests\bin\Release\net10.0\AssetLibrary.TransferOperation.Tests.dll" adapterTypeName="executor://mstestadapter/v4" className="AssetLibrary.TransferOperation.Tests.OperationPlanMalformedPreflightTests" name="ReadyPreflightCannotUnderstateRequiredCapacity" />
    </UnitTest>
    <UnitTest name="RejectedPreflightCannotExecute" storage="c:\yoki\codex\assetlibrary-worktrees\v03-026\tests\dotnet\assetlibrary.transferoperation.tests\bin\release\net10.0\assetlibrary.transferoperation.tests.dll" id="1663ceae-df5f-821b-ab1e-10cc3fac7ff4">
      <Execution id="0f060339-cd13-4b24-9fb1-e0197cd33302" />
      <TestMethod codeBase="C:\YOKI\Codex\AssetLibrary-worktrees\V03-026\tests\dotnet\AssetLibrary.TransferOperation.Tests\bin\Release\net10.0\AssetLibrary.TransferOperation.Tests.dll" adapterTypeName="executor://mstestadapter/v4" className="AssetLibrary.TransferOperation.Tests.OperationPlanRejectedPreflightTests" name="RejectedPreflightCannotExecute" />
    </UnitTest>
    <UnitTest name="LocationTokensRejectPathSyntax (&quot;C:\drive&quot;)" storage="c:\yoki\codex\assetlibrary-worktrees\v03-026\tests\dotnet\assetlibrary.transferoperation.tests\bin\release\net10.0\assetlibrary.transferoperation.tests.dll" id="11cd3632-2ead-82bc-ac71-b0228da61a85">
      <Execution id="65ca0162-de12-4118-b470-f3290894ebcd" />
      <TestMethod codeBase="C:\YOKI\Codex\AssetLibrary-worktrees\V03-026\tests\dotnet\AssetLibrary.TransferOperation.Tests\bin\Release\net10.0\AssetLibrary.TransferOperation.Tests.dll" adapterTypeName="executor://mstestadapter/v4" className="AssetLibrary.TransferOperation.Tests.ContractPolicyTests" name="LocationTokensRejectPathSyntax" />
    </UnitTest>
    <UnitTest name="TrashForbidsTargetAndCopyRequiresTarget" storage="c:\yoki\codex\assetlibrary-worktrees\v03-026\tests\dotnet\assetlibrary.transferoperation.tests\bin\release\net10.0\assetlibrary.transferoperation.tests.dll" id="15fd9b24-0f5d-8f6a-a01e-590dd7d29255">
      <Execution id="e558bc54-9b88-41b1-b2a2-11340bdb6381" />
      <TestMethod codeBase="C:\YOKI\Codex\AssetLibrary-worktrees\V03-026\tests\dotnet\AssetLibrary.TransferOperation.Tests\bin\Release\net10.0\AssetLibrary.TransferOperation.Tests.dll" adapterTypeName="executor://mstestadapter/v4" className="AssetLibrary.TransferOperation.Tests.ContractPolicyTests" name="TrashForbidsTargetAndCopyRequiresTarget" />
    </UnitTest>
    <UnitTest name="CopyPreservesSourceAndVerifiesTarget" storage="c:\yoki\codex\assetlibrary-worktrees\v03-026\tests\dotnet\assetlibrary.transferoperation.tests\bin\release\net10.0\assetlibrary.transferoperation.tests.dll" id="11eb4057-594f-83aa-aed7-1640aca437fa">
      <Execution id="414f52e0-cef2-4df8-b278-a9245a0009f1" />
      <TestMethod codeBase="C:\YOKI\Codex\AssetLibrary-worktrees\V03-026\tests\dotnet\AssetLibrary.TransferOperation.Tests\bin\Release\net10.0\AssetLibrary.TransferOperation.Tests.dll" adapterTypeName="executor://mstestadapter/v4" className="AssetLibrary.TransferOperation.Tests.SandboxOperationHappyPathTests" name="CopyPreservesSourceAndVerifiesTarget" />
    </UnitTest>
    <UnitTest name="UntrustedPreflightCannotOmitAnItem" storage="c:\yoki\codex\assetlibrary-worktrees\v03-026\tests\dotnet\assetlibrary.transferoperation.tests\bin\release\net10.0\assetlibrary.transferoperation.tests.dll" id="16c7d472-c970-8ff7-b4cc-f2d517b15809">
      <Execution id="86f8c8f0-faa0-44f8-b4f7-912abc2b316a" />
      <TestMethod codeBase="C:\YOKI\Codex\AssetLibrary-worktrees\V03-026\tests\dotnet\AssetLibrary.TransferOperation.Tests\bin\Release\net10.0\AssetLibrary.TransferOperation.Tests.dll" adapterTypeName="executor://mstestadapter/v4" className="AssetLibrary.TransferOperation.Tests.OperationPlanMalformedPreflightTests" name="UntrustedPreflightCannotOmitAnItem" />
    </UnitTest>
    <UnitTest name="CapacityLossAfterPreflightStillFailsClosed" storage="c:\yoki\codex\assetlibrary-worktrees\v03-026\tests\dotnet\assetlibrary.transferoperation.tests\bin\release\net10.0\assetlibrary.transferoperation.tests.dll" id="13e4348b-7a4d-8cfa-9f98-32a62dd68935">
      <Execution id="5a4b12e9-5757-482a-bafc-9d203844e97e" />
      <TestMethod codeBase="C:\YOKI\Codex\AssetLibrary-worktrees\V03-026\tests\dotnet\AssetLibrary.TransferOperation.Tests\bin\Release\net10.0\AssetLibrary.TransferOperation.Tests.dll" adapterTypeName="executor://mstestadapter/v4" className="AssetLibrary.TransferOperation.Tests.SandboxOperationPolicyChangeTests" name="CapacityLossAfterPreflightStillFailsClosed" />
    </UnitTest>
    <UnitTest name="StaleCompletionCannotClaimSuccess" storage="c:\yoki\codex\assetlibrary-worktrees\v03-026\tests\dotnet\assetlibrary.transferoperation.tests\bin\release\net10.0\assetlibrary.transferoperation.tests.dll" id="1dfa743e-334c-897c-945c-826d386b988c">
      <Execution id="d60104a1-2e1a-4ac9-9a8d-323662f36bce" />
      <TestMethod codeBase="C:\YOKI\Codex\AssetLibrary-worktrees\V03-026\tests\dotnet\AssetLibrary.TransferOperation.Tests\bin\Release\net10.0\AssetLibrary.TransferOperation.Tests.dll" adapterTypeName="executor://mstestadapter/v4" className="AssetLibrary.TransferOperation.Tests.TransferServiceTests" name="StaleCompletionCannotClaimSuccess" />
    </UnitTest>
    <UnitTest name="NestedDefaultDigestIsRejected" storage="c:\yoki\codex\assetlibrary-worktrees\v03-026\tests\dotnet\assetlibrary.transferoperation.tests\bin\release\net10.0\assetlibrary.transferoperation.tests.dll" id="1a592a3a-9e8a-874f-8456-85bff433dc02">
      <Execution id="de03e9f5-c3e8-4d54-bf0d-a562c8b8de29" />
      <TestMethod codeBase="C:\YOKI\Codex\AssetLibrary-worktrees\V03-026\tests\dotnet\AssetLibrary.TransferOperation.Tests\bin\Release\net10.0\AssetLibrary.TransferOperation.Tests.dll" adapterTypeName="executor://mstestadapter/v4" className="AssetLibrary.TransferOperation.Tests.DefaultValueObjectTests" name="NestedDefaultDigestIsRejected" />
    </UnitTest>
    <UnitTest name="ServiceTimeoutIsDistinctFromCallerCancellation" storage="c:\yoki\codex\assetlibrary-worktrees\v03-026\tests\dotnet\assetlibrary.transferoperation.tests\bin\release\net10.0\assetlibrary.transferoperation.tests.dll" id="128be247-9aeb-8298-8802-14901b86a580">
      <Execution id="b2062051-c2c3-4b9f-acf9-75c6343239b6" />
      <TestMethod codeBase="C:\YOKI\Codex\AssetLibrary-worktrees\V03-026\tests\dotnet\AssetLibrary.TransferOperation.Tests\bin\Release\net10.0\AssetLibrary.TransferOperation.Tests.dll" adapterTypeName="executor://mstestadapter/v4" className="AssetLibrary.TransferOperation.Tests.OperationExecutionTimeoutTests" name="ServiceTimeoutIsDistinctFromCallerCancellation" />
    </UnitTest>
    <UnitTest name="PlanItemLimitIsEnforced" storage="c:\yoki\codex\assetlibrary-worktrees\v03-026\tests\dotnet\assetlibrary.transferoperation.tests\bin\release\net10.0\assetlibrary.transferoperation.tests.dll" id="1121f934-7dd7-80ad-803b-b41347593415">
      <Execution id="9ed407a9-c371-4fc1-a642-cc8db30c3703" />
      <TestMethod codeBase="C:\YOKI\Codex\AssetLibrary-worktrees\V03-026\tests\dotnet\AssetLibrary.TransferOperation.Tests\bin\Release\net10.0\AssetLibrary.TransferOperation.Tests.dll" adapterTypeName="executor://mstestadapter/v4" className="AssetLibrary.TransferOperation.Tests.ContractPolicyTests" name="PlanItemLimitIsEnforced" />
    </UnitTest>
    <UnitTest name="FailureMustMatchItsState" storage="c:\yoki\codex\assetlibrary-worktrees\v03-026\tests\dotnet\assetlibrary.transferoperation.tests\bin\release\net10.0\assetlibrary.transferoperation.tests.dll" id="1d24a1a6-5f54-8227-a417-0a8ab0980818">
      <Execution id="cd9c3255-ae88-4ee3-b373-4c4224c47f1b" />
      <TestMethod codeBase="C:\YOKI\Codex\AssetLibrary-worktrees\V03-026\tests\dotnet\AssetLibrary.TransferOperation.Tests\bin\Release\net10.0\AssetLibrary.TransferOperation.Tests.dll" adapterTypeName="executor://mstestadapter/v4" className="AssetLibrary.TransferOperation.Tests.TransferStoredResultValidationTests" name="FailureMustMatchItsState" />
    </UnitTest>
    <UnitTest name="MultiChunkCopyReopensAndStrongHashesTarget" storage="c:\yoki\codex\assetlibrary-worktrees\v03-026\tests\dotnet\assetlibrary.transferoperation.tests\bin\release\net10.0\assetlibrary.transferoperation.tests.dll" id="1e8cc185-ab50-84b5-a9b6-4f1afa026696">
      <Execution id="0b965993-6169-411a-8a8d-fe7b37ca70cb" />
      <TestMethod codeBase="C:\YOKI\Codex\AssetLibrary-worktrees\V03-026\tests\dotnet\AssetLibrary.TransferOperation.Tests\bin\Release\net10.0\AssetLibrary.TransferOperation.Tests.dll" adapterTypeName="executor://mstestadapter/v4" className="AssetLibrary.TransferOperation.Tests.SandboxTransferIntegrationTests" name="MultiChunkCopyReopensAndStrongHashesTarget" />
    </UnitTest>
    <UnitTest name="LocationTokensRejectPathSyntax (&quot;source:token&quot;)" storage="c:\yoki\codex\assetlibrary-worktrees\v03-026\tests\dotnet\assetlibrary.transferoperation.tests\bin\release\net10.0\assetlibrary.transferoperation.tests.dll" id="1853fb3b-f240-8423-8b5e-c6533057ecba">
      <Execution id="c044dc4d-13ae-46d4-ab61-af8d769fdba0" />
      <TestMethod codeBase="C:\YOKI\Codex\AssetLibrary-worktrees\V03-026\tests\dotnet\AssetLibrary.TransferOperation.Tests\bin\Release\net10.0\AssetLibrary.TransferOperation.Tests.dll" adapterTypeName="executor://mstestadapter/v4" className="AssetLibrary.TransferOperation.Tests.ContractPolicyTests" name="LocationTokensRejectPathSyntax" />
    </UnitTest>
    <UnitTest name="MoveRecoveryUsesPhysicalFactsAndIsIdempotent (4)" storage="c:\yoki\codex\assetlibrary-worktrees\v03-026\tests\dotnet\assetlibrary.transferoperation.tests\bin\release\net10.0\assetlibrary.transferoperation.tests.dll" id="1878ba08-5174-80d2-a461-36b0651d16ed">
      <Execution id="cfdee846-7c13-4dc2-884a-baff6c1c0e4e" />
      <TestMethod codeBase="C:\YOKI\Codex\AssetLibrary-worktrees\V03-026\tests\dotnet\AssetLibrary.TransferOperation.Tests\bin\Release\net10.0\AssetLibrary.TransferOperation.Tests.dll" adapterTypeName="executor://mstestadapter/v4" className="AssetLibrary.TransferOperation.Tests.SandboxMoveRecoveryTests" name="MoveRecoveryUsesPhysicalFactsAndIsIdempotent" />
    </UnitTest>
    <UnitTest name="ReparseComponentIsRejected" storage="c:\yoki\codex\assetlibrary-worktrees\v03-026\tests\dotnet\assetlibrary.transferoperation.tests\bin\release\net10.0\assetlibrary.transferoperation.tests.dll" id="1f5f9803-e5ec-87ef-8770-19c7126d385b">
      <Execution id="927abf16-379e-4070-bc5c-5769f5bb193a" />
      <TestMethod codeBase="C:\YOKI\Codex\AssetLibrary-worktrees\V03-026\tests\dotnet\AssetLibrary.TransferOperation.Tests\bin\Release\net10.0\AssetLibrary.TransferOperation.Tests.dll" adapterTypeName="executor://mstestadapter/v4" className="AssetLibrary.TransferOperation.Tests.SandboxBoundaryTests" name="ReparseComponentIsRejected" />
    </UnitTest>
    <UnitTest name="StructurallyEqualRehydratedCompletionIsAccepted" storage="c:\yoki\codex\assetlibrary-worktrees\v03-026\tests\dotnet\assetlibrary.transferoperation.tests\bin\release\net10.0\assetlibrary.transferoperation.tests.dll" id="1f2a253a-5e56-8e9c-8ce9-4359a76ed336">
      <Execution id="d6618084-6eef-4b4f-8dd9-153dedd35f5c" />
      <TestMethod codeBase="C:\YOKI\Codex\AssetLibrary-worktrees\V03-026\tests\dotnet\AssetLibrary.TransferOperation.Tests\bin\Release\net10.0\AssetLibrary.TransferOperation.Tests.dll" adapterTypeName="executor://mstestadapter/v4" className="AssetLibrary.TransferOperation.Tests.OperationCompletionValidationTests" name="StructurallyEqualRehydratedCompletionIsAccepted" />
    </UnitTest>
    <UnitTest name="ChangedPhysicalFactsProduceDifferentConfirmation" storage="c:\yoki\codex\assetlibrary-worktrees\v03-026\tests\dotnet\assetlibrary.transferoperation.tests\bin\release\net10.0\assetlibrary.transferoperation.tests.dll" id="1b8c364f-6b32-8a6c-ae6a-72865a276e93">
      <Execution id="d8b26d7f-ef21-4cce-a382-634d0d78f8e5" />
      <TestMethod codeBase="C:\YOKI\Codex\AssetLibrary-worktrees\V03-026\tests\dotnet\AssetLibrary.TransferOperation.Tests\bin\Release\net10.0\AssetLibrary.TransferOperation.Tests.dll" adapterTypeName="executor://mstestadapter/v4" className="AssetLibrary.TransferOperation.Tests.OperationPlanPreparationSuccessTests" name="ChangedPhysicalFactsProduceDifferentConfirmation" />
    </UnitTest>
    <UnitTest name="RequestDeadlineMarksEveryRemainderDistinctly" storage="c:\yoki\codex\assetlibrary-worktrees\v03-026\tests\dotnet\assetlibrary.transferoperation.tests\bin\release\net10.0\assetlibrary.transferoperation.tests.dll" id="17dd1ca8-99d0-82b6-9d8c-492efeb01789">
      <Execution id="2e31317f-0ae8-4457-85a1-501fa02a3d22" />
      <TestMethod codeBase="C:\YOKI\Codex\AssetLibrary-worktrees\V03-026\tests\dotnet\AssetLibrary.TransferOperation.Tests\bin\Release\net10.0\AssetLibrary.TransferOperation.Tests.dll" adapterTypeName="executor://mstestadapter/v4" className="AssetLibrary.TransferOperation.Tests.OperationPlanTimingTests" name="RequestDeadlineMarksEveryRemainderDistinctly" />
    </UnitTest>
    <UnitTest name="MoveRecoveryUsesPhysicalFactsAndIsIdempotent (3)" storage="c:\yoki\codex\assetlibrary-worktrees\v03-026\tests\dotnet\assetlibrary.transferoperation.tests\bin\release\net10.0\assetlibrary.transferoperation.tests.dll" id="1eec063c-efae-8ff9-a6a7-0369f478cd05">
      <Execution id="37013a84-066f-4ce5-a809-dd00a4f9af5c" />
      <TestMethod codeBase="C:\YOKI\Codex\AssetLibrary-worktrees\V03-026\tests\dotnet\AssetLibrary.TransferOperation.Tests\bin\Release\net10.0\AssetLibrary.TransferOperation.Tests.dll" adapterTypeName="executor://mstestadapter/v4" className="AssetLibrary.TransferOperation.Tests.SandboxMoveRecoveryTests" name="MoveRecoveryUsesPhysicalFactsAndIsIdempotent" />
    </UnitTest>
    <UnitTest name="CompletedPlanStillRequiresItsExactConfirmation" storage="c:\yoki\codex\assetlibrary-worktrees\v03-026\tests\dotnet\assetlibrary.transferoperation.tests\bin\release\net10.0\assetlibrary.transferoperation.tests.dll" id="1bc113fe-92ac-8c32-b06c-ae7e8fd79d33">
      <Execution id="14f52d18-9678-4d7b-bb5f-fb489661197f" />
      <TestMethod codeBase="C:\YOKI\Codex\AssetLibrary-worktrees\V03-026\tests\dotnet\AssetLibrary.TransferOperation.Tests\bin\Release\net10.0\AssetLibrary.TransferOperation.Tests.dll" adapterTypeName="executor://mstestadapter/v4" className="AssetLibrary.TransferOperation.Tests.OperationPlanExecutionGuardTests" name="CompletedPlanStillRequiresItsExactConfirmation" />
    </UnitTest>
    <UnitTest name="TrashNeverDeletesAndCanBeRestoredWithoutOverwrite" storage="c:\yoki\codex\assetlibrary-worktrees\v03-026\tests\dotnet\assetlibrary.transferoperation.tests\bin\release\net10.0\assetlibrary.transferoperation.tests.dll" id="16fae3f6-fc06-808a-9f6a-0dafdc5539c0">
      <Execution id="3db7a3fc-1480-432d-b3c4-d97ce4b78e33" />
      <TestMethod codeBase="C:\YOKI\Codex\AssetLibrary-worktrees\V03-026\tests\dotnet\AssetLibrary.TransferOperation.Tests\bin\Release\net10.0\AssetLibrary.TransferOperation.Tests.dll" adapterTypeName="executor://mstestadapter/v4" className="AssetLibrary.TransferOperation.Tests.SandboxTrashRestoreTests" name="TrashNeverDeletesAndCanBeRestoredWithoutOverwrite" />
    </UnitTest>
    <UnitTest name="ConcurrentCopiesToSameTargetHaveExactlyOneWinner" storage="c:\yoki\codex\assetlibrary-worktrees\v03-026\tests\dotnet\assetlibrary.transferoperation.tests\bin\release\net10.0\assetlibrary.transferoperation.tests.dll" id="1ec0ae8e-78a7-81c1-be16-a324f941a2b8">
      <Execution id="2fcae4fe-3b62-4bdd-af7b-bf5599f0ce24" />
      <TestMethod codeBase="C:\YOKI\Codex\AssetLibrary-worktrees\V03-026\tests\dotnet\AssetLibrary.TransferOperation.Tests\bin\Release\net10.0\AssetLibrary.TransferOperation.Tests.dll" adapterTypeName="executor://mstestadapter/v4" className="AssetLibrary.TransferOperation.Tests.SandboxConcurrencyTests" name="ConcurrentCopiesToSameTargetHaveExactlyOneWinner" />
    </UnitTest>
    <UnitTest name="ExistingStoreResultWithDifferentIntentIsRejected" storage="c:\yoki\codex\assetlibrary-worktrees\v03-026\tests\dotnet\assetlibrary.transferoperation.tests\bin\release\net10.0\assetlibrary.transferoperation.tests.dll" id="18800219-5ac3-8dd6-b3ff-31fb92e984f4">
      <Execution id="528d5d16-dae4-405b-bee3-62b64073cb75" />
      <TestMethod codeBase="C:\YOKI\Codex\AssetLibrary-worktrees\V03-026\tests\dotnet\AssetLibrary.TransferOperation.Tests\bin\Release\net10.0\AssetLibrary.TransferOperation.Tests.dll" adapterTypeName="executor://mstestadapter/v4" className="AssetLibrary.TransferOperation.Tests.TransferServiceStoreTrustTests" name="ExistingStoreResultWithDifferentIntentIsRejected" />
    </UnitTest>
    <UnitTest name="SameIntentReturnsOriginalPreparedPlan" storage="c:\yoki\codex\assetlibrary-worktrees\v03-026\tests\dotnet\assetlibrary.transferoperation.tests\bin\release\net10.0\assetlibrary.transferoperation.tests.dll" id="17d011cb-f1a0-8652-a275-042a95e9734f">
      <Execution id="dc6a897b-a758-4485-b04e-aa5755899fc5" />
      <TestMethod codeBase="C:\YOKI\Codex\AssetLibrary-worktrees\V03-026\tests\dotnet\AssetLibrary.TransferOperation.Tests\bin\Release\net10.0\AssetLibrary.TransferOperation.Tests.dll" adapterTypeName="executor://mstestadapter/v4" className="AssetLibrary.TransferOperation.Tests.OperationPlanIdempotencyTests" name="SameIntentReturnsOriginalPreparedPlan" />
    </UnitTest>
    <UnitTest name="MoveRecoveryUsesPhysicalFactsAndIsIdempotent (1)" storage="c:\yoki\codex\assetlibrary-worktrees\v03-026\tests\dotnet\assetlibrary.transferoperation.tests\bin\release\net10.0\assetlibrary.transferoperation.tests.dll" id="1705e1c4-4c53-8045-89ae-f584fe24f998">
      <Execution id="a2be7891-3c6f-4906-a65d-e178ba9ce4d7" />
      <TestMethod codeBase="C:\YOKI\Codex\AssetLibrary-worktrees\V03-026\tests\dotnet\AssetLibrary.TransferOperation.Tests\bin\Release\net10.0\AssetLibrary.TransferOperation.Tests.dll" adapterTypeName="executor://mstestadapter/v4" className="AssetLibrary.TransferOperation.Tests.SandboxMoveRecoveryTests" name="MoveRecoveryUsesPhysicalFactsAndIsIdempotent" />
    </UnitTest>
    <UnitTest name="ExecutionRightsRejectNestedDefaultValues" storage="c:\yoki\codex\assetlibrary-worktrees\v03-026\tests\dotnet\assetlibrary.transferoperation.tests\bin\release\net10.0\assetlibrary.transferoperation.tests.dll" id="19890176-61c6-8aaa-bdc8-beb340f92fdf">
      <Execution id="55faef2a-1acd-4850-8f39-4d3bffa5bcbd" />
      <TestMethod codeBase="C:\YOKI\Codex\AssetLibrary-worktrees\V03-026\tests\dotnet\AssetLibrary.TransferOperation.Tests\bin\Release\net10.0\AssetLibrary.TransferOperation.Tests.dll" adapterTypeName="executor://mstestadapter/v4" className="AssetLibrary.TransferOperation.Tests.DefaultValueObjectTests" name="ExecutionRightsRejectNestedDefaultValues" />
    </UnitTest>
    <UnitTest name="MoveCommitsTargetBeforeSourceEntersTrash" storage="c:\yoki\codex\assetlibrary-worktrees\v03-026\tests\dotnet\assetlibrary.transferoperation.tests\bin\release\net10.0\assetlibrary.transferoperation.tests.dll" id="1b60dc31-cb54-8e5b-9bc5-3d74751b07e9">
      <Execution id="0720dda0-dc44-4b0b-938d-a43d82ece8b1" />
      <TestMethod codeBase="C:\YOKI\Codex\AssetLibrary-worktrees\V03-026\tests\dotnet\AssetLibrary.TransferOperation.Tests\bin\Release\net10.0\AssetLibrary.TransferOperation.Tests.dll" adapterTypeName="executor://mstestadapter/v4" className="AssetLibrary.TransferOperation.Tests.SandboxOperationHappyPathTests" name="MoveCommitsTargetBeforeSourceEntersTrash" />
    </UnitTest>
    <UnitTest name="UnknownItemFailureIsRejected" storage="c:\yoki\codex\assetlibrary-worktrees\v03-026\tests\dotnet\assetlibrary.transferoperation.tests\bin\release\net10.0\assetlibrary.transferoperation.tests.dll" id="1dcce786-902a-835d-a37e-284f74ca4c08">
      <Execution id="1efc2945-d9a2-4de5-8285-4eb41169532a" />
      <TestMethod codeBase="C:\YOKI\Codex\AssetLibrary-worktrees\V03-026\tests\dotnet\AssetLibrary.TransferOperation.Tests\bin\Release\net10.0\AssetLibrary.TransferOperation.Tests.dll" adapterTypeName="executor://mstestadapter/v4" className="AssetLibrary.TransferOperation.Tests.OperationStoredResultValidationTests" name="UnknownItemFailureIsRejected" />
    </UnitTest>
    <UnitTest name="WrongConfirmationCannotExecute" storage="c:\yoki\codex\assetlibrary-worktrees\v03-026\tests\dotnet\assetlibrary.transferoperation.tests\bin\release\net10.0\assetlibrary.transferoperation.tests.dll" id="1cfc3459-07a2-84f1-8576-496952af1cf2">
      <Execution id="cbd92c55-64aa-4a93-b860-98fee19c4e0c" />
      <TestMethod codeBase="C:\YOKI\Codex\AssetLibrary-worktrees\V03-026\tests\dotnet\AssetLibrary.TransferOperation.Tests\bin\Release\net10.0\AssetLibrary.TransferOperation.Tests.dll" adapterTypeName="executor://mstestadapter/v4" className="AssetLibrary.TransferOperation.Tests.OperationPlanExecutionGuardTests" name="WrongConfirmationCannotExecute" />
    </UnitTest>
    <UnitTest name="MoveRecoveryUsesPhysicalFactsAndIsIdempotent (2)" storage="c:\yoki\codex\assetlibrary-worktrees\v03-026\tests\dotnet\assetlibrary.transferoperation.tests\bin\release\net10.0\assetlibrary.transferoperation.tests.dll" id="10e244bd-a730-84d3-b741-796399533bed">
      <Execution id="b43420f2-213b-45dc-87ba-af5fe5db8745" />
      <TestMethod codeBase="C:\YOKI\Codex\AssetLibrary-worktrees\V03-026\tests\dotnet\AssetLibrary.TransferOperation.Tests\bin\Release\net10.0\AssetLibrary.TransferOperation.Tests.dll" adapterTypeName="executor://mstestadapter/v4" className="AssetLibrary.TransferOperation.Tests.SandboxMoveRecoveryTests" name="MoveRecoveryUsesPhysicalFactsAndIsIdempotent" />
    </UnitTest>
    <UnitTest name="PrepareIsReadOnlyAndBindsExactPreflightToConfirmation" storage="c:\yoki\codex\assetlibrary-worktrees\v03-026\tests\dotnet\assetlibrary.transferoperation.tests\bin\release\net10.0\assetlibrary.transferoperation.tests.dll" id="16971de0-413b-8dff-9919-d33fa7725f8a">
      <Execution id="52d47eae-18c6-4213-8819-3bdb4fb75054" />
      <TestMethod codeBase="C:\YOKI\Codex\AssetLibrary-worktrees\V03-026\tests\dotnet\AssetLibrary.TransferOperation.Tests\bin\Release\net10.0\AssetLibrary.TransferOperation.Tests.dll" adapterTypeName="executor://mstestadapter/v4" className="AssetLibrary.TransferOperation.Tests.OperationPlanPreparationSuccessTests" name="PrepareIsReadOnlyAndBindsExactPreflightToConfirmation" />
    </UnitTest>
    <UnitTest name="LocationTokensRejectPathSyntax (&quot;../escape&quot;)" storage="c:\yoki\codex\assetlibrary-worktrees\v03-026\tests\dotnet\assetlibrary.transferoperation.tests\bin\release\net10.0\assetlibrary.transferoperation.tests.dll" id="13c683ac-88d3-8998-9649-ec5b452c9e80">
      <Execution id="f05dc889-aa0b-4bd5-a703-1211c1a9efc3" />
      <TestMethod codeBase="C:\YOKI\Codex\AssetLibrary-worktrees\V03-026\tests\dotnet\AssetLibrary.TransferOperation.Tests\bin\Release\net10.0\AssetLibrary.TransferOperation.Tests.dll" adapterTypeName="executor://mstestadapter/v4" className="AssetLibrary.TransferOperation.Tests.ContractPolicyTests" name="LocationTokensRejectPathSyntax" />
    </UnitTest>
    <UnitTest name="SourceMutationAfterPreflightPreservesSourceAndTarget" storage="c:\yoki\codex\assetlibrary-worktrees\v03-026\tests\dotnet\assetlibrary.transferoperation.tests\bin\release\net10.0\assetlibrary.transferoperation.tests.dll" id="137128a5-249c-8a99-a960-8d397f629a3d">
      <Execution id="cb727724-2c9b-47e1-92ae-510d65ff183a" />
      <TestMethod codeBase="C:\YOKI\Codex\AssetLibrary-worktrees\V03-026\tests\dotnet\AssetLibrary.TransferOperation.Tests\bin\Release\net10.0\AssetLibrary.TransferOperation.Tests.dll" adapterTypeName="executor://mstestadapter/v4" className="AssetLibrary.TransferOperation.Tests.SandboxOperationChangedFactsTests" name="SourceMutationAfterPreflightPreservesSourceAndTarget" />
    </UnitTest>
    <UnitTest name="ExpiredExecutionRightFailsBeforePort" storage="c:\yoki\codex\assetlibrary-worktrees\v03-026\tests\dotnet\assetlibrary.transferoperation.tests\bin\release\net10.0\assetlibrary.transferoperation.tests.dll" id="12d9af63-5085-8369-9bae-805188002eb5">
      <Execution id="627e3048-5545-43b4-9865-8fa57d9c5f98" />
      <TestMethod codeBase="C:\YOKI\Codex\AssetLibrary-worktrees\V03-026\tests\dotnet\AssetLibrary.TransferOperation.Tests\bin\Release\net10.0\AssetLibrary.TransferOperation.Tests.dll" adapterTypeName="executor://mstestadapter/v4" className="AssetLibrary.TransferOperation.Tests.TransferServiceTests" name="ExpiredExecutionRightFailsBeforePort" />
    </UnitTest>
    <UnitTest name="ReusedIdempotencyKeyWithDifferentTargetConflicts" storage="c:\yoki\codex\assetlibrary-worktrees\v03-026\tests\dotnet\assetlibrary.transferoperation.tests\bin\release\net10.0\assetlibrary.transferoperation.tests.dll" id="159e884b-cd9c-8316-a847-f4631a000404">
      <Execution id="433d21a1-7d39-4581-83a4-935df1d9bc52" />
      <TestMethod codeBase="C:\YOKI\Codex\AssetLibrary-worktrees\V03-026\tests\dotnet\AssetLibrary.TransferOperation.Tests\bin\Release\net10.0\AssetLibrary.TransferOperation.Tests.dll" adapterTypeName="executor://mstestadapter/v4" className="AssetLibrary.TransferOperation.Tests.TransferServiceTests" name="ReusedIdempotencyKeyWithDifferentTargetConflicts" />
    </UnitTest>
    <UnitTest name="RecoveryCollisionPreservesSourceStageAndUnexpectedTarget" storage="c:\yoki\codex\assetlibrary-worktrees\v03-026\tests\dotnet\assetlibrary.transferoperation.tests\bin\release\net10.0\assetlibrary.transferoperation.tests.dll" id="11b175be-4018-8f4f-8158-aa2b15e7467a">
      <Execution id="4ad38633-b8d6-4c2d-b834-918ed2fbeb92" />
      <TestMethod codeBase="C:\YOKI\Codex\AssetLibrary-worktrees\V03-026\tests\dotnet\AssetLibrary.TransferOperation.Tests\bin\Release\net10.0\AssetLibrary.TransferOperation.Tests.dll" adapterTypeName="executor://mstestadapter/v4" className="AssetLibrary.TransferOperation.Tests.SandboxRecoveryCollisionTests" name="RecoveryCollisionPreservesSourceStageAndUnexpectedTarget" />
    </UnitTest>
    <UnitTest name="TimeSpentInspectingCannotExtendRequestDeadline" storage="c:\yoki\codex\assetlibrary-worktrees\v03-026\tests\dotnet\assetlibrary.transferoperation.tests\bin\release\net10.0\assetlibrary.transferoperation.tests.dll" id="116972b2-871d-8808-a6d0-21293fb338f8">
      <Execution id="a4e01f3a-1b70-495f-be48-438bbab7f9c6" />
      <TestMethod codeBase="C:\YOKI\Codex\AssetLibrary-worktrees\V03-026\tests\dotnet\AssetLibrary.TransferOperation.Tests\bin\Release\net10.0\AssetLibrary.TransferOperation.Tests.dll" adapterTypeName="executor://mstestadapter/v4" className="AssetLibrary.TransferOperation.Tests.OperationPreflightTimingTests" name="TimeSpentInspectingCannotExtendRequestDeadline" />
    </UnitTest>
  </TestDefinitions>
  <TestEntries>
    <TestEntry testId="1b8c364f-6b32-8a6c-ae6a-72865a276e93" executionId="d8b26d7f-ef21-4cce-a382-634d0d78f8e5" testListId="8c84fa94-04c1-424b-9868-57a2d4851a1d" />
    <TestEntry testId="1eec063c-efae-8ff9-a6a7-0369f478cd05" executionId="37013a84-066f-4ce5-a809-dd00a4f9af5c" testListId="8c84fa94-04c1-424b-9868-57a2d4851a1d" />
    <TestEntry testId="1878ba08-5174-80d2-a461-36b0651d16ed" executionId="cfdee846-7c13-4dc2-884a-baff6c1c0e4e" testListId="8c84fa94-04c1-424b-9868-57a2d4851a1d" />
    <TestEntry testId="15fd9b24-0f5d-8f6a-a01e-590dd7d29255" executionId="e558bc54-9b88-41b1-b2a2-11340bdb6381" testListId="8c84fa94-04c1-424b-9868-57a2d4851a1d" />
    <TestEntry testId="174bda51-d33b-85aa-a733-3999ea164f16" executionId="065cef95-ef8f-4576-acbd-3922150fd8ca" testListId="8c84fa94-04c1-424b-9868-57a2d4851a1d" />
    <TestEntry testId="10e244bd-a730-84d3-b741-796399533bed" executionId="b43420f2-213b-45dc-87ba-af5fe5db8745" testListId="8c84fa94-04c1-424b-9868-57a2d4851a1d" />
    <TestEntry testId="1f5f9803-e5ec-87ef-8770-19c7126d385b" executionId="927abf16-379e-4070-bc5c-5769f5bb193a" testListId="8c84fa94-04c1-424b-9868-57a2d4851a1d" />
    <TestEntry testId="18800219-5ac3-8dd6-b3ff-31fb92e984f4" executionId="528d5d16-dae4-405b-bee3-62b64073cb75" testListId="8c84fa94-04c1-424b-9868-57a2d4851a1d" />
    <TestEntry testId="162a3926-d2bc-8538-8286-31589e9f2107" executionId="da41af62-71d1-4a6e-bd38-b02f0c3b7a6f" testListId="8c84fa94-04c1-424b-9868-57a2d4851a1d" />
    <TestEntry testId="1e3bc864-1e86-8c0a-9b30-12b6cbfcab1d" executionId="5e2a7ffa-8300-42df-9cb0-1e6ce3ee14a9" testListId="8c84fa94-04c1-424b-9868-57a2d4851a1d" />
    <TestEntry testId="14233dee-f79e-88b2-b728-af7ba6ea1b2d" executionId="c000729f-caee-49d3-b45c-6f002e06a0f8" testListId="8c84fa94-04c1-424b-9868-57a2d4851a1d" />
    <TestEntry testId="128be247-9aeb-8298-8802-14901b86a580" executionId="b2062051-c2c3-4b9f-acf9-75c6343239b6" testListId="8c84fa94-04c1-424b-9868-57a2d4851a1d" />
    <TestEntry testId="18854104-2d13-872f-ae8e-2dd6a526d3a0" executionId="17f2d12d-68de-4755-be95-603ab4e6b172" testListId="8c84fa94-04c1-424b-9868-57a2d4851a1d" />
    <TestEntry testId="1a592a3a-9e8a-874f-8456-85bff433dc02" executionId="de03e9f5-c3e8-4d54-bf0d-a562c8b8de29" testListId="8c84fa94-04c1-424b-9868-57a2d4851a1d" />
    <TestEntry testId="1bc113fe-92ac-8c32-b06c-ae7e8fd79d33" executionId="14f52d18-9678-4d7b-bb5f-fb489661197f" testListId="8c84fa94-04c1-424b-9868-57a2d4851a1d" />
    <TestEntry testId="1088155f-cbe7-8a6f-882b-b0c2e1be6e41" executionId="63bf4ef6-d005-4349-b888-5e9be0eff649" testListId="8c84fa94-04c1-424b-9868-57a2d4851a1d" />
    <TestEntry testId="1663ceae-df5f-821b-ab1e-10cc3fac7ff4" executionId="0f060339-cd13-4b24-9fb1-e0197cd33302" testListId="8c84fa94-04c1-424b-9868-57a2d4851a1d" />
    <TestEntry testId="1ec0ae8e-78a7-81c1-be16-a324f941a2b8" executionId="2fcae4fe-3b62-4bdd-af7b-bf5599f0ce24" testListId="8c84fa94-04c1-424b-9868-57a2d4851a1d" />
    <TestEntry testId="1b60dc31-cb54-8e5b-9bc5-3d74751b07e9" executionId="0720dda0-dc44-4b0b-938d-a43d82ece8b1" testListId="8c84fa94-04c1-424b-9868-57a2d4851a1d" />
    <TestEntry testId="1f2a253a-5e56-8e9c-8ce9-4359a76ed336" executionId="d6618084-6eef-4b4f-8dd9-153dedd35f5c" testListId="8c84fa94-04c1-424b-9868-57a2d4851a1d" />
    <TestEntry testId="1cfc3459-07a2-84f1-8576-496952af1cf2" executionId="cbd92c55-64aa-4a93-b860-98fee19c4e0c" testListId="8c84fa94-04c1-424b-9868-57a2d4851a1d" />
    <TestEntry testId="19890176-61c6-8aaa-bdc8-beb340f92fdf" executionId="55faef2a-1acd-4850-8f39-4d3bffa5bcbd" testListId="8c84fa94-04c1-424b-9868-57a2d4851a1d" />
    <TestEntry testId="18de1825-12fb-85d7-a21e-e859c63fc852" executionId="d437db71-bff2-4d55-9951-f3f5885accc0" testListId="8c84fa94-04c1-424b-9868-57a2d4851a1d" />
    <TestEntry testId="16971de0-413b-8dff-9919-d33fa7725f8a" executionId="52d47eae-18c6-4213-8819-3bdb4fb75054" testListId="8c84fa94-04c1-424b-9868-57a2d4851a1d" />
    <TestEntry testId="116972b2-871d-8808-a6d0-21293fb338f8" executionId="a4e01f3a-1b70-495f-be48-438bbab7f9c6" testListId="8c84fa94-04c1-424b-9868-57a2d4851a1d" />
    <TestEntry testId="1705e1c4-4c53-8045-89ae-f584fe24f998" executionId="a2be7891-3c6f-4906-a65d-e178ba9ce4d7" testListId="8c84fa94-04c1-424b-9868-57a2d4851a1d" />
    <TestEntry testId="129cbbfb-8b7e-8b73-b03a-61c6f6507ce9" executionId="7b533e1d-a642-42a6-9923-e9740e866c60" testListId="8c84fa94-04c1-424b-9868-57a2d4851a1d" />
    <TestEntry testId="16fae3f6-fc06-808a-9f6a-0dafdc5539c0" executionId="3db7a3fc-1480-432d-b3c4-d97ce4b78e33" testListId="8c84fa94-04c1-424b-9868-57a2d4851a1d" />
    <TestEntry testId="1cf5971d-cc92-81aa-a027-4f5a4b5b3e90" executionId="843e0147-ff4b-4945-999f-ff7f0fa21ffb" testListId="8c84fa94-04c1-424b-9868-57a2d4851a1d" />
    <TestEntry testId="1dcce786-902a-835d-a37e-284f74ca4c08" executionId="1efc2945-d9a2-4de5-8285-4eb41169532a" testListId="8c84fa94-04c1-424b-9868-57a2d4851a1d" />
    <TestEntry testId="11a5f330-a6f6-81ca-9668-0fa548539799" executionId="d8e0029a-39e4-4916-8c56-6be7373d387f" testListId="8c84fa94-04c1-424b-9868-57a2d4851a1d" />
    <TestEntry testId="11b175be-4018-8f4f-8158-aa2b15e7467a" executionId="4ad38633-b8d6-4c2d-b834-918ed2fbeb92" testListId="8c84fa94-04c1-424b-9868-57a2d4851a1d" />
    <TestEntry testId="1876a2be-18a0-8759-956e-18a63040e07e" executionId="2289ed0a-5ff3-478e-afa5-6d8c82cc9e24" testListId="8c84fa94-04c1-424b-9868-57a2d4851a1d" />
    <TestEntry testId="1e8cc185-ab50-84b5-a9b6-4f1afa026696" executionId="0b965993-6169-411a-8a8d-fe7b37ca70cb" testListId="8c84fa94-04c1-424b-9868-57a2d4851a1d" />
    <TestEntry testId="1debe2e2-aa06-830f-9772-7aac8cd787c4" executionId="e915f68a-9fdc-45b0-835d-acc3687790ac" testListId="8c84fa94-04c1-424b-9868-57a2d4851a1d" />
    <TestEntry testId="1779e902-53d8-8b09-bfa0-5ccefa14b8d2" executionId="f470615c-9d18-4377-b059-d6d2aad44662" testListId="8c84fa94-04c1-424b-9868-57a2d4851a1d" />
    <TestEntry testId="17d011cb-f1a0-8652-a275-042a95e9734f" executionId="dc6a897b-a758-4485-b04e-aa5755899fc5" testListId="8c84fa94-04c1-424b-9868-57a2d4851a1d" />
    <TestEntry testId="1ee171cd-0338-8337-84e4-90622db13936" executionId="5286bea2-8a66-43b5-b5ee-46bd9ccd3133" testListId="8c84fa94-04c1-424b-9868-57a2d4851a1d" />
    <TestEntry testId="1d24a1a6-5f54-8227-a417-0a8ab0980818" executionId="cd9c3255-ae88-4ee3-b373-4c4224c47f1b" testListId="8c84fa94-04c1-424b-9868-57a2d4851a1d" />
    <TestEntry testId="1853fb3b-f240-8423-8b5e-c6533057ecba" executionId="c044dc4d-13ae-46d4-ab61-af8d769fdba0" testListId="8c84fa94-04c1-424b-9868-57a2d4851a1d" />
    <TestEntry testId="17a8c05b-4223-848f-83c9-987cb73d2637" executionId="961447c9-4e72-449a-8d8c-7372303bfb0e" testListId="8c84fa94-04c1-424b-9868-57a2d4851a1d" />
    <TestEntry testId="1af8cce5-fba6-815e-84f0-2cd21b3cc767" executionId="aa5fd4f1-37dd-4656-bf02-87c8bbfab6f1" testListId="8c84fa94-04c1-424b-9868-57a2d4851a1d" />
    <TestEntry testId="159e884b-cd9c-8316-a847-f4631a000404" executionId="433d21a1-7d39-4581-83a4-935df1d9bc52" testListId="8c84fa94-04c1-424b-9868-57a2d4851a1d" />
    <TestEntry testId="10a2e497-131d-88b6-9108-ea0075fa095c" executionId="52dabd2d-5b18-413e-b9ce-025d5fa11f00" testListId="8c84fa94-04c1-424b-9868-57a2d4851a1d" />
    <TestEntry testId="13c683ac-88d3-8998-9649-ec5b452c9e80" executionId="f05dc889-aa0b-4bd5-a703-1211c1a9efc3" testListId="8c84fa94-04c1-424b-9868-57a2d4851a1d" />
    <TestEntry testId="1dfa743e-334c-897c-945c-826d386b988c" executionId="d60104a1-2e1a-4ac9-9a8d-323662f36bce" testListId="8c84fa94-04c1-424b-9868-57a2d4851a1d" />
    <TestEntry testId="16c7d472-c970-8ff7-b4cc-f2d517b15809" executionId="86f8c8f0-faa0-44f8-b4f7-912abc2b316a" testListId="8c84fa94-04c1-424b-9868-57a2d4851a1d" />
    <TestEntry testId="11eb4057-594f-83aa-aed7-1640aca437fa" executionId="414f52e0-cef2-4df8-b278-a9245a0009f1" testListId="8c84fa94-04c1-424b-9868-57a2d4851a1d" />
    <TestEntry testId="15ad40fb-b98e-86cd-a2a6-8f74645fdbf5" executionId="f3ceae2d-2a91-4b70-8eef-5ca049fff2bb" testListId="8c84fa94-04c1-424b-9868-57a2d4851a1d" />
    <TestEntry testId="192109ea-1ef7-8409-9d39-48956b33913e" executionId="260acf91-c396-42a9-8aff-bbd147e21a46" testListId="8c84fa94-04c1-424b-9868-57a2d4851a1d" />
    <TestEntry testId="1eea9831-a26f-832e-b411-d751bc86fd6e" executionId="159f978f-7c6f-434b-8566-67792d6e7d1f" testListId="8c84fa94-04c1-424b-9868-57a2d4851a1d" />
    <TestEntry testId="1bca1a6d-99fe-8546-bfe4-4830b4d1c19e" executionId="27be074b-fb8d-4967-9a78-3aa54eb1f0d7" testListId="8c84fa94-04c1-424b-9868-57a2d4851a1d" />
    <TestEntry testId="11cd3632-2ead-82bc-ac71-b0228da61a85" executionId="65ca0162-de12-4118-b470-f3290894ebcd" testListId="8c84fa94-04c1-424b-9868-57a2d4851a1d" />
    <TestEntry testId="17dd1ca8-99d0-82b6-9d8c-492efeb01789" executionId="2e31317f-0ae8-4457-85a1-501fa02a3d22" testListId="8c84fa94-04c1-424b-9868-57a2d4851a1d" />
    <TestEntry testId="1499431e-1a4f-8d86-8726-e2b2eed3d56a" executionId="96f69c2e-6866-41fd-bc1c-6206f1be1751" testListId="8c84fa94-04c1-424b-9868-57a2d4851a1d" />
    <TestEntry testId="12d9af63-5085-8369-9bae-805188002eb5" executionId="627e3048-5545-43b4-9865-8fa57d9c5f98" testListId="8c84fa94-04c1-424b-9868-57a2d4851a1d" />
    <TestEntry testId="10da0651-d714-86be-bb08-9f25600bd856" executionId="97cc10ce-81ef-4fdb-8096-26a78fa8136c" testListId="8c84fa94-04c1-424b-9868-57a2d4851a1d" />
    <TestEntry testId="12f18589-4e89-850a-a9d4-34f29654de5f" executionId="a15e3b71-2cbd-440e-8e75-9754d34ed389" testListId="8c84fa94-04c1-424b-9868-57a2d4851a1d" />
    <TestEntry testId="180ea10b-8ed6-84e3-900a-8e894e117ee9" executionId="849acb4f-8711-44b6-86f2-9bf196324b55" testListId="8c84fa94-04c1-424b-9868-57a2d4851a1d" />
    <TestEntry testId="11b78080-8462-87bb-88bb-d3c79d98fb3a" executionId="ab071597-8e11-43d1-9a17-a3dad1aa6e41" testListId="8c84fa94-04c1-424b-9868-57a2d4851a1d" />
    <TestEntry testId="1e1115ae-ad2a-892e-889a-ee55b42fdb04" executionId="45d38d9c-6e6c-4b3d-8ad5-ad7ac5a3c98c" testListId="8c84fa94-04c1-424b-9868-57a2d4851a1d" />
    <TestEntry testId="1121f934-7dd7-80ad-803b-b41347593415" executionId="9ed407a9-c371-4fc1-a642-cc8db30c3703" testListId="8c84fa94-04c1-424b-9868-57a2d4851a1d" />
    <TestEntry testId="137128a5-249c-8a99-a960-8d397f629a3d" executionId="cb727724-2c9b-47e1-92ae-510d65ff183a" testListId="8c84fa94-04c1-424b-9868-57a2d4851a1d" />
    <TestEntry testId="13e4348b-7a4d-8cfa-9f98-32a62dd68935" executionId="5a4b12e9-5757-482a-bafc-9d203844e97e" testListId="8c84fa94-04c1-424b-9868-57a2d4851a1d" />
  </TestEntries>
  <TestLists>
    <TestList name="列表中未列出的结果" id="8c84fa94-04c1-424b-9868-57a2d4851a1d" />
    <TestList name="所有已加载的结果" id="19431567-8539-422a-85d7-44ee4e166bda" />
  </TestLists>
  <ResultSummary outcome="Completed">
    <Counters total="64" executed="64" passed="64" failed="0" error="0" timeout="0" aborted="0" inconclusive="0" passedButRunAborted="0" notRunnable="0" notExecuted="0" disconnected="0" warning="0" completed="0" inProgress="0" pending="0" />
    <Output>
      <StdOut>已为 C:\YOKI\Codex\AssetLibrary-worktrees\V03-026\tests\dotnet\AssetLibrary.TransferOperation.Tests\bin\Release\net10.0\AssetLibrary.TransferOperation.Tests.dll 启用测试并行化(Workers: 16，Scope: MethodLevel)&#xD;
</StdOut>
    </Output>
  </ResultSummary>
</TestRun>