<?xml version="1.0" encoding="utf-8"?>
<TestRun id="87cbf82c-4245-48fe-a5f0-be7c5c27d5d6" name="Administrator@YOKIIRONETBOOK 2026-09-13 18:57:38" runUser="YOKIIRONETBOOK\Administrator" xmlns="http://microsoft.com/schemas/VisualStudio/TeamTest/2010">
  <Times creation="2026-09-13T18:57:38.9817063+08:00" queuing="2026-09-13T18:57:38.9817064+08:00" start="2026-09-13T18:57:38.6100772+08:00" finish="2026-09-13T18:57:39.0194982+08:00" />
  <TestSettings name="default" id="0eb9bebf-8a68-4e39-afc7-d54cd4055d05">
    <Deployment runDeploymentRoot="Administrator_YOKIIRONETBOOK_2026-09-13_18_57_38" />
  </TestSettings>
  <Results>
    <UnitTestResult executionId="7ad5c24c-412c-45f2-b25c-93213161e5a5" testId="1df20cae-d2cf-8eee-9130-44240bea287f" testName="InvalidRequestsNeverReachAChild (2,0,0,0,0)" computerName="YOKIIRONETBOOK" duration="00:00:00.0005158" startTime="2026-09-13T18:57:38.9609063+08:00" endTime="2026-09-13T18:57:38.9614535+08:00" testType="13cdc9d9-ddb5-4fa4-a97d-d965ccfc6d4b" outcome="Passed" testListId="8c84fa94-04c1-424b-9868-57a2d4851a1d" relativeResultsDirectory="7ad5c24c-412c-45f2-b25c-93213161e5a5" />
    <UnitTestResult executionId="35cfd214-3d0e-4116-a894-55548e5c34cc" testId="18c2875e-fa8b-8782-8bcb-284ebe6b72c5" testName="SuccessCannotExceedEitherClosedProfile" computerName="YOKIIRONETBOOK" duration="00:00:00.0003559" startTime="2026-09-13T18:57:38.9631189+08:00" endTime="2026-09-13T18:57:38.9634898+08:00" testType="13cdc9d9-ddb5-4fa4-a97d-d965ccfc6d4b" outcome="Passed" testListId="8c84fa94-04c1-424b-9868-57a2d4851a1d" relativeResultsDirectory="35cfd214-3d0e-4116-a894-55548e5c34cc" />
    <UnitTestResult executionId="2330a061-c4df-4749-a5ad-7961276604cf" testId="11a4a99a-4a11-8dbe-894b-cd2ef558d734" testName="KernelMembershipMustResolveWithinItsActualControllerMount (&quot;/&quot;,&quot;/sys/fs/cgroup-foreign&quot;,&quot;/&quot;,null)" computerName="YOKIIRONETBOOK" duration="00:00:00.0000010" startTime="2026-09-13T18:57:38.9551579+08:00" endTime="2026-09-13T18:57:38.9551669+08:00" testType="13cdc9d9-ddb5-4fa4-a97d-d965ccfc6d4b" outcome="Passed" testListId="8c84fa94-04c1-424b-9868-57a2d4851a1d" relativeResultsDirectory="2330a061-c4df-4749-a5ad-7961276604cf" />
    <UnitTestResult executionId="84c7e1cb-5b3f-44af-9bea-f46e25dffd92" testId="135e52a2-ae32-8c6a-a5a7-8be3e4145563" testName="PartialUnknownAndOutOfBudgetStatesFailClosed (&quot;495343310000000000&quot;)" computerName="YOKIIRONETBOOK" duration="00:00:00.0000073" startTime="2026-09-13T18:57:38.9655131+08:00" endTime="2026-09-13T18:57:38.9655424+08:00" testType="13cdc9d9-ddb5-4fa4-a97d-d965ccfc6d4b" outcome="Passed" testListId="8c84fa94-04c1-424b-9868-57a2d4851a1d" relativeResultsDirectory="84c7e1cb-5b3f-44af-9bea-f46e25dffd92" />
    <UnitTestResult executionId="1f74639f-6dfe-4328-b8c0-453202050ff7" testId="1215661f-ee1f-8559-801b-89436be22680" testName="NonIdatCopyBudgetIsIndependentOfTheWholeSourceBudget (&quot;vpAg&quot;,4194304,214667224,True)" computerName="YOKIIRONETBOOK" duration="00:00:00.0057037" startTime="2026-09-13T18:57:38.9656029+08:00" endTime="2026-09-13T18:57:38.9713399+08:00" testType="13cdc9d9-ddb5-4fa4-a97d-d965ccfc6d4b" outcome="Passed" testListId="8c84fa94-04c1-424b-9868-57a2d4851a1d" relativeResultsDirectory="1f74639f-6dfe-4328-b8c0-453202050ff7" />
    <UnitTestResult executionId="4649f6d9-acd3-4a9b-acb3-21980275ec13" testId="1a49b7d2-f132-8dbb-8ddb-856a0774f2d6" testName="KernelMembershipMustResolveWithinItsActualControllerMount (&quot;/docker/owned&quot;,&quot;/sys/fs/cgroup/memory&quot;,&quot;/docker/owned&quot;,&quot;/sys/fs/cgroup/memory&quot;)" computerName="YOKIIRONETBOOK" duration="00:00:00.0001331" startTime="2026-09-13T18:57:38.9356914+08:00" endTime="2026-09-13T18:57:38.9358508+08:00" testType="13cdc9d9-ddb5-4fa4-a97d-d965ccfc6d4b" outcome="Passed" testListId="8c84fa94-04c1-424b-9868-57a2d4851a1d" relativeResultsDirectory="4649f6d9-acd3-4a9b-acb3-21980275ec13" />
    <UnitTestResult executionId="c30c57bd-dc47-465e-816f-5c34f009778e" testId="14035828-47ff-8e98-99cd-b525128b3125" testName="EveryCredentialFieldIsRequired (&quot;Gid:&#x9;1655 1655 1655 1655&quot;,&quot;Gid:&#x9;1655 1655 0 1655&quot;)" computerName="YOKIIRONETBOOK" duration="00:00:00.0001959" startTime="2026-09-13T18:57:38.9345424+08:00" endTime="2026-09-13T18:57:38.9349427+08:00" testType="13cdc9d9-ddb5-4fa4-a97d-d965ccfc6d4b" outcome="Passed" testListId="8c84fa94-04c1-424b-9868-57a2d4851a1d" relativeResultsDirectory="c30c57bd-dc47-465e-816f-5c34f009778e" />
    <UnitTestResult executionId="7b5c1b07-2654-48d5-bb43-5f60fe2c1e2c" testId="1aede5e9-5c70-86fd-b52c-444cc6139971" testName="InvalidRequestsNeverReachAChild (2,2,1,0,0)" computerName="YOKIIRONETBOOK" duration="00:00:00.0000068" startTime="2026-09-13T18:57:38.9617073+08:00" endTime="2026-09-13T18:57:38.9617318+08:00" testType="13cdc9d9-ddb5-4fa4-a97d-d965ccfc6d4b" outcome="Passed" testListId="8c84fa94-04c1-424b-9868-57a2d4851a1d" relativeResultsDirectory="7b5c1b07-2654-48d5-bb43-5f60fe2c1e2c" />
    <UnitTestResult executionId="f06f9f50-a8b7-40e3-b385-1ce6ae1f8bc8" testId="15d57875-4eaa-8fdd-8e4e-c2a4597e5019" testName="NonIdatCopyBudgetIsIndependentOfTheWholeSourceBudget (&quot;IDAT&quot;,8388608,2867280102,True)" computerName="YOKIIRONETBOOK" duration="00:00:00.0058692" startTime="2026-09-13T18:57:38.9786688+08:00" endTime="2026-09-13T18:57:38.9850509+08:00" testType="13cdc9d9-ddb5-4fa4-a97d-d965ccfc6d4b" outcome="Passed" testListId="8c84fa94-04c1-424b-9868-57a2d4851a1d" relativeResultsDirectory="f06f9f50-a8b7-40e3-b385-1ce6ae1f8bc8" />
    <UnitTestResult executionId="ab1c74ea-6fd5-41f6-836e-5707ba771540" testId="1694b4c8-743e-87cb-9ec3-688143f64ccf" testName="EveryCredentialFieldIsRequired (&quot;CapInh:&#x9;0000000000000000&quot;,&quot;CapInh:&#x9;0000000000000020&quot;)" computerName="YOKIIRONETBOOK" duration="00:00:00.0000053" startTime="2026-09-13T18:57:38.9352281+08:00" endTime="2026-09-13T18:57:38.9352393+08:00" testType="13cdc9d9-ddb5-4fa4-a97d-d965ccfc6d4b" outcome="Passed" testListId="8c84fa94-04c1-424b-9868-57a2d4851a1d" relativeResultsDirectory="ab1c74ea-6fd5-41f6-836e-5707ba771540" />
    <UnitTestResult executionId="c728bc80-4aca-4ded-9fed-e97e6f4b4946" testId="15ded27a-e7fb-89a1-8405-6933bade1c96" testName="PartialUnknownAndOutOfBudgetStatesFailClosed (&quot;&quot;)" computerName="YOKIIRONETBOOK" duration="00:00:00.0002707" startTime="2026-09-13T18:57:38.9650929+08:00" endTime="2026-09-13T18:57:38.9653788+08:00" testType="13cdc9d9-ddb5-4fa4-a97d-d965ccfc6d4b" outcome="Passed" testListId="8c84fa94-04c1-424b-9868-57a2d4851a1d" relativeResultsDirectory="c728bc80-4aca-4ded-9fed-e97e6f4b4946" />
    <UnitTestResult executionId="841477b2-0cbc-43c2-9bf8-8e5cf01f9ba4" testId="194734a8-92e7-87aa-a8b5-5c0aa268fd3a" testName="KernelMembershipMustResolveWithinItsActualControllerMount (&quot;/&quot;,&quot;/sys/fs/cgroup&quot;,&quot;/../other&quot;,null)" computerName="YOKIIRONETBOOK" duration="00:00:00.0000010" startTime="2026-09-13T18:57:38.9551722+08:00" endTime="2026-09-13T18:57:38.9555427+08:00" testType="13cdc9d9-ddb5-4fa4-a97d-d965ccfc6d4b" outcome="Passed" testListId="8c84fa94-04c1-424b-9868-57a2d4851a1d" relativeResultsDirectory="841477b2-0cbc-43c2-9bf8-8e5cf01f9ba4" />
    <UnitTestResult executionId="5d6dea9f-f8c5-47cc-9229-e875a9d2f03c" testId="17da7a04-edd0-885e-988d-1473f9b68212" testName="InvalidRequestsNeverReachAChild (2,1,1,1,0)" computerName="YOKIIRONETBOOK" duration="00:00:00.0000055" startTime="2026-09-13T18:57:38.9617351+08:00" endTime="2026-09-13T18:57:38.9617480+08:00" testType="13cdc9d9-ddb5-4fa4-a97d-d965ccfc6d4b" outcome="Passed" testListId="8c84fa94-04c1-424b-9868-57a2d4851a1d" relativeResultsDirectory="5d6dea9f-f8c5-47cc-9229-e875a9d2f03c" />
    <UnitTestResult executionId="8dbccd55-874f-4530-96a5-194c9d3fa158" testId="1ec1ed7b-80b2-825b-a9d1-c84b55e85676" testName="ThreeUnfinishedAttemptsSurviveRestartAndDoNotAdmitAFourth" computerName="YOKIIRONETBOOK" duration="00:00:00.0004397" startTime="2026-09-13T18:57:38.9635000+08:00" endTime="2026-09-13T18:57:38.9639768+08:00" testType="13cdc9d9-ddb5-4fa4-a97d-d965ccfc6d4b" outcome="Passed" testListId="8c84fa94-04c1-424b-9868-57a2d4851a1d" relativeResultsDirectory="8dbccd55-874f-4530-96a5-194c9d3fa158" />
    <UnitTestResult executionId="dce6ae64-4827-4b3a-8cbb-5c7a4080b277" testId="1196cca1-e559-8ac2-822a-1e27657a5480" testName="ADeadlineRetainsTheBudgetWhileObservedCancellationCanRecover (False,True,False)" computerName="YOKIIRONETBOOK" duration="00:00:00.0000037" startTime="2026-09-13T18:57:38.9650623+08:00" endTime="2026-09-13T18:57:38.9650860+08:00" testType="13cdc9d9-ddb5-4fa4-a97d-d965ccfc6d4b" outcome="Passed" testListId="8c84fa94-04c1-424b-9868-57a2d4851a1d" relativeResultsDirectory="dce6ae64-4827-4b3a-8cbb-5c7a4080b277" />
    <UnitTestResult executionId="b47bd1f6-8ac1-4d38-8947-8b0c130dc508" testId="141b12c5-44ac-8823-b2a5-02fae4620cc1" testName="NonIdatCopyBudgetIsIndependentOfTheWholeSourceBudget (&quot;tEXt&quot;,4194305,1290443458,False)" computerName="YOKIIRONETBOOK" duration="00:00:00.0025155" startTime="2026-09-13T18:57:38.9761170+08:00" endTime="2026-09-13T18:57:38.9786570+08:00" testType="13cdc9d9-ddb5-4fa4-a97d-d965ccfc6d4b" outcome="Passed" testListId="8c84fa94-04c1-424b-9868-57a2d4851a1d" relativeResultsDirectory="b47bd1f6-8ac1-4d38-8947-8b0c130dc508" />
    <UnitTestResult executionId="91a9e589-e1bc-4592-8680-bc3a96a0a4a1" testId="136ac251-6483-8235-8f71-d996d9df21b5" testName="FailureFramesCannotCarryPixelsOrProfile (6)" computerName="YOKIIRONETBOOK" duration="00:00:00.0000025" startTime="2026-09-13T18:57:38.9630892+08:00" endTime="2026-09-13T18:57:38.9631060+08:00" testType="13cdc9d9-ddb5-4fa4-a97d-d965ccfc6d4b" outcome="Passed" testListId="8c84fa94-04c1-424b-9868-57a2d4851a1d" relativeResultsDirectory="91a9e589-e1bc-4592-8680-bc3a96a0a4a1" />
    <UnitTestResult executionId="6883b35e-4a76-48f0-973c-de4d773b4ecf" testId="13ab4bf5-cbb2-8975-a60f-51f12fb1955b" testName="NonIdatCopyBudgetIsIndependentOfTheWholeSourceBudget (&quot;vpAg&quot;,4194305,1510375140,False)" computerName="YOKIIRONETBOOK" duration="00:00:00.0042447" startTime="2026-09-13T18:57:38.9713597+08:00" endTime="2026-09-13T18:57:38.9756326+08:00" testType="13cdc9d9-ddb5-4fa4-a97d-d965ccfc6d4b" outcome="Passed" testListId="8c84fa94-04c1-424b-9868-57a2d4851a1d" relativeResultsDirectory="6883b35e-4a76-48f0-973c-de4d773b4ecf" />
    <UnitTestResult executionId="697aa0ee-9cbf-4bd6-9df2-ea0fdf070c0e" testId="18e40c80-7880-8695-bdbd-56bdefe87600" testName="FixedSourceHeaderAndExactCopyPreserveTheDisconnectMonitorByte" computerName="YOKIIRONETBOOK" duration="00:00:00.0005115" startTime="2026-09-13T18:57:38.9555573+08:00" endTime="2026-09-13T18:57:38.9570570+08:00" testType="13cdc9d9-ddb5-4fa4-a97d-d965ccfc6d4b" outcome="Passed" testListId="8c84fa94-04c1-424b-9868-57a2d4851a1d" relativeResultsDirectory="697aa0ee-9cbf-4bd6-9df2-ea0fdf070c0e" />
    <UnitTestResult executionId="c351f978-b7e2-4315-b623-540ed7c6de58" testId="1771bc19-cb05-8621-87b1-adc9ffcda993" testName="PartialUnknownAndOutOfBudgetStatesFailClosed (&quot;0053433100000000&quot;)" computerName="YOKIIRONETBOOK" duration="00:00:00.0000044" startTime="2026-09-13T18:57:38.9655540+08:00" endTime="2026-09-13T18:57:38.9655694+08:00" testType="13cdc9d9-ddb5-4fa4-a97d-d965ccfc6d4b" outcome="Passed" testListId="8c84fa94-04c1-424b-9868-57a2d4851a1d" relativeResultsDirectory="c351f978-b7e2-4315-b623-540ed7c6de58" />
    <UnitTestResult executionId="209b4b93-f3ba-4e71-ba0d-65a91a7aeeca" testId="1abab2f8-34e5-837a-b290-e7e9f36f1d94" testName="ADeadlineRetainsTheBudgetWhileObservedCancellationCanRecover (True,False,False)" computerName="YOKIIRONETBOOK" duration="00:00:00.0001524" startTime="2026-09-13T18:57:38.9643900+08:00" endTime="2026-09-13T18:57:38.9645672+08:00" testType="13cdc9d9-ddb5-4fa4-a97d-d965ccfc6d4b" outcome="Passed" testListId="8c84fa94-04c1-424b-9868-57a2d4851a1d" relativeResultsDirectory="209b4b93-f3ba-4e71-ba0d-65a91a7aeeca" />
    <UnitTestResult executionId="69ff3c26-3c80-4780-8a2d-a26211768d9f" testId="1fbd6903-1a7c-818e-95b9-ef2ab4babf4b" testName="InvalidRequestsNeverReachAChild (2,0,33554433,0,0)" computerName="YOKIIRONETBOOK" duration="00:00:00.0001996" startTime="2026-09-13T18:57:38.9614640+08:00" endTime="2026-09-13T18:57:38.9616930+08:00" testType="13cdc9d9-ddb5-4fa4-a97d-d965ccfc6d4b" outcome="Passed" testListId="8c84fa94-04c1-424b-9868-57a2d4851a1d" relativeResultsDirectory="69ff3c26-3c80-4780-8a2d-a26211768d9f" />
    <UnitTestResult executionId="6a6058e7-e02b-4677-93ad-159f41c55ac2" testId="1756fbec-c21c-82a8-999d-f2e69ff0cd37" testName="InvalidRequestsNeverReachAChild (1,0,1,0,0)" computerName="YOKIIRONETBOOK" duration="00:00:00.0000122" startTime="2026-09-13T18:57:38.9627718+08:00" endTime="2026-09-13T18:57:38.9628069+08:00" testType="13cdc9d9-ddb5-4fa4-a97d-d965ccfc6d4b" outcome="Passed" testListId="8c84fa94-04c1-424b-9868-57a2d4851a1d" relativeResultsDirectory="6a6058e7-e02b-4677-93ad-159f41c55ac2" />
    <UnitTestResult executionId="06b5ba03-79f1-4067-b326-4c35564a830c" testId="1958dddc-2566-88c0-982a-018d21496c4c" testName="ADeadlineRetainsTheBudgetWhileObservedCancellationCanRecover (False,False,True)" computerName="YOKIIRONETBOOK" duration="00:00:00.0003609" startTime="2026-09-13T18:57:38.9639873+08:00" endTime="2026-09-13T18:57:38.9643756+08:00" testType="13cdc9d9-ddb5-4fa4-a97d-d965ccfc6d4b" outcome="Passed" testListId="8c84fa94-04c1-424b-9868-57a2d4851a1d" relativeResultsDirectory="06b5ba03-79f1-4067-b326-4c35564a830c" />
    <UnitTestResult executionId="2654c5ff-c019-4e35-8097-d0057872fd14" testId="17f23d1d-1c45-8427-bcaa-89da6dbecded" testName="FailureFramesCannotCarryPixelsOrProfile (4)" computerName="YOKIIRONETBOOK" duration="00:00:00.0001231" startTime="2026-09-13T18:57:38.9628166+08:00" endTime="2026-09-13T18:57:38.9629521+08:00" testType="13cdc9d9-ddb5-4fa4-a97d-d965ccfc6d4b" outcome="Passed" testListId="8c84fa94-04c1-424b-9868-57a2d4851a1d" relativeResultsDirectory="2654c5ff-c019-4e35-8097-d0057872fd14" />
    <UnitTestResult executionId="07402199-fdc3-4e48-afd0-8e115f37938e" testId="1b09926b-bd9a-8e6a-b5d8-61ef54cf946e" testName="KernelMembershipMustResolveWithinItsActualControllerMount (&quot;/&quot;,&quot;/sys/fs/cgroup&quot;,&quot;/&quot;,&quot;/sys/fs/cgroup&quot;)" computerName="YOKIIRONETBOOK" duration="00:00:00.0000028" startTime="2026-09-13T18:57:38.9358608+08:00" endTime="2026-09-13T18:57:38.9358828+08:00" testType="13cdc9d9-ddb5-4fa4-a97d-d965ccfc6d4b" outcome="Passed" testListId="8c84fa94-04c1-424b-9868-57a2d4851a1d" relativeResultsDirectory="07402199-fdc3-4e48-afd0-8e115f37938e" />
    <UnitTestResult executionId="8763c52d-70ec-4d7a-ab9e-2c516c53347e" testId="11e402a9-2815-8539-9c4c-b44bbecc1de9" testName="FailureFramesCannotCarryPixelsOrProfile (7)" computerName="YOKIIRONETBOOK" duration="00:00:00.0000007" startTime="2026-09-13T18:57:38.9631089+08:00" endTime="2026-09-13T18:57:38.9631153+08:00" testType="13cdc9d9-ddb5-4fa4-a97d-d965ccfc6d4b" outcome="Passed" testListId="8c84fa94-04c1-424b-9868-57a2d4851a1d" relativeResultsDirectory="8763c52d-70ec-4d7a-ab9e-2c516c53347e" />
    <UnitTestResult executionId="270e6bb6-dbae-453b-92c4-58124193004b" testId="1dea10c0-dee8-8829-87e9-fa1b67035f2a" testName="EveryCredentialFieldIsRequired (&quot;Uid:&#x9;1655 1655 1655 1655&quot;,&quot;Uid:&#x9;1655 1655 1655 0&quot;)" computerName="YOKIIRONETBOOK" duration="00:00:00.0044039" startTime="2026-09-13T18:57:38.9160251+08:00" endTime="2026-09-13T18:57:38.9315012+08:00" testType="13cdc9d9-ddb5-4fa4-a97d-d965ccfc6d4b" outcome="Passed" testListId="8c84fa94-04c1-424b-9868-57a2d4851a1d" relativeResultsDirectory="270e6bb6-dbae-453b-92c4-58124193004b" />
    <UnitTestResult executionId="b7d989b8-8878-4e23-87ee-65605c3fbf46" testId="10b7626d-9190-8f8a-a4f1-04b9502a028d" testName="KernelMembershipMustResolveWithinItsActualControllerMount (&quot;/docker/owned&quot;,&quot;/sys/fs/cgroup/memory&quot;,&quot;/docker/other&quot;,null)" computerName="YOKIIRONETBOOK" duration="00:00:00.0000052" startTime="2026-09-13T18:57:38.9551121+08:00" endTime="2026-09-13T18:57:38.9551453+08:00" testType="13cdc9d9-ddb5-4fa4-a97d-d965ccfc6d4b" outcome="Passed" testListId="8c84fa94-04c1-424b-9868-57a2d4851a1d" relativeResultsDirectory="b7d989b8-8878-4e23-87ee-65605c3fbf46" />
    <UnitTestResult executionId="000f3cb4-ff29-4eac-be54-ec02de741e59" testId="1bd550f3-914e-8fe3-a631-aec9012437bb" testName="PartialUnknownAndOutOfBudgetStatesFailClosed (&quot;4953433104000000&quot;)" computerName="YOKIIRONETBOOK" duration="00:00:00.0000042" startTime="2026-09-13T18:57:38.9655727+08:00" endTime="2026-09-13T18:57:38.9655858+08:00" testType="13cdc9d9-ddb5-4fa4-a97d-d965ccfc6d4b" outcome="Passed" testListId="8c84fa94-04c1-424b-9868-57a2d4851a1d" relativeResultsDirectory="000f3cb4-ff29-4eac-be54-ec02de741e59" />
    <UnitTestResult executionId="feedde0f-ca93-4627-8d00-21856650c7e3" testId="19d032ac-654d-8cee-99c3-257c6ed76bb9" testName="PartialUnknownAndOutOfBudgetStatesFailClosed (&quot;49534331000000&quot;)" computerName="YOKIIRONETBOOK" duration="00:00:00.0000932" startTime="2026-09-13T18:57:38.9653895+08:00" endTime="2026-09-13T18:57:38.9655031+08:00" testType="13cdc9d9-ddb5-4fa4-a97d-d965ccfc6d4b" outcome="Passed" testListId="8c84fa94-04c1-424b-9868-57a2d4851a1d" relativeResultsDirectory="feedde0f-ca93-4627-8d00-21856650c7e3" />
    <UnitTestResult executionId="28b43dce-d950-4c2a-b560-5dc47071a3d0" testId="11430caf-c17d-833a-80f3-e606bbbc82ea" testName="FailureFramesCannotCarryPixelsOrProfile (5)" computerName="YOKIIRONETBOOK" duration="00:00:00.0000962" startTime="2026-09-13T18:57:38.9629625+08:00" endTime="2026-09-13T18:57:38.9630791+08:00" testType="13cdc9d9-ddb5-4fa4-a97d-d965ccfc6d4b" outcome="Passed" testListId="8c84fa94-04c1-424b-9868-57a2d4851a1d" relativeResultsDirectory="28b43dce-d950-4c2a-b560-5dc47071a3d0" />
    <UnitTestResult executionId="d0447e6f-c3a9-432c-bc94-84d03ef3a55a" testId="1f1f793c-34f1-8451-9173-39a5aa623155" testName="KernelMembershipMustResolveWithinItsActualControllerMount (&quot;/&quot;,&quot;/sys/fs/cgroup/memory&quot;,&quot;/docker/owned&quot;,&quot;/sys/fs/cgroup/memory/docker/owned&quot;)" computerName="YOKIIRONETBOOK" duration="00:00:00.0004037" startTime="2026-09-13T18:57:38.9352605+08:00" endTime="2026-09-13T18:57:38.9356809+08:00" testType="13cdc9d9-ddb5-4fa4-a97d-d965ccfc6d4b" outcome="Passed" testListId="8c84fa94-04c1-424b-9868-57a2d4851a1d" relativeResultsDirectory="d0447e6f-c3a9-432c-bc94-84d03ef3a55a" />
    <UnitTestResult executionId="9816b112-b96d-45b5-a296-cc12b6c47c38" testId="1bbe1bee-6e3a-87a5-a3de-b89e83667245" testName="EveryCredentialFieldIsRequired (&quot;NoNewPrivs:&#x9;1&quot;,&quot;NoNewPrivs:&#x9;0&quot;)" computerName="YOKIIRONETBOOK" duration="00:00:00.0000065" startTime="2026-09-13T18:57:38.9352417+08:00" endTime="2026-09-13T18:57:38.9352583+08:00" testType="13cdc9d9-ddb5-4fa4-a97d-d965ccfc6d4b" outcome="Passed" testListId="8c84fa94-04c1-424b-9868-57a2d4851a1d" relativeResultsDirectory="9816b112-b96d-45b5-a296-cc12b6c47c38" />
    <UnitTestResult executionId="2ec4963c-4634-4289-8164-5c734ee220e3" testId="11b412b3-4759-8d5a-b77c-209150b3b2d2" testName="RelayCopiesOnlyTheDeclaredSourceAndRejectsTruncation" computerName="YOKIIRONETBOOK" duration="00:00:00.0038046" startTime="2026-09-13T18:57:38.9570678+08:00" endTime="2026-09-13T18:57:38.9608946+08:00" testType="13cdc9d9-ddb5-4fa4-a97d-d965ccfc6d4b" outcome="Passed" testListId="8c84fa94-04c1-424b-9868-57a2d4851a1d" relativeResultsDirectory="2ec4963c-4634-4289-8164-5c734ee220e3" />
    <UnitTestResult executionId="b6a9290e-6383-470e-b668-149274551cba" testId="18bc7645-05ad-8557-b2bd-6307831e3b92" testName="EveryCredentialFieldIsRequired (&quot;CapEff:&#x9;0000000000000000&quot;,&quot;CapEff:&#x9;0000000000000001&quot;)" computerName="YOKIIRONETBOOK" duration="00:00:00.0000037" startTime="2026-09-13T18:57:38.9352082+08:00" endTime="2026-09-13T18:57:38.9352255+08:00" testType="13cdc9d9-ddb5-4fa4-a97d-d965ccfc6d4b" outcome="Passed" testListId="8c84fa94-04c1-424b-9868-57a2d4851a1d" relativeResultsDirectory="b6a9290e-6383-470e-b668-149274551cba" />
    <UnitTestResult executionId="50bc4c6e-ce37-4ab3-af1e-bbe72c6b3548" testId="172a3116-59b5-80eb-ab5d-839f2c282cd9" testName="PartialUnknownAndOutOfBudgetStatesFailClosed (&quot;49534331ffffffff&quot;)" computerName="YOKIIRONETBOOK" duration="00:00:00.0000034" startTime="2026-09-13T18:57:38.9655886+08:00" endTime="2026-09-13T18:57:38.9656005+08:00" testType="13cdc9d9-ddb5-4fa4-a97d-d965ccfc6d4b" outcome="Passed" testListId="8c84fa94-04c1-424b-9868-57a2d4851a1d" relativeResultsDirectory="50bc4c6e-ce37-4ab3-af1e-bbe72c6b3548" />
    <UnitTestResult executionId="7efe4183-ae49-4513-bcfd-50efaad3e055" testId="1b14c986-3d7d-8a20-b22d-39a1392c0485" testName="EveryCredentialFieldIsRequired (&quot;CapPrm:&#x9;0000000000000000&quot;,&quot;CapPrm:&#x9;00000000000000e1&quot;)" computerName="YOKIIRONETBOOK" duration="00:00:00.0000130" startTime="2026-09-13T18:57:38.9351609+08:00" endTime="2026-09-13T18:57:38.9352019+08:00" testType="13cdc9d9-ddb5-4fa4-a97d-d965ccfc6d4b" outcome="Passed" testListId="8c84fa94-04c1-424b-9868-57a2d4851a1d" relativeResultsDirectory="7efe4183-ae49-4513-bcfd-50efaad3e055" />
  </Results>
  <TestDefinitions>
    <UnitTest name="KernelMembershipMustResolveWithinItsActualControllerMount (&quot;/&quot;,&quot;/sys/fs/cgroup&quot;,&quot;/&quot;,&quot;/sys/fs/cgroup&quot;)" storage="c:\yoki\codex\assetlibrary-worktrees\v03-026\tests\dotnet\assetlibrary.preview.tests\bin\release\net10.0\assetlibrary.preview.tests.dll" id="1b09926b-bd9a-8e6a-b5d8-61ef54cf946e">
      <Execution id="07402199-fdc3-4e48-afd0-8e115f37938e" />
      <TestMethod codeBase="C:\YOKI\Codex\AssetLibrary-worktrees\V03-026\tests\dotnet\AssetLibrary.Preview.Tests\bin\Release\net10.0\AssetLibrary.Preview.Tests.dll" adapterTypeName="executor://mstestadapter/v4" className="AssetLibrary.Preview.Tests.ImageContainerMetadataTests" name="KernelMembershipMustResolveWithinItsActualControllerMount" />
    </UnitTest>
    <UnitTest name="PartialUnknownAndOutOfBudgetStatesFailClosed (&quot;495343310000000000&quot;)" storage="c:\yoki\codex\assetlibrary-worktrees\v03-026\tests\dotnet\assetlibrary.preview.tests\bin\release\net10.0\assetlibrary.preview.tests.dll" id="135e52a2-ae32-8c6a-a5a7-8be3e4145563">
      <Execution id="84c7e1cb-5b3f-44af-9bea-f46e25dffd92" />
      <TestMethod codeBase="C:\YOKI\Codex\AssetLibrary-worktrees\V03-026\tests\dotnet\AssetLibrary.Preview.Tests\bin\Release\net10.0\AssetLibrary.Preview.Tests.dll" adapterTypeName="executor://mstestadapter/v4" className="AssetLibrary.Preview.Tests.ImageContainerStateTests" name="PartialUnknownAndOutOfBudgetStatesFailClosed" />
    </UnitTest>
    <UnitTest name="ADeadlineRetainsTheBudgetWhileObservedCancellationCanRecover (True,False,False)" storage="c:\yoki\codex\assetlibrary-worktrees\v03-026\tests\dotnet\assetlibrary.preview.tests\bin\release\net10.0\assetlibrary.preview.tests.dll" id="1abab2f8-34e5-837a-b290-e7e9f36f1d94">
      <Execution id="209b4b93-f3ba-4e71-ba0d-65a91a7aeeca" />
      <TestMethod codeBase="C:\YOKI\Codex\AssetLibrary-worktrees\V03-026\tests\dotnet\AssetLibrary.Preview.Tests\bin\Release\net10.0\AssetLibrary.Preview.Tests.dll" adapterTypeName="executor://mstestadapter/v4" className="AssetLibrary.Preview.Tests.ImageContainerStateTests" name="ADeadlineRetainsTheBudgetWhileObservedCancellationCanRecover" />
    </UnitTest>
    <UnitTest name="InvalidRequestsNeverReachAChild (2,0,0,0,0)" storage="c:\yoki\codex\assetlibrary-worktrees\v03-026\tests\dotnet\assetlibrary.preview.tests\bin\release\net10.0\assetlibrary.preview.tests.dll" id="1df20cae-d2cf-8eee-9130-44240bea287f">
      <Execution id="7ad5c24c-412c-45f2-b25c-93213161e5a5" />
      <TestMethod codeBase="C:\YOKI\Codex\AssetLibrary-worktrees\V03-026\tests\dotnet\AssetLibrary.Preview.Tests\bin\Release\net10.0\AssetLibrary.Preview.Tests.dll" adapterTypeName="executor://mstestadapter/v4" className="AssetLibrary.Preview.Tests.ImageContainerProtocolTests" name="InvalidRequestsNeverReachAChild" />
    </UnitTest>
    <UnitTest name="RelayCopiesOnlyTheDeclaredSourceAndRejectsTruncation" storage="c:\yoki\codex\assetlibrary-worktrees\v03-026\tests\dotnet\assetlibrary.preview.tests\bin\release\net10.0\assetlibrary.preview.tests.dll" id="11b412b3-4759-8d5a-b77c-209150b3b2d2">
      <Execution id="2ec4963c-4634-4289-8164-5c734ee220e3" />
      <TestMethod codeBase="C:\YOKI\Codex\AssetLibrary-worktrees\V03-026\tests\dotnet\AssetLibrary.Preview.Tests\bin\Release\net10.0\AssetLibrary.Preview.Tests.dll" adapterTypeName="executor://mstestadapter/v4" className="AssetLibrary.Preview.Tests.ImageContainerProtocolTests" name="RelayCopiesOnlyTheDeclaredSourceAndRejectsTruncation" />
    </UnitTest>
    <UnitTest name="FailureFramesCannotCarryPixelsOrProfile (4)" storage="c:\yoki\codex\assetlibrary-worktrees\v03-026\tests\dotnet\assetlibrary.preview.tests\bin\release\net10.0\assetlibrary.preview.tests.dll" id="17f23d1d-1c45-8427-bcaa-89da6dbecded">
      <Execution id="2654c5ff-c019-4e35-8097-d0057872fd14" />
      <TestMethod codeBase="C:\YOKI\Codex\AssetLibrary-worktrees\V03-026\tests\dotnet\AssetLibrary.Preview.Tests\bin\Release\net10.0\AssetLibrary.Preview.Tests.dll" adapterTypeName="executor://mstestadapter/v4" className="AssetLibrary.Preview.Tests.ImageContainerProtocolTests" name="FailureFramesCannotCarryPixelsOrProfile" />
    </UnitTest>
    <UnitTest name="FailureFramesCannotCarryPixelsOrProfile (7)" storage="c:\yoki\codex\assetlibrary-worktrees\v03-026\tests\dotnet\assetlibrary.preview.tests\bin\release\net10.0\assetlibrary.preview.tests.dll" id="11e402a9-2815-8539-9c4c-b44bbecc1de9">
      <Execution id="8763c52d-70ec-4d7a-ab9e-2c516c53347e" />
      <TestMethod codeBase="C:\YOKI\Codex\AssetLibrary-worktrees\V03-026\tests\dotnet\AssetLibrary.Preview.Tests\bin\Release\net10.0\AssetLibrary.Preview.Tests.dll" adapterTypeName="executor://mstestadapter/v4" className="AssetLibrary.Preview.Tests.ImageContainerProtocolTests" name="FailureFramesCannotCarryPixelsOrProfile" />
    </UnitTest>
    <UnitTest name="FixedSourceHeaderAndExactCopyPreserveTheDisconnectMonitorByte" storage="c:\yoki\codex\assetlibrary-worktrees\v03-026\tests\dotnet\assetlibrary.preview.tests\bin\release\net10.0\assetlibrary.preview.tests.dll" id="18e40c80-7880-8695-bdbd-56bdefe87600">
      <Execution id="697aa0ee-9cbf-4bd6-9df2-ea0fdf070c0e" />
      <TestMethod codeBase="C:\YOKI\Codex\AssetLibrary-worktrees\V03-026\tests\dotnet\AssetLibrary.Preview.Tests\bin\Release\net10.0\AssetLibrary.Preview.Tests.dll" adapterTypeName="executor://mstestadapter/v4" className="AssetLibrary.Preview.Tests.ImageContainerProtocolTests" name="FixedSourceHeaderAndExactCopyPreserveTheDisconnectMonitorByte" />
    </UnitTest>
    <UnitTest name="ADeadlineRetainsTheBudgetWhileObservedCancellationCanRecover (False,False,True)" storage="c:\yoki\codex\assetlibrary-worktrees\v03-026\tests\dotnet\assetlibrary.preview.tests\bin\release\net10.0\assetlibrary.preview.tests.dll" id="1958dddc-2566-88c0-982a-018d21496c4c">
      <Execution id="06b5ba03-79f1-4067-b326-4c35564a830c" />
      <TestMethod codeBase="C:\YOKI\Codex\AssetLibrary-worktrees\V03-026\tests\dotnet\AssetLibrary.Preview.Tests\bin\Release\net10.0\AssetLibrary.Preview.Tests.dll" adapterTypeName="executor://mstestadapter/v4" className="AssetLibrary.Preview.Tests.ImageContainerStateTests" name="ADeadlineRetainsTheBudgetWhileObservedCancellationCanRecover" />
    </UnitTest>
    <UnitTest name="InvalidRequestsNeverReachAChild (2,0,33554433,0,0)" storage="c:\yoki\codex\assetlibrary-worktrees\v03-026\tests\dotnet\assetlibrary.preview.tests\bin\release\net10.0\assetlibrary.preview.tests.dll" id="1fbd6903-1a7c-818e-95b9-ef2ab4babf4b">
      <Execution id="69ff3c26-3c80-4780-8a2d-a26211768d9f" />
      <TestMethod codeBase="C:\YOKI\Codex\AssetLibrary-worktrees\V03-026\tests\dotnet\AssetLibrary.Preview.Tests\bin\Release\net10.0\AssetLibrary.Preview.Tests.dll" adapterTypeName="executor://mstestadapter/v4" className="AssetLibrary.Preview.Tests.ImageContainerProtocolTests" name="InvalidRequestsNeverReachAChild" />
    </UnitTest>
    <UnitTest name="PartialUnknownAndOutOfBudgetStatesFailClosed (&quot;0053433100000000&quot;)" storage="c:\yoki\codex\assetlibrary-worktrees\v03-026\tests\dotnet\assetlibrary.preview.tests\bin\release\net10.0\assetlibrary.preview.tests.dll" id="1771bc19-cb05-8621-87b1-adc9ffcda993">
      <Execution id="c351f978-b7e2-4315-b623-540ed7c6de58" />
      <TestMethod codeBase="C:\YOKI\Codex\AssetLibrary-worktrees\V03-026\tests\dotnet\AssetLibrary.Preview.Tests\bin\Release\net10.0\AssetLibrary.Preview.Tests.dll" adapterTypeName="executor://mstestadapter/v4" className="AssetLibrary.Preview.Tests.ImageContainerStateTests" name="PartialUnknownAndOutOfBudgetStatesFailClosed" />
    </UnitTest>
    <UnitTest name="PartialUnknownAndOutOfBudgetStatesFailClosed (&quot;&quot;)" storage="c:\yoki\codex\assetlibrary-worktrees\v03-026\tests\dotnet\assetlibrary.preview.tests\bin\release\net10.0\assetlibrary.preview.tests.dll" id="15ded27a-e7fb-89a1-8405-6933bade1c96">
      <Execution id="c728bc80-4aca-4ded-9fed-e97e6f4b4946" />
      <TestMethod codeBase="C:\YOKI\Codex\AssetLibrary-worktrees\V03-026\tests\dotnet\AssetLibrary.Preview.Tests\bin\Release\net10.0\AssetLibrary.Preview.Tests.dll" adapterTypeName="executor://mstestadapter/v4" className="AssetLibrary.Preview.Tests.ImageContainerStateTests" name="PartialUnknownAndOutOfBudgetStatesFailClosed" />
    </UnitTest>
    <UnitTest name="KernelMembershipMustResolveWithinItsActualControllerMount (&quot;/docker/owned&quot;,&quot;/sys/fs/cgroup/memory&quot;,&quot;/docker/owned&quot;,&quot;/sys/fs/cgroup/memory&quot;)" storage="c:\yoki\codex\assetlibrary-worktrees\v03-026\tests\dotnet\assetlibrary.preview.tests\bin\release\net10.0\assetlibrary.preview.tests.dll" id="1a49b7d2-f132-8dbb-8ddb-856a0774f2d6">
      <Execution id="4649f6d9-acd3-4a9b-acb3-21980275ec13" />
      <TestMethod codeBase="C:\YOKI\Codex\AssetLibrary-worktrees\V03-026\tests\dotnet\AssetLibrary.Preview.Tests\bin\Release\net10.0\AssetLibrary.Preview.Tests.dll" adapterTypeName="executor://mstestadapter/v4" className="AssetLibrary.Preview.Tests.ImageContainerMetadataTests" name="KernelMembershipMustResolveWithinItsActualControllerMount" />
    </UnitTest>
    <UnitTest name="SuccessCannotExceedEitherClosedProfile" storage="c:\yoki\codex\assetlibrary-worktrees\v03-026\tests\dotnet\assetlibrary.preview.tests\bin\release\net10.0\assetlibrary.preview.tests.dll" id="18c2875e-fa8b-8782-8bcb-284ebe6b72c5">
      <Execution id="35cfd214-3d0e-4116-a894-55548e5c34cc" />
      <TestMethod codeBase="C:\YOKI\Codex\AssetLibrary-worktrees\V03-026\tests\dotnet\AssetLibrary.Preview.Tests\bin\Release\net10.0\AssetLibrary.Preview.Tests.dll" adapterTypeName="executor://mstestadapter/v4" className="AssetLibrary.Preview.Tests.ImageContainerProtocolTests" name="SuccessCannotExceedEitherClosedProfile" />
    </UnitTest>
    <UnitTest name="EveryCredentialFieldIsRequired (&quot;CapPrm:&#x9;0000000000000000&quot;,&quot;CapPrm:&#x9;00000000000000e1&quot;)" storage="c:\yoki\codex\assetlibrary-worktrees\v03-026\tests\dotnet\assetlibrary.preview.tests\bin\release\net10.0\assetlibrary.preview.tests.dll" id="1b14c986-3d7d-8a20-b22d-39a1392c0485">
      <Execution id="7efe4183-ae49-4513-bcfd-50efaad3e055" />
      <TestMethod codeBase="C:\YOKI\Codex\AssetLibrary-worktrees\V03-026\tests\dotnet\AssetLibrary.Preview.Tests\bin\Release\net10.0\AssetLibrary.Preview.Tests.dll" adapterTypeName="executor://mstestadapter/v4" className="AssetLibrary.Preview.Tests.ImageContainerMetadataTests" name="EveryCredentialFieldIsRequired" />
    </UnitTest>
    <UnitTest name="PartialUnknownAndOutOfBudgetStatesFailClosed (&quot;4953433104000000&quot;)" storage="c:\yoki\codex\assetlibrary-worktrees\v03-026\tests\dotnet\assetlibrary.preview.tests\bin\release\net10.0\assetlibrary.preview.tests.dll" id="1bd550f3-914e-8fe3-a631-aec9012437bb">
      <Execution id="000f3cb4-ff29-4eac-be54-ec02de741e59" />
      <TestMethod codeBase="C:\YOKI\Codex\AssetLibrary-worktrees\V03-026\tests\dotnet\AssetLibrary.Preview.Tests\bin\Release\net10.0\AssetLibrary.Preview.Tests.dll" adapterTypeName="executor://mstestadapter/v4" className="AssetLibrary.Preview.Tests.ImageContainerStateTests" name="PartialUnknownAndOutOfBudgetStatesFailClosed" />
    </UnitTest>
    <UnitTest name="ADeadlineRetainsTheBudgetWhileObservedCancellationCanRecover (False,True,False)" storage="c:\yoki\codex\assetlibrary-worktrees\v03-026\tests\dotnet\assetlibrary.preview.tests\bin\release\net10.0\assetlibrary.preview.tests.dll" id="1196cca1-e559-8ac2-822a-1e27657a5480">
      <Execution id="dce6ae64-4827-4b3a-8cbb-5c7a4080b277" />
      <TestMethod codeBase="C:\YOKI\Codex\AssetLibrary-worktrees\V03-026\tests\dotnet\AssetLibrary.Preview.Tests\bin\Release\net10.0\AssetLibrary.Preview.Tests.dll" adapterTypeName="executor://mstestadapter/v4" className="AssetLibrary.Preview.Tests.ImageContainerStateTests" name="ADeadlineRetainsTheBudgetWhileObservedCancellationCanRecover" />
    </UnitTest>
    <UnitTest name="InvalidRequestsNeverReachAChild (2,2,1,0,0)" storage="c:\yoki\codex\assetlibrary-worktrees\v03-026\tests\dotnet\assetlibrary.preview.tests\bin\release\net10.0\assetlibrary.preview.tests.dll" id="1aede5e9-5c70-86fd-b52c-444cc6139971">
      <Execution id="7b5c1b07-2654-48d5-bb43-5f60fe2c1e2c" />
      <TestMethod codeBase="C:\YOKI\Codex\AssetLibrary-worktrees\V03-026\tests\dotnet\AssetLibrary.Preview.Tests\bin\Release\net10.0\AssetLibrary.Preview.Tests.dll" adapterTypeName="executor://mstestadapter/v4" className="AssetLibrary.Preview.Tests.ImageContainerProtocolTests" name="InvalidRequestsNeverReachAChild" />
    </UnitTest>
    <UnitTest name="EveryCredentialFieldIsRequired (&quot;NoNewPrivs:&#x9;1&quot;,&quot;NoNewPrivs:&#x9;0&quot;)" storage="c:\yoki\codex\assetlibrary-worktrees\v03-026\tests\dotnet\assetlibrary.preview.tests\bin\release\net10.0\assetlibrary.preview.tests.dll" id="1bbe1bee-6e3a-87a5-a3de-b89e83667245">
      <Execution id="9816b112-b96d-45b5-a296-cc12b6c47c38" />
      <TestMethod codeBase="C:\YOKI\Codex\AssetLibrary-worktrees\V03-026\tests\dotnet\AssetLibrary.Preview.Tests\bin\Release\net10.0\AssetLibrary.Preview.Tests.dll" adapterTypeName="executor://mstestadapter/v4" className="AssetLibrary.Preview.Tests.ImageContainerMetadataTests" name="EveryCredentialFieldIsRequired" />
    </UnitTest>
    <UnitTest name="EveryCredentialFieldIsRequired (&quot;Uid:&#x9;1655 1655 1655 1655&quot;,&quot;Uid:&#x9;1655 1655 1655 0&quot;)" storage="c:\yoki\codex\assetlibrary-worktrees\v03-026\tests\dotnet\assetlibrary.preview.tests\bin\release\net10.0\assetlibrary.preview.tests.dll" id="1dea10c0-dee8-8829-87e9-fa1b67035f2a">
      <Execution id="270e6bb6-dbae-453b-92c4-58124193004b" />
      <TestMethod codeBase="C:\YOKI\Codex\AssetLibrary-worktrees\V03-026\tests\dotnet\AssetLibrary.Preview.Tests\bin\Release\net10.0\AssetLibrary.Preview.Tests.dll" adapterTypeName="executor://mstestadapter/v4" className="AssetLibrary.Preview.Tests.ImageContainerMetadataTests" name="EveryCredentialFieldIsRequired" />
    </UnitTest>
    <UnitTest name="KernelMembershipMustResolveWithinItsActualControllerMount (&quot;/&quot;,&quot;/sys/fs/cgroup-foreign&quot;,&quot;/&quot;,null)" storage="c:\yoki\codex\assetlibrary-worktrees\v03-026\tests\dotnet\assetlibrary.preview.tests\bin\release\net10.0\assetlibrary.preview.tests.dll" id="11a4a99a-4a11-8dbe-894b-cd2ef558d734">
      <Execution id="2330a061-c4df-4749-a5ad-7961276604cf" />
      <TestMethod codeBase="C:\YOKI\Codex\AssetLibrary-worktrees\V03-026\tests\dotnet\AssetLibrary.Preview.Tests\bin\Release\net10.0\AssetLibrary.Preview.Tests.dll" adapterTypeName="executor://mstestadapter/v4" className="AssetLibrary.Preview.Tests.ImageContainerMetadataTests" name="KernelMembershipMustResolveWithinItsActualControllerMount" />
    </UnitTest>
    <UnitTest name="EveryCredentialFieldIsRequired (&quot;CapEff:&#x9;0000000000000000&quot;,&quot;CapEff:&#x9;0000000000000001&quot;)" storage="c:\yoki\codex\assetlibrary-worktrees\v03-026\tests\dotnet\assetlibrary.preview.tests\bin\release\net10.0\assetlibrary.preview.tests.dll" id="18bc7645-05ad-8557-b2bd-6307831e3b92">
      <Execution id="b6a9290e-6383-470e-b668-149274551cba" />
      <TestMethod codeBase="C:\YOKI\Codex\AssetLibrary-worktrees\V03-026\tests\dotnet\AssetLibrary.Preview.Tests\bin\Release\net10.0\AssetLibrary.Preview.Tests.dll" adapterTypeName="executor://mstestadapter/v4" className="AssetLibrary.Preview.Tests.ImageContainerMetadataTests" name="EveryCredentialFieldIsRequired" />
    </UnitTest>
    <UnitTest name="NonIdatCopyBudgetIsIndependentOfTheWholeSourceBudget (&quot;vpAg&quot;,4194305,1510375140,False)" storage="c:\yoki\codex\assetlibrary-worktrees\v03-026\tests\dotnet\assetlibrary.preview.tests\bin\release\net10.0\assetlibrary.preview.tests.dll" id="13ab4bf5-cbb2-8975-a60f-51f12fb1955b">
      <Execution id="6883b35e-4a76-48f0-973c-de4d773b4ecf" />
      <TestMethod codeBase="C:\YOKI\Codex\AssetLibrary-worktrees\V03-026\tests\dotnet\AssetLibrary.Preview.Tests\bin\Release\net10.0\AssetLibrary.Preview.Tests.dll" adapterTypeName="executor://mstestadapter/v4" className="AssetLibrary.Preview.Tests.ImageInputPolicyTests" name="NonIdatCopyBudgetIsIndependentOfTheWholeSourceBudget" />
    </UnitTest>
    <UnitTest name="KernelMembershipMustResolveWithinItsActualControllerMount (&quot;/docker/owned&quot;,&quot;/sys/fs/cgroup/memory&quot;,&quot;/docker/other&quot;,null)" storage="c:\yoki\codex\assetlibrary-worktrees\v03-026\tests\dotnet\assetlibrary.preview.tests\bin\release\net10.0\assetlibrary.preview.tests.dll" id="10b7626d-9190-8f8a-a4f1-04b9502a028d">
      <Execution id="b7d989b8-8878-4e23-87ee-65605c3fbf46" />
      <TestMethod codeBase="C:\YOKI\Codex\AssetLibrary-worktrees\V03-026\tests\dotnet\AssetLibrary.Preview.Tests\bin\Release\net10.0\AssetLibrary.Preview.Tests.dll" adapterTypeName="executor://mstestadapter/v4" className="AssetLibrary.Preview.Tests.ImageContainerMetadataTests" name="KernelMembershipMustResolveWithinItsActualControllerMount" />
    </UnitTest>
    <UnitTest name="FailureFramesCannotCarryPixelsOrProfile (5)" storage="c:\yoki\codex\assetlibrary-worktrees\v03-026\tests\dotnet\assetlibrary.preview.tests\bin\release\net10.0\assetlibrary.preview.tests.dll" id="11430caf-c17d-833a-80f3-e606bbbc82ea">
      <Execution id="28b43dce-d950-4c2a-b560-5dc47071a3d0" />
      <TestMethod codeBase="C:\YOKI\Codex\AssetLibrary-worktrees\V03-026\tests\dotnet\AssetLibrary.Preview.Tests\bin\Release\net10.0\AssetLibrary.Preview.Tests.dll" adapterTypeName="executor://mstestadapter/v4" className="AssetLibrary.Preview.Tests.ImageContainerProtocolTests" name="FailureFramesCannotCarryPixelsOrProfile" />
    </UnitTest>
    <UnitTest name="KernelMembershipMustResolveWithinItsActualControllerMount (&quot;/&quot;,&quot;/sys/fs/cgroup/memory&quot;,&quot;/docker/owned&quot;,&quot;/sys/fs/cgroup/memory/docker/owned&quot;)" storage="c:\yoki\codex\assetlibrary-worktrees\v03-026\tests\dotnet\assetlibrary.preview.tests\bin\release\net10.0\assetlibrary.preview.tests.dll" id="1f1f793c-34f1-8451-9173-39a5aa623155">
      <Execution id="d0447e6f-c3a9-432c-bc94-84d03ef3a55a" />
      <TestMethod codeBase="C:\YOKI\Codex\AssetLibrary-worktrees\V03-026\tests\dotnet\AssetLibrary.Preview.Tests\bin\Release\net10.0\AssetLibrary.Preview.Tests.dll" adapterTypeName="executor://mstestadapter/v4" className="AssetLibrary.Preview.Tests.ImageContainerMetadataTests" name="KernelMembershipMustResolveWithinItsActualControllerMount" />
    </UnitTest>
    <UnitTest name="NonIdatCopyBudgetIsIndependentOfTheWholeSourceBudget (&quot;IDAT&quot;,8388608,2867280102,True)" storage="c:\yoki\codex\assetlibrary-worktrees\v03-026\tests\dotnet\assetlibrary.preview.tests\bin\release\net10.0\assetlibrary.preview.tests.dll" id="15d57875-4eaa-8fdd-8e4e-c2a4597e5019">
      <Execution id="f06f9f50-a8b7-40e3-b385-1ce6ae1f8bc8" />
      <TestMethod codeBase="C:\YOKI\Codex\AssetLibrary-worktrees\V03-026\tests\dotnet\AssetLibrary.Preview.Tests\bin\Release\net10.0\AssetLibrary.Preview.Tests.dll" adapterTypeName="executor://mstestadapter/v4" className="AssetLibrary.Preview.Tests.ImageInputPolicyTests" name="NonIdatCopyBudgetIsIndependentOfTheWholeSourceBudget" />
    </UnitTest>
    <UnitTest name="FailureFramesCannotCarryPixelsOrProfile (6)" storage="c:\yoki\codex\assetlibrary-worktrees\v03-026\tests\dotnet\assetlibrary.preview.tests\bin\release\net10.0\assetlibrary.preview.tests.dll" id="136ac251-6483-8235-8f71-d996d9df21b5">
      <Execution id="91a9e589-e1bc-4592-8680-bc3a96a0a4a1" />
      <TestMethod codeBase="C:\YOKI\Codex\AssetLibrary-worktrees\V03-026\tests\dotnet\AssetLibrary.Preview.Tests\bin\Release\net10.0\AssetLibrary.Preview.Tests.dll" adapterTypeName="executor://mstestadapter/v4" className="AssetLibrary.Preview.Tests.ImageContainerProtocolTests" name="FailureFramesCannotCarryPixelsOrProfile" />
    </UnitTest>
    <UnitTest name="KernelMembershipMustResolveWithinItsActualControllerMount (&quot;/&quot;,&quot;/sys/fs/cgroup&quot;,&quot;/../other&quot;,null)" storage="c:\yoki\codex\assetlibrary-worktrees\v03-026\tests\dotnet\assetlibrary.preview.tests\bin\release\net10.0\assetlibrary.preview.tests.dll" id="194734a8-92e7-87aa-a8b5-5c0aa268fd3a">
      <Execution id="841477b2-0cbc-43c2-9bf8-8e5cf01f9ba4" />
      <TestMethod codeBase="C:\YOKI\Codex\AssetLibrary-worktrees\V03-026\tests\dotnet\AssetLibrary.Preview.Tests\bin\Release\net10.0\AssetLibrary.Preview.Tests.dll" adapterTypeName="executor://mstestadapter/v4" className="AssetLibrary.Preview.Tests.ImageContainerMetadataTests" name="KernelMembershipMustResolveWithinItsActualControllerMount" />
    </UnitTest>
    <UnitTest name="PartialUnknownAndOutOfBudgetStatesFailClosed (&quot;49534331000000&quot;)" storage="c:\yoki\codex\assetlibrary-worktrees\v03-026\tests\dotnet\assetlibrary.preview.tests\bin\release\net10.0\assetlibrary.preview.tests.dll" id="19d032ac-654d-8cee-99c3-257c6ed76bb9">
      <Execution id="feedde0f-ca93-4627-8d00-21856650c7e3" />
      <TestMethod codeBase="C:\YOKI\Codex\AssetLibrary-worktrees\V03-026\tests\dotnet\AssetLibrary.Preview.Tests\bin\Release\net10.0\AssetLibrary.Preview.Tests.dll" adapterTypeName="executor://mstestadapter/v4" className="AssetLibrary.Preview.Tests.ImageContainerStateTests" name="PartialUnknownAndOutOfBudgetStatesFailClosed" />
    </UnitTest>
    <UnitTest name="EveryCredentialFieldIsRequired (&quot;CapInh:&#x9;0000000000000000&quot;,&quot;CapInh:&#x9;0000000000000020&quot;)" storage="c:\yoki\codex\assetlibrary-worktrees\v03-026\tests\dotnet\assetlibrary.preview.tests\bin\release\net10.0\assetlibrary.preview.tests.dll" id="1694b4c8-743e-87cb-9ec3-688143f64ccf">
      <Execution id="ab1c74ea-6fd5-41f6-836e-5707ba771540" />
      <TestMethod codeBase="C:\YOKI\Codex\AssetLibrary-worktrees\V03-026\tests\dotnet\AssetLibrary.Preview.Tests\bin\Release\net10.0\AssetLibrary.Preview.Tests.dll" adapterTypeName="executor://mstestadapter/v4" className="AssetLibrary.Preview.Tests.ImageContainerMetadataTests" name="EveryCredentialFieldIsRequired" />
    </UnitTest>
    <UnitTest name="InvalidRequestsNeverReachAChild (2,1,1,1,0)" storage="c:\yoki\codex\assetlibrary-worktrees\v03-026\tests\dotnet\assetlibrary.preview.tests\bin\release\net10.0\assetlibrary.preview.tests.dll" id="17da7a04-edd0-885e-988d-1473f9b68212">
      <Execution id="5d6dea9f-f8c5-47cc-9229-e875a9d2f03c" />
      <TestMethod codeBase="C:\YOKI\Codex\AssetLibrary-worktrees\V03-026\tests\dotnet\AssetLibrary.Preview.Tests\bin\Release\net10.0\AssetLibrary.Preview.Tests.dll" adapterTypeName="executor://mstestadapter/v4" className="AssetLibrary.Preview.Tests.ImageContainerProtocolTests" name="InvalidRequestsNeverReachAChild" />
    </UnitTest>
    <UnitTest name="NonIdatCopyBudgetIsIndependentOfTheWholeSourceBudget (&quot;vpAg&quot;,4194304,214667224,True)" storage="c:\yoki\codex\assetlibrary-worktrees\v03-026\tests\dotnet\assetlibrary.preview.tests\bin\release\net10.0\assetlibrary.preview.tests.dll" id="1215661f-ee1f-8559-801b-89436be22680">
      <Execution id="1f74639f-6dfe-4328-b8c0-453202050ff7" />
      <TestMethod codeBase="C:\YOKI\Codex\AssetLibrary-worktrees\V03-026\tests\dotnet\AssetLibrary.Preview.Tests\bin\Release\net10.0\AssetLibrary.Preview.Tests.dll" adapterTypeName="executor://mstestadapter/v4" className="AssetLibrary.Preview.Tests.ImageInputPolicyTests" name="NonIdatCopyBudgetIsIndependentOfTheWholeSourceBudget" />
    </UnitTest>
    <UnitTest name="ThreeUnfinishedAttemptsSurviveRestartAndDoNotAdmitAFourth" storage="c:\yoki\codex\assetlibrary-worktrees\v03-026\tests\dotnet\assetlibrary.preview.tests\bin\release\net10.0\assetlibrary.preview.tests.dll" id="1ec1ed7b-80b2-825b-a9d1-c84b55e85676">
      <Execution id="8dbccd55-874f-4530-96a5-194c9d3fa158" />
      <TestMethod codeBase="C:\YOKI\Codex\AssetLibrary-worktrees\V03-026\tests\dotnet\AssetLibrary.Preview.Tests\bin\Release\net10.0\AssetLibrary.Preview.Tests.dll" adapterTypeName="executor://mstestadapter/v4" className="AssetLibrary.Preview.Tests.ImageContainerStateTests" name="ThreeUnfinishedAttemptsSurviveRestartAndDoNotAdmitAFourth" />
    </UnitTest>
    <UnitTest name="NonIdatCopyBudgetIsIndependentOfTheWholeSourceBudget (&quot;tEXt&quot;,4194305,1290443458,False)" storage="c:\yoki\codex\assetlibrary-worktrees\v03-026\tests\dotnet\assetlibrary.preview.tests\bin\release\net10.0\assetlibrary.preview.tests.dll" id="141b12c5-44ac-8823-b2a5-02fae4620cc1">
      <Execution id="b47bd1f6-8ac1-4d38-8947-8b0c130dc508" />
      <TestMethod codeBase="C:\YOKI\Codex\AssetLibrary-worktrees\V03-026\tests\dotnet\AssetLibrary.Preview.Tests\bin\Release\net10.0\AssetLibrary.Preview.Tests.dll" adapterTypeName="executor://mstestadapter/v4" className="AssetLibrary.Preview.Tests.ImageInputPolicyTests" name="NonIdatCopyBudgetIsIndependentOfTheWholeSourceBudget" />
    </UnitTest>
    <UnitTest name="PartialUnknownAndOutOfBudgetStatesFailClosed (&quot;49534331ffffffff&quot;)" storage="c:\yoki\codex\assetlibrary-worktrees\v03-026\tests\dotnet\assetlibrary.preview.tests\bin\release\net10.0\assetlibrary.preview.tests.dll" id="172a3116-59b5-80eb-ab5d-839f2c282cd9">
      <Execution id="50bc4c6e-ce37-4ab3-af1e-bbe72c6b3548" />
      <TestMethod codeBase="C:\YOKI\Codex\AssetLibrary-worktrees\V03-026\tests\dotnet\AssetLibrary.Preview.Tests\bin\Release\net10.0\AssetLibrary.Preview.Tests.dll" adapterTypeName="executor://mstestadapter/v4" className="AssetLibrary.Preview.Tests.ImageContainerStateTests" name="PartialUnknownAndOutOfBudgetStatesFailClosed" />
    </UnitTest>
    <UnitTest name="InvalidRequestsNeverReachAChild (1,0,1,0,0)" storage="c:\yoki\codex\assetlibrary-worktrees\v03-026\tests\dotnet\assetlibrary.preview.tests\bin\release\net10.0\assetlibrary.preview.tests.dll" id="1756fbec-c21c-82a8-999d-f2e69ff0cd37">
      <Execution id="6a6058e7-e02b-4677-93ad-159f41c55ac2" />
      <TestMethod codeBase="C:\YOKI\Codex\AssetLibrary-worktrees\V03-026\tests\dotnet\AssetLibrary.Preview.Tests\bin\Release\net10.0\AssetLibrary.Preview.Tests.dll" adapterTypeName="executor://mstestadapter/v4" className="AssetLibrary.Preview.Tests.ImageContainerProtocolTests" name="InvalidRequestsNeverReachAChild" />
    </UnitTest>
    <UnitTest name="EveryCredentialFieldIsRequired (&quot;Gid:&#x9;1655 1655 1655 1655&quot;,&quot;Gid:&#x9;1655 1655 0 1655&quot;)" storage="c:\yoki\codex\assetlibrary-worktrees\v03-026\tests\dotnet\assetlibrary.preview.tests\bin\release\net10.0\assetlibrary.preview.tests.dll" id="14035828-47ff-8e98-99cd-b525128b3125">
      <Execution id="c30c57bd-dc47-465e-816f-5c34f009778e" />
      <TestMethod codeBase="C:\YOKI\Codex\AssetLibrary-worktrees\V03-026\tests\dotnet\AssetLibrary.Preview.Tests\bin\Release\net10.0\AssetLibrary.Preview.Tests.dll" adapterTypeName="executor://mstestadapter/v4" className="AssetLibrary.Preview.Tests.ImageContainerMetadataTests" name="EveryCredentialFieldIsRequired" />
    </UnitTest>
  </TestDefinitions>
  <TestEntries>
    <TestEntry testId="1df20cae-d2cf-8eee-9130-44240bea287f" executionId="7ad5c24c-412c-45f2-b25c-93213161e5a5" testListId="8c84fa94-04c1-424b-9868-57a2d4851a1d" />
    <TestEntry testId="18c2875e-fa8b-8782-8bcb-284ebe6b72c5" executionId="35cfd214-3d0e-4116-a894-55548e5c34cc" testListId="8c84fa94-04c1-424b-9868-57a2d4851a1d" />
    <TestEntry testId="11a4a99a-4a11-8dbe-894b-cd2ef558d734" executionId="2330a061-c4df-4749-a5ad-7961276604cf" testListId="8c84fa94-04c1-424b-9868-57a2d4851a1d" />
    <TestEntry testId="135e52a2-ae32-8c6a-a5a7-8be3e4145563" executionId="84c7e1cb-5b3f-44af-9bea-f46e25dffd92" testListId="8c84fa94-04c1-424b-9868-57a2d4851a1d" />
    <TestEntry testId="1215661f-ee1f-8559-801b-89436be22680" executionId="1f74639f-6dfe-4328-b8c0-453202050ff7" testListId="8c84fa94-04c1-424b-9868-57a2d4851a1d" />
    <TestEntry testId="1a49b7d2-f132-8dbb-8ddb-856a0774f2d6" executionId="4649f6d9-acd3-4a9b-acb3-21980275ec13" testListId="8c84fa94-04c1-424b-9868-57a2d4851a1d" />
    <TestEntry testId="14035828-47ff-8e98-99cd-b525128b3125" executionId="c30c57bd-dc47-465e-816f-5c34f009778e" testListId="8c84fa94-04c1-424b-9868-57a2d4851a1d" />
    <TestEntry testId="1aede5e9-5c70-86fd-b52c-444cc6139971" executionId="7b5c1b07-2654-48d5-bb43-5f60fe2c1e2c" testListId="8c84fa94-04c1-424b-9868-57a2d4851a1d" />
    <TestEntry testId="15d57875-4eaa-8fdd-8e4e-c2a4597e5019" executionId="f06f9f50-a8b7-40e3-b385-1ce6ae1f8bc8" testListId="8c84fa94-04c1-424b-9868-57a2d4851a1d" />
    <TestEntry testId="1694b4c8-743e-87cb-9ec3-688143f64ccf" executionId="ab1c74ea-6fd5-41f6-836e-5707ba771540" testListId="8c84fa94-04c1-424b-9868-57a2d4851a1d" />
    <TestEntry testId="15ded27a-e7fb-89a1-8405-6933bade1c96" executionId="c728bc80-4aca-4ded-9fed-e97e6f4b4946" testListId="8c84fa94-04c1-424b-9868-57a2d4851a1d" />
    <TestEntry testId="194734a8-92e7-87aa-a8b5-5c0aa268fd3a" executionId="841477b2-0cbc-43c2-9bf8-8e5cf01f9ba4" testListId="8c84fa94-04c1-424b-9868-57a2d4851a1d" />
    <TestEntry testId="17da7a04-edd0-885e-988d-1473f9b68212" executionId="5d6dea9f-f8c5-47cc-9229-e875a9d2f03c" testListId="8c84fa94-04c1-424b-9868-57a2d4851a1d" />
    <TestEntry testId="1ec1ed7b-80b2-825b-a9d1-c84b55e85676" executionId="8dbccd55-874f-4530-96a5-194c9d3fa158" testListId="8c84fa94-04c1-424b-9868-57a2d4851a1d" />
    <TestEntry testId="1196cca1-e559-8ac2-822a-1e27657a5480" executionId="dce6ae64-4827-4b3a-8cbb-5c7a4080b277" testListId="8c84fa94-04c1-424b-9868-57a2d4851a1d" />
    <TestEntry testId="141b12c5-44ac-8823-b2a5-02fae4620cc1" executionId="b47bd1f6-8ac1-4d38-8947-8b0c130dc508" testListId="8c84fa94-04c1-424b-9868-57a2d4851a1d" />
    <TestEntry testId="136ac251-6483-8235-8f71-d996d9df21b5" executionId="91a9e589-e1bc-4592-8680-bc3a96a0a4a1" testListId="8c84fa94-04c1-424b-9868-57a2d4851a1d" />
    <TestEntry testId="13ab4bf5-cbb2-8975-a60f-51f12fb1955b" executionId="6883b35e-4a76-48f0-973c-de4d773b4ecf" testListId="8c84fa94-04c1-424b-9868-57a2d4851a1d" />
    <TestEntry testId="18e40c80-7880-8695-bdbd-56bdefe87600" executionId="697aa0ee-9cbf-4bd6-9df2-ea0fdf070c0e" testListId="8c84fa94-04c1-424b-9868-57a2d4851a1d" />
    <TestEntry testId="1771bc19-cb05-8621-87b1-adc9ffcda993" executionId="c351f978-b7e2-4315-b623-540ed7c6de58" testListId="8c84fa94-04c1-424b-9868-57a2d4851a1d" />
    <TestEntry testId="1abab2f8-34e5-837a-b290-e7e9f36f1d94" executionId="209b4b93-f3ba-4e71-ba0d-65a91a7aeeca" testListId="8c84fa94-04c1-424b-9868-57a2d4851a1d" />
    <TestEntry testId="1fbd6903-1a7c-818e-95b9-ef2ab4babf4b" executionId="69ff3c26-3c80-4780-8a2d-a26211768d9f" testListId="8c84fa94-04c1-424b-9868-57a2d4851a1d" />
    <TestEntry testId="1756fbec-c21c-82a8-999d-f2e69ff0cd37" executionId="6a6058e7-e02b-4677-93ad-159f41c55ac2" testListId="8c84fa94-04c1-424b-9868-57a2d4851a1d" />
    <TestEntry testId="1958dddc-2566-88c0-982a-018d21496c4c" executionId="06b5ba03-79f1-4067-b326-4c35564a830c" testListId="8c84fa94-04c1-424b-9868-57a2d4851a1d" />
    <TestEntry testId="17f23d1d-1c45-8427-bcaa-89da6dbecded" executionId="2654c5ff-c019-4e35-8097-d0057872fd14" testListId="8c84fa94-04c1-424b-9868-57a2d4851a1d" />
    <TestEntry testId="1b09926b-bd9a-8e6a-b5d8-61ef54cf946e" executionId="07402199-fdc3-4e48-afd0-8e115f37938e" testListId="8c84fa94-04c1-424b-9868-57a2d4851a1d" />
    <TestEntry testId="11e402a9-2815-8539-9c4c-b44bbecc1de9" executionId="8763c52d-70ec-4d7a-ab9e-2c516c53347e" testListId="8c84fa94-04c1-424b-9868-57a2d4851a1d" />
    <TestEntry testId="1dea10c0-dee8-8829-87e9-fa1b67035f2a" executionId="270e6bb6-dbae-453b-92c4-58124193004b" testListId="8c84fa94-04c1-424b-9868-57a2d4851a1d" />
    <TestEntry testId="10b7626d-9190-8f8a-a4f1-04b9502a028d" executionId="b7d989b8-8878-4e23-87ee-65605c3fbf46" testListId="8c84fa94-04c1-424b-9868-57a2d4851a1d" />
    <TestEntry testId="1bd550f3-914e-8fe3-a631-aec9012437bb" executionId="000f3cb4-ff29-4eac-be54-ec02de741e59" testListId="8c84fa94-04c1-424b-9868-57a2d4851a1d" />
    <TestEntry testId="19d032ac-654d-8cee-99c3-257c6ed76bb9" executionId="feedde0f-ca93-4627-8d00-21856650c7e3" testListId="8c84fa94-04c1-424b-9868-57a2d4851a1d" />
    <TestEntry testId="11430caf-c17d-833a-80f3-e606bbbc82ea" executionId="28b43dce-d950-4c2a-b560-5dc47071a3d0" testListId="8c84fa94-04c1-424b-9868-57a2d4851a1d" />
    <TestEntry testId="1f1f793c-34f1-8451-9173-39a5aa623155" executionId="d0447e6f-c3a9-432c-bc94-84d03ef3a55a" testListId="8c84fa94-04c1-424b-9868-57a2d4851a1d" />
    <TestEntry testId="1bbe1bee-6e3a-87a5-a3de-b89e83667245" executionId="9816b112-b96d-45b5-a296-cc12b6c47c38" testListId="8c84fa94-04c1-424b-9868-57a2d4851a1d" />
    <TestEntry testId="11b412b3-4759-8d5a-b77c-209150b3b2d2" executionId="2ec4963c-4634-4289-8164-5c734ee220e3" testListId="8c84fa94-04c1-424b-9868-57a2d4851a1d" />
    <TestEntry testId="18bc7645-05ad-8557-b2bd-6307831e3b92" executionId="b6a9290e-6383-470e-b668-149274551cba" testListId="8c84fa94-04c1-424b-9868-57a2d4851a1d" />
    <TestEntry testId="172a3116-59b5-80eb-ab5d-839f2c282cd9" executionId="50bc4c6e-ce37-4ab3-af1e-bbe72c6b3548" testListId="8c84fa94-04c1-424b-9868-57a2d4851a1d" />
    <TestEntry testId="1b14c986-3d7d-8a20-b22d-39a1392c0485" executionId="7efe4183-ae49-4513-bcfd-50efaad3e055" testListId="8c84fa94-04c1-424b-9868-57a2d4851a1d" />
  </TestEntries>
  <TestLists>
    <TestList name="列表中未列出的结果" id="8c84fa94-04c1-424b-9868-57a2d4851a1d" />
    <TestList name="所有已加载的结果" id="19431567-8539-422a-85d7-44ee4e166bda" />
  </TestLists>
  <ResultSummary outcome="Completed">
    <Counters total="38" executed="38" passed="38" failed="0" error="0" timeout="0" aborted="0" inconclusive="0" passedButRunAborted="0" notRunnable="0" notExecuted="0" disconnected="0" warning="0" completed="0" inProgress="0" pending="0" />
  </ResultSummary>
</TestRun>